Archive member included to satisfy reference by file (symbol)

c:/program files (x86)/atmel/studio/7.0/toolchain/arm/arm-gnu-toolchain/bin/../lib/gcc/arm-none-eabi/6.2.1/../../../../arm-none-eabi/lib/thumb/v7e-m\libm.a(lib_a-sf_sin.o)
                              src/microphone.o (sinf)
c:/program files (x86)/atmel/studio/7.0/toolchain/arm/arm-gnu-toolchain/bin/../lib/gcc/arm-none-eabi/6.2.1/../../../../arm-none-eabi/lib/thumb/v7e-m\libm.a(lib_a-ef_rem_pio2.o)
                              c:/program files (x86)/atmel/studio/7.0/toolchain/arm/arm-gnu-toolchain/bin/../lib/gcc/arm-none-eabi/6.2.1/../../../../arm-none-eabi/lib/thumb/v7e-m\libm.a(lib_a-sf_sin.o) (__ieee754_rem_pio2f)
c:/program files (x86)/atmel/studio/7.0/toolchain/arm/arm-gnu-toolchain/bin/../lib/gcc/arm-none-eabi/6.2.1/../../../../arm-none-eabi/lib/thumb/v7e-m\libm.a(lib_a-kf_cos.o)
                              c:/program files (x86)/atmel/studio/7.0/toolchain/arm/arm-gnu-toolchain/bin/../lib/gcc/arm-none-eabi/6.2.1/../../../../arm-none-eabi/lib/thumb/v7e-m\libm.a(lib_a-sf_sin.o) (__kernel_cosf)
c:/program files (x86)/atmel/studio/7.0/toolchain/arm/arm-gnu-toolchain/bin/../lib/gcc/arm-none-eabi/6.2.1/../../../../arm-none-eabi/lib/thumb/v7e-m\libm.a(lib_a-kf_rem_pio2.o)
                              c:/program files (x86)/atmel/studio/7.0/toolchain/arm/arm-gnu-toolchain/bin/../lib/gcc/arm-none-eabi/6.2.1/../../../../arm-none-eabi/lib/thumb/v7e-m\libm.a(lib_a-ef_rem_pio2.o) (__kernel_rem_pio2f)
c:/program files (x86)/atmel/studio/7.0/toolchain/arm/arm-gnu-toolchain/bin/../lib/gcc/arm-none-eabi/6.2.1/../../../../arm-none-eabi/lib/thumb/v7e-m\libm.a(lib_a-kf_sin.o)
                              c:/program files (x86)/atmel/studio/7.0/toolchain/arm/arm-gnu-toolchain/bin/../lib/gcc/arm-none-eabi/6.2.1/../../../../arm-none-eabi/lib/thumb/v7e-m\libm.a(lib_a-sf_sin.o) (__kernel_sinf)
c:/program files (x86)/atmel/studio/7.0/toolchain/arm/arm-gnu-toolchain/bin/../lib/gcc/arm-none-eabi/6.2.1/../../../../arm-none-eabi/lib/thumb/v7e-m\libm.a(lib_a-sf_fabs.o)
                              c:/program files (x86)/atmel/studio/7.0/toolchain/arm/arm-gnu-toolchain/bin/../lib/gcc/arm-none-eabi/6.2.1/../../../../arm-none-eabi/lib/thumb/v7e-m\libm.a(lib_a-ef_rem_pio2.o) (fabsf)
c:/program files (x86)/atmel/studio/7.0/toolchain/arm/arm-gnu-toolchain/bin/../lib/gcc/arm-none-eabi/6.2.1/../../../../arm-none-eabi/lib/thumb/v7e-m\libm.a(lib_a-sf_floor.o)
                              c:/program files (x86)/atmel/studio/7.0/toolchain/arm/arm-gnu-toolchain/bin/../lib/gcc/arm-none-eabi/6.2.1/../../../../arm-none-eabi/lib/thumb/v7e-m\libm.a(lib_a-kf_rem_pio2.o) (floorf)
c:/program files (x86)/atmel/studio/7.0/toolchain/arm/arm-gnu-toolchain/bin/../lib/gcc/arm-none-eabi/6.2.1/../../../../arm-none-eabi/lib/thumb/v7e-m\libm.a(lib_a-sf_scalbn.o)
                              c:/program files (x86)/atmel/studio/7.0/toolchain/arm/arm-gnu-toolchain/bin/../lib/gcc/arm-none-eabi/6.2.1/../../../../arm-none-eabi/lib/thumb/v7e-m\libm.a(lib_a-kf_rem_pio2.o) (scalbnf)
c:/program files (x86)/atmel/studio/7.0/toolchain/arm/arm-gnu-toolchain/bin/../lib/gcc/arm-none-eabi/6.2.1/../../../../arm-none-eabi/lib/thumb/v7e-m\libm.a(lib_a-sf_copysign.o)
                              c:/program files (x86)/atmel/studio/7.0/toolchain/arm/arm-gnu-toolchain/bin/../lib/gcc/arm-none-eabi/6.2.1/../../../../arm-none-eabi/lib/thumb/v7e-m\libm.a(lib_a-sf_scalbn.o) (copysignf)
c:/program files (x86)/atmel/studio/7.0/toolchain/arm/arm-gnu-toolchain/bin/../lib/gcc/arm-none-eabi/6.2.1/thumb/v7e-m\libgcc.a(_arm_addsubdf3.o)
                              src/microphone.o (__aeabi_ui2d)
c:/program files (x86)/atmel/studio/7.0/toolchain/arm/arm-gnu-toolchain/bin/../lib/gcc/arm-none-eabi/6.2.1/thumb/v7e-m\libgcc.a(_arm_muldivdf3.o)
                              src/microphone.o (__aeabi_dmul)
c:/program files (x86)/atmel/studio/7.0/toolchain/arm/arm-gnu-toolchain/bin/../lib/gcc/arm-none-eabi/6.2.1/thumb/v7e-m\libgcc.a(_arm_truncdfsf2.o)
                              src/microphone.o (__aeabi_d2f)
c:/program files (x86)/atmel/studio/7.0/toolchain/arm/arm-gnu-toolchain/bin/../lib/gcc/arm-none-eabi/6.2.1/thumb/v7e-m\libgcc.a(_arm_addsubsf3.o)
                              c:/program files (x86)/atmel/studio/7.0/toolchain/arm/arm-gnu-toolchain/bin/../lib/gcc/arm-none-eabi/6.2.1/../../../../arm-none-eabi/lib/thumb/v7e-m\libm.a(lib_a-sf_sin.o) (__aeabi_fsub)
c:/program files (x86)/atmel/studio/7.0/toolchain/arm/arm-gnu-toolchain/bin/../lib/gcc/arm-none-eabi/6.2.1/thumb/v7e-m\libgcc.a(_arm_muldivsf3.o)
                              src/microphone.o (__aeabi_fmul)
c:/program files (x86)/atmel/studio/7.0/toolchain/arm/arm-gnu-toolchain/bin/../lib/gcc/arm-none-eabi/6.2.1/thumb/v7e-m\libgcc.a(_arm_cmpsf2.o)
[...]
Memory Configuration

Name             Origin             Length             Attributes
rom              0x00400000         0x00080000         xr
ram              0x20000000         0x00020000         xrw
*default*        0x00000000         0xffffffff

Linker script and memory map

LOAD c:/program files (x86)/atmel/studio/7.0/toolchain/arm/arm-gnu-toolchain/bin/../lib/gcc/arm-none-eabi/6.2.1/thumb/v7e-m/crti.o
LOAD c:/program files (x86)/atmel/studio/7.0/toolchain/arm/arm-gnu-toolchain/bin/../lib/gcc/arm-none-eabi/6.2.1/thumb/v7e-m/crtbegin.o
LOAD c:/program files (x86)/atmel/studio/7.0/toolchain/arm/arm-gnu-toolchain/bin/../lib/gcc/arm-none-eabi/6.2.1/../../../../arm-none-eabi/lib/thumb/v7e-m/crt0.o
LOAD src/ASF/sam/drivers/pdc/pdc.o
LOAD src/ASF/sam/drivers/ssc/ssc.o
LOAD src/ASF/sam/drivers/tc/tc.o
LOAD src/ASF/sam/drivers/wdt/wdt.o
LOAD src/microphone.o
LOAD src/ASF/common/services/delay/sam/cycle_counter.o
LOAD src/ASF/sam/drivers/pio/pio_handler.o
LOAD src/ASF/sam/drivers/twi/twi.o
LOAD src/ASF/sam/drivers/usart/usart.o
LOAD src/camera.o
LOAD src/ov2640.o
LOAD src/ov2640_table_registers.o
LOAD src/timer_interface.o
LOAD src/wifi.o
LOAD src/ASF/common/services/serial/usart_serial.o
LOAD src/ASF/common/services/clock/sam4s/sysclk.o
LOAD src/ASF/sam/drivers/pio/pio.o
LOAD src/ASF/sam/drivers/pmc/pmc.o
LOAD src/ASF/sam/drivers/uart/uart.o
LOAD src/ASF/sam/drivers/pmc/sleep.o
LOAD src/ASF/common/boards/user_board/init.o
LOAD src/ASF/common/utils/interrupt/interrupt_sam_nvic.o
LOAD src/ASF/sam/utils/cmsis/sam4s/source/templates/gcc/startup_sam4s.o
LOAD src/ASF/sam/utils/cmsis/sam4s/source/templates/system_sam4s.o
LOAD src/ASF/sam/utils/syscalls/gcc/syscalls.o
LOAD src/main.o
START GROUP
LOAD ../src/ASF/thirdparty/CMSIS/Lib/GCC\libarm_cortexM4l_math.a
LOAD c:/program files (x86)/atmel/studio/7.0/toolchain/arm/arm-gnu-toolchain/bin/../lib/gcc/arm-none-eabi/6.2.1/../../../../arm-none-eabi/lib/thumb/v7e-m\libm.a
END GROUP
START GROUP
LOAD c:/program files (x86)/atmel/studio/7.0/toolchain/arm/arm-gnu-toolchain/bin/../lib/gcc/arm-none-eabi/6.2.1/thumb/v7e-m\libgcc.a
LOAD c:/program files (x86)/atmel/studio/7.0/toolchain/arm/arm-gnu-toolchain/bin/../lib/gcc/arm-none-eabi/6.2.1/../../../../arm-none-eabi/lib/thumb/v7e-m\libc.a
END GROUP
LOAD c:/program files (x86)/atmel/studio/7.0/toolchain/arm/arm-gnu-toolchain/bin/../lib/gcc/arm-none-eabi/6.2.1/thumb/v7e-m/crtend.o
LOAD c:/program files (x86)/atmel/studio/7.0/toolchain/arm/arm-gnu-toolchain/bin/../lib/gcc/arm-none-eabi/6.2.1/thumb/v7e-m/crtn.o
                0x00003000                __stack_size__ = DEFINED (__stack_size__)?__stack_size__:0x3000
                0x2001fffc                __ram_end__ = ((ORIGIN (ram) + LENGTH (ram)) - 0x4)

.text           0x00400000     0x2f94
                0x00400000                . = ALIGN (0x4)
                0x00400000                _sfixed = .
 *(.vectors .vectors.*)
 .vectors       0x00400000       0xcc src/ASF/sam/utils/cmsis/sam4s/source/templates/gcc/startup_sam4s.o
                0x00400000                exception_table
 *(.text .text.* .gnu.linkonce.t.*)
 .text          0x004000cc       0x6c c:/program files (x86)/atmel/studio/7.0/toolchain/arm/arm-gnu-toolchain/bin/../lib/gcc/arm-none-eabi/6.2.1/thumb/v7e-m/crtbegin.o
 .text.ssc_set_clock_divider
                0x00400138       0x3e src/ASF/sam/drivers/ssc/ssc.o
                0x00400138                ssc_set_clock_divider
 *fill*         0x00400176        0x2 
 .text.ssc_i2s_set_receiver
                0x00400178       0xfc src/ASF/sam/drivers/ssc/ssc.o
                0x00400178                ssc_i2s_set_receiver
 .text.ssc_reset
                0x00400274       0x38 src/ASF/sam/drivers/ssc/ssc.o
                0x00400274                ssc_reset
 .text.ssc_enable_rx
                0x004002ac       0x18 src/ASF/sam/drivers/ssc/ssc.o
                0x004002ac                ssc_enable_rx
 .text.ssc_set_receiver
                0x004002c4       0xb0 src/ASF/sam/drivers/ssc/ssc.o
                0x004002c4                ssc_set_receiver
 .text.ssc_enable_interrupt
                0x00400374       0x1a src/ASF/sam/drivers/ssc/ssc.o
                0x00400374                ssc_enable_interrupt
 .text.ssc_disable_interrupt
                0x0040038e       0x1a src/ASF/sam/drivers/ssc/ssc.o
                0x0040038e                ssc_disable_interrupt
 .text.ssc_get_status
                0x004003a8       0x16 src/ASF/sam/drivers/ssc/ssc.o
                0x004003a8                ssc_get_status
 .text.ssc_read
                0x004003be       0x40 src/ASF/sam/drivers/ssc/ssc.o
                0x004003be                ssc_read
 .text.tc_init  0x004003fe       0x38 src/ASF/sam/drivers/tc/tc.o
                0x004003fe                tc_init
 .text.tc_start
                0x00400436       0x20 src/ASF/sam/drivers/tc/tc.o
                0x00400436                tc_start
 .text.tc_write_rc
                0x00400456       0x24 src/ASF/sam/drivers/tc/tc.o
                0x00400456                tc_write_rc
 .text.tc_enable_interrupt
                0x0040047a       0x26 src/ASF/sam/drivers/tc/tc.o
                0x0040047a                tc_enable_interrupt
 .text.tc_get_status
                0x004004a0       0x22 src/ASF/sam/drivers/tc/tc.o
                0x004004a0                tc_get_status
 .text.tc_find_mck_divisor
                0x004004c2       0xa4 src/ASF/sam/drivers/tc/tc.o
                0x004004c2                tc_find_mck_divisor
 .text.wdt_disable
                0x00400566       0x1a src/ASF/sam/drivers/wdt/wdt.o
                0x00400566                wdt_disable
 .text.NVIC_EnableIRQ
                0x00400580       0x30 src/microphone.o
 .text.NVIC_DisableIRQ
                0x004005b0       0x34 src/microphone.o
 .text.NVIC_ClearPendingIRQ
                0x004005e4       0x34 src/microphone.o
 .text.NVIC_SetPriority
                0x00400618       0x54 src/microphone.o
 .text.osc_get_rate
                0x0040066c       0x74 src/microphone.o
 .text.sysclk_get_main_hz
                0x004006e0       0x1c src/microphone.o
 .text.sysclk_get_cpu_hz
                0x004006fc       0x14 src/microphone.o
 .text.do_it    0x00400710       0x40 src/microphone.o
                0x00400710                do_it
 .text.SSC_Handler
                0x00400750       0x68 src/microphone.o
                0x00400750                SSC_Handler
 .text.configure_i2s
                0x004007b8       0x94 src/microphone.o
                0x004007b8                configure_i2s
 .text.pio_handler_process
                0x0040084c       0xd4 src/ASF/sam/drivers/pio/pio_handler.o
                0x0040084c                pio_handler_process
 .text.PIOA_Handler
                0x00400920       0x18 src/ASF/sam/drivers/pio/pio_handler.o
                0x00400920                PIOA_Handler
 .text.PIOB_Handler
                0x00400938       0x18 src/ASF/sam/drivers/pio/pio_handler.o
                0x00400938                PIOB_Handler
 .text.usart_enable_interrupt
                0x00400950       0x1a src/ASF/sam/drivers/usart/usart.o
                0x00400950                usart_enable_interrupt
 .text.usart_disable_interrupt
                0x0040096a       0x1a src/ASF/sam/drivers/usart/usart.o
                0x0040096a                usart_disable_interrupt
 .text.usart_get_status
                0x00400984       0x16 src/ASF/sam/drivers/usart/usart.o
                0x00400984                usart_get_status
 .text.usart_putchar
                0x0040099a       0x2e src/ASF/sam/drivers/usart/usart.o
                0x0040099a                usart_putchar
 .text.usart_write_line
                0x004009c8       0x30 src/ASF/sam/drivers/usart/usart.o
                0x004009c8                usart_write_line
 .text.usart_read
                0x004009f8       0x32 src/ASF/sam/drivers/usart/usart.o
                0x004009f8                usart_read
 *fill*         0x00400a2a        0x2 
 .text.NVIC_EnableIRQ
                0x00400a2c       0x30 src/timer_interface.o
 .text.osc_get_rate
                0x00400a5c       0x74 src/timer_interface.o
 .text.sysclk_get_main_hz
                0x00400ad0       0x1c src/timer_interface.o
 .text.sysclk_get_cpu_hz
                0x00400aec       0x14 src/timer_interface.o
 .text.TC0_Handler
                0x00400b00       0x3c src/timer_interface.o
                0x00400b00                TC0_Handler
 .text.configure_tc
                0x00400b3c       0x80 src/timer_interface.o
                0x00400b3c                configure_tc
 .text.osc_get_rate
                0x00400bbc       0x74 src/wifi.o
 .text.sysclk_get_main_hz
                0x00400c30       0x1c src/wifi.o
 .text.sysclk_get_cpu_hz
                0x00400c4c       0x14 src/wifi.o
 .text.ioport_toggle_pin_level
                0x00400c60       0x6c src/wifi.o
 .text.USART0_Handler
                0x00400ccc       0x84 src/wifi.o
                0x00400ccc                USART0_Handler
 .text.write_wifi_command
                0x00400d50       0xd0 src/wifi.o
                0x00400d50                write_wifi_command
 .text.blink_LED
                0x00400e20      0x1c4 src/wifi.o
                0x00400e20                blink_LED
 .text.setup_wifi
                0x00400fe4       0xe8 src/wifi.o
                0x00400fe4                setup_wifi
 .text.osc_enable
                0x004010cc       0x88 src/ASF/common/services/clock/sam4s/sysclk.o
 .text.osc_is_ready
                0x00401154       0x70 src/ASF/common/services/clock/sam4s/sysclk.o
 .text.osc_get_rate
                0x004011c4       0x74 src/ASF/common/services/clock/sam4s/sysclk.o
 .text.osc_wait_ready
                0x00401238       0x2c src/ASF/common/services/clock/sam4s/sysclk.o
 .text.pll_config_init
                0x00401264       0x54 src/ASF/common/services/clock/sam4s/sysclk.o
 .text.pll_enable
                0x004012b8       0x44 src/ASF/common/services/clock/sam4s/sysclk.o
 .text.pll_is_locked
                0x004012fc       0x2c src/ASF/common/services/clock/sam4s/sysclk.o
 .text.pll_enable_source
                0x00401328       0x38 src/ASF/common/services/clock/sam4s/sysclk.o
 .text.pll_wait_for_lock
                0x00401360       0x24 src/ASF/common/services/clock/sam4s/sysclk.o
 .text.sysclk_get_main_hz
                0x00401384       0x1c src/ASF/common/services/clock/sam4s/sysclk.o
 .text.sysclk_get_cpu_hz
                0x004013a0       0x14 src/ASF/common/services/clock/sam4s/sysclk.o
 .text.sysclk_init
                0x004013b4       0x70 src/ASF/common/services/clock/sam4s/sysclk.o
                0x004013b4                sysclk_init
 .text.pio_pull_up
                0x00401424       0x2a src/ASF/sam/drivers/pio/pio.o
                0x00401424                pio_pull_up
 .text.pio_set_peripheral
                0x0040144e      0x10e src/ASF/sam/drivers/pio/pio.o
                0x0040144e                pio_set_peripheral
 .text.pio_set_input
                0x0040155c       0x80 src/ASF/sam/drivers/pio/pio.o
                0x0040155c                pio_set_input
 .text.pio_set_output
                0x004015dc       0x64 src/ASF/sam/drivers/pio/pio.o
                0x004015dc                pio_set_output
 .text.pio_disable_interrupt
                0x00401640       0x1a src/ASF/sam/drivers/pio/pio.o
                0x00401640                pio_disable_interrupt
 .text.pio_get_interrupt_status
                0x0040165a       0x16 src/ASF/sam/drivers/pio/pio.o
                0x0040165a                pio_get_interrupt_status
 .text.pio_get_interrupt_mask
                0x00401670       0x16 src/ASF/sam/drivers/pio/pio.o
                0x00401670                pio_get_interrupt_mask
 *fill*         0x00401686        0x2 
 .text.pio_configure_pin
                0x00401688      0x1b0 src/ASF/sam/drivers/pio/pio.o
                0x00401688                pio_configure_pin
 .text.pio_get_pin_group
                0x00401838       0x24 src/ASF/sam/drivers/pio/pio.o
                0x00401838                pio_get_pin_group
 .text.pmc_switch_mck_to_pllack
                0x0040185c       0x80 src/ASF/sam/drivers/pmc/pmc.o
                0x0040185c                pmc_switch_mck_to_pllack
 .text.pmc_switch_sclk_to_32kxtal
                0x004018dc       0x38 src/ASF/sam/drivers/pmc/pmc.o
                0x004018dc                pmc_switch_sclk_to_32kxtal
 .text.pmc_osc_is_ready_32kxtal
                0x00401914       0x34 src/ASF/sam/drivers/pmc/pmc.o
                0x00401914                pmc_osc_is_ready_32kxtal
 .text.pmc_switch_mainck_to_fastrc
                0x00401948       0x70 src/ASF/sam/drivers/pmc/pmc.o
                0x00401948                pmc_switch_mainck_to_fastrc
 .text.pmc_switch_mainck_to_xtal
                0x004019b8       0x78 src/ASF/sam/drivers/pmc/pmc.o
                0x004019b8                pmc_switch_mainck_to_xtal
 .text.pmc_osc_is_ready_mainck
                0x00401a30       0x18 src/ASF/sam/drivers/pmc/pmc.o
                0x00401a30                pmc_osc_is_ready_mainck
 .text.pmc_disable_pllack
                0x00401a48       0x18 src/ASF/sam/drivers/pmc/pmc.o
                0x00401a48                pmc_disable_pllack
 .text.pmc_is_locked_pllack
                0x00401a60       0x18 src/ASF/sam/drivers/pmc/pmc.o
                0x00401a60                pmc_is_locked_pllack
 .text.pmc_disable_pllbck
                0x00401a78       0x18 src/ASF/sam/drivers/pmc/pmc.o
                0x00401a78                pmc_disable_pllbck
 .text.pmc_is_locked_pllbck
                0x00401a90       0x18 src/ASF/sam/drivers/pmc/pmc.o
                0x00401a90                pmc_is_locked_pllbck
 .text.pmc_enable_periph_clk
                0x00401aa8       0x80 src/ASF/sam/drivers/pmc/pmc.o
                0x00401aa8                pmc_enable_periph_clk
 .text.sysclk_enable_peripheral_clock
                0x00401b28       0x1c src/ASF/common/boards/user_board/init.o
 .text.ioport_init
                0x00401b44       0x18 src/ASF/common/boards/user_board/init.o
 .text.ioport_set_pin_mode
                0x00401b5c      0x11a src/ASF/common/boards/user_board/init.o
 .text.ioport_set_pin_dir
                0x00401c76       0x86 src/ASF/common/boards/user_board/init.o
 .text.ioport_set_pin_level
                0x00401cfc       0x6a src/ASF/common/boards/user_board/init.o
 *fill*         0x00401d66        0x2 
 .text.board_init
                0x00401d68      0x13c src/ASF/common/boards/user_board/init.o
                0x00401d68                board_init
 .text.Reset_Handler
                0x00401ea4       0xc8 src/ASF/sam/utils/cmsis/sam4s/source/templates/gcc/startup_sam4s.o
                0x00401ea4                Reset_Handler
 .text.Dummy_Handler
                0x00401f6c        0x6 src/ASF/sam/utils/cmsis/sam4s/source/templates/gcc/startup_sam4s.o
                0x00401f6c                DACC_Handler
                0x00401f6c                DebugMon_Handler
                0x00401f6c                HardFault_Handler
                0x00401f6c                TC2_Handler
                0x00401f6c                SPI_Handler
                0x00401f6c                SysTick_Handler
                0x00401f6c                TWI1_Handler
                0x00401f6c                PendSV_Handler
                0x00401f6c                NMI_Handler
                0x00401f6c                ADC_Handler
                0x00401f6c                CRCCU_Handler
                0x00401f6c                RTT_Handler
                0x00401f6c                RTC_Handler
                0x00401f6c                UsageFault_Handler
                0x00401f6c                WDT_Handler
                0x00401f6c                TC1_Handler
                0x00401f6c                HSMCI_Handler
                0x00401f6c                UART1_Handler
                0x00401f6c                Dummy_Handler
                0x00401f6c                TWI0_Handler
                0x00401f6c                USART1_Handler
                0x00401f6c                EFC0_Handler
                0x00401f6c                ACC_Handler
                0x00401f6c                PMC_Handler
                0x00401f6c                PWM_Handler
                0x00401f6c                MemManage_Handler
                0x00401f6c                SUPC_Handler
                0x00401f6c                SVC_Handler
                0x00401f6c                UART0_Handler
                0x00401f6c                UDP_Handler
                0x00401f6c                BusFault_Handler
                0x00401f6c                RSTC_Handler
 *fill*         0x00401f72        0x2 
 .text.SystemCoreClockUpdate
                0x00401f74      0x198 src/ASF/sam/utils/cmsis/sam4s/source/templates/system_sam4s.o
                0x00401f74                SystemCoreClockUpdate
 .text.system_init_flash
                0x0040210c       0x94 src/ASF/sam/utils/cmsis/sam4s/source/templates/system_sam4s.o
                0x0040210c                system_init_flash
 .text.main     0x004021a0       0x54 src/main.o
                0x004021a0                main
 .text          0x004021f4       0x30 c:/program files (x86)/atmel/studio/7.0/toolchain/arm/arm-gnu-toolchain/bin/../lib/gcc/arm-none-eabi/6.2.1/thumb/v7e-m\libgcc.a(_aeabi_uldivmod.o)
                0x004021f4                __aeabi_uldivmod
 .text          0x00402224      0x2dc c:/program files (x86)/atmel/studio/7.0/toolchain/arm/arm-gnu-toolchain/bin/../lib/gcc/arm-none-eabi/6.2.1/thumb/v7e-m\libgcc.a(_udivmoddi4.o)
                0x00402224                __udivmoddi4
 .text          0x00402500        0x4 c:/program files (x86)/atmel/studio/7.0/toolchain/arm/arm-gnu-toolchain/bin/../lib/gcc/arm-none-eabi/6.2.1/thumb/v7e-m\libgcc.a(_dvmd_tls.o)
                0x00402500                __aeabi_idiv0
                0x00402500                __aeabi_ldiv0
 .text.__libc_init_array
                0x00402504       0x50 c:/program files (x86)/atmel/studio/7.0/toolchain/arm/arm-gnu-toolchain/bin/../lib/gcc/arm-none-eabi/6.2.1/../../../../arm-none-eabi/lib/thumb/v7e-m\libc.a(lib_a-init.o)
                0x00402504                __libc_init_array
 .text.memset   0x00402554       0x9c c:/program files (x86)/atmel/studio/7.0/toolchain/arm/arm-gnu-toolchain/bin/../lib/gcc/arm-none-eabi/6.2.1/../../../../arm-none-eabi/lib/thumb/v7e-m\libc.a(lib_a-memset.o)
                0x00402554                memset
 .text.critical_factorization
                0x004025f0       0xb4 c:/program files (x86)/atmel/studio/7.0/toolchain/arm/arm-gnu-toolchain/bin/../lib/gcc/arm-none-eabi/6.2.1/../../../../arm-none-eabi/lib/thumb/v7e-m\libc.a(lib_a-strstr.o)
 .text.two_way_long_needle
                0x004026a4      0x1fc c:/program files (x86)/atmel/studio/7.0/toolchain/arm/arm-gnu-toolchain/bin/../lib/gcc/arm-none-eabi/6.2.1/../../../../arm-none-eabi/lib/thumb/v7e-m\libc.a(lib_a-strstr.o)
 .text.strstr   0x004028a0      0x218 c:/program files (x86)/atmel/studio/7.0/toolchain/arm/arm-gnu-toolchain/bin/../lib/gcc/arm-none-eabi/6.2.1/../../../../arm-none-eabi/lib/thumb/v7e-m\libc.a(lib_a-strstr.o)
                0x004028a0                strstr
 .text.startup.register_fini
                0x00402ab8       0x14 c:/program files (x86)/atmel/studio/7.0/toolchain/arm/arm-gnu-toolchain/bin/../lib/gcc/arm-none-eabi/6.2.1/../../../../arm-none-eabi/lib/thumb/v7e-m\libc.a(lib_a-__call_atexit.o)
 .text.atexit   0x00402acc        0xc c:/program files (x86)/atmel/studio/7.0/toolchain/arm/arm-gnu-toolchain/bin/../lib/gcc/arm-none-eabi/6.2.1/../../../../arm-none-eabi/lib/thumb/v7e-m\libc.a(lib_a-atexit.o)
                0x00402acc                atexit
 .text.__libc_fini_array
                0x00402ad8       0x34 c:/program files (x86)/atmel/studio/7.0/toolchain/arm/arm-gnu-toolchain/bin/../lib/gcc/arm-none-eabi/6.2.1/../../../../arm-none-eabi/lib/thumb/v7e-m\libc.a(lib_a-fini.o)
                0x00402ad8                __libc_fini_array
 *fill*         0x00402b0c        0x4 
 .text          0x00402b10       0xa0 c:/program files (x86)/atmel/studio/7.0/toolchain/arm/arm-gnu-toolchain/bin/../lib/gcc/arm-none-eabi/6.2.1/../../../../arm-none-eabi/lib/thumb/v7e-m\libc.a(lib_a-memchr.o)
                0x00402b10                memchr
 .text.memcmp   0x00402bb0       0x60 c:/program files (x86)/atmel/studio/7.0/toolchain/arm/arm-gnu-toolchain/bin/../lib/gcc/arm-none-eabi/6.2.1/../../../../arm-none-eabi/lib/thumb/v7e-m\libc.a(lib_a-memcmp.o)
                0x00402bb0                memcmp
 .text.strchr   0x00402c10       0xe8 c:/program files (x86)/atmel/studio/7.0/toolchain/arm/arm-gnu-toolchain/bin/../lib/gcc/arm-none-eabi/6.2.1/../../../../arm-none-eabi/lib/thumb/v7e-m\libc.a(lib_a-strchr.o)
                0x00402c10                strchr
 .text.__register_exitproc
                0x00402cf8       0xa4 c:/program files (x86)/atmel/studio/7.0/toolchain/arm/arm-gnu-toolchain/bin/../lib/gcc/arm-none-eabi/6.2.1/../../../../arm-none-eabi/lib/thumb/v7e-m\libc.a(lib_a-__atexit.o)
                0x00402cf8                __register_exitproc
 *(.glue_7t)
 .glue_7t       0x00402d9c        0x0 linker stubs
 *(.glue_7)
 .glue_7        0x00402d9c        0x0 linker stubs
 *(.rodata .rodata* .gnu.linkonce.r.*)
 .rodata        0x00402d9c      0x1cd src/wifi.o
 *fill*         0x00402f69        0x3 
 .rodata._global_impure_ptr
                0x00402f6c        0x4 c:/program files (x86)/atmel/studio/7.0/toolchain/arm/arm-gnu-toolchain/bin/../lib/gcc/arm-none-eabi/6.2.1/../../../../arm-none-eabi/lib/thumb/v7e-m\libc.a(lib_a-impure.o)
                0x00402f6c                _global_impure_ptr
 *(.ARM.extab* .gnu.linkonce.armextab.*)
                0x00402f70                . = ALIGN (0x4)
 *(.init)
 .init          0x00402f70        0x4 c:/program files (x86)/atmel/studio/7.0/toolchain/arm/arm-gnu-toolchain/bin/../lib/gcc/arm-none-eabi/6.2.1/thumb/v7e-m/crti.o
                0x00402f70                _init
 .init          0x00402f74        0x8 c:/program files (x86)/atmel/studio/7.0/toolchain/arm/arm-gnu-toolchain/bin/../lib/gcc/arm-none-eabi/6.2.1/thumb/v7e-m/crtn.o
                0x00402f7c                . = ALIGN (0x4)
                0x00402f7c                __preinit_array_start = .
 *(.preinit_array)
                0x00402f7c                __preinit_array_end = .
                0x00402f7c                . = ALIGN (0x4)
                0x00402f7c                __init_array_start = .
 *(SORT(.init_array.*))
 .init_array.00000
                0x00402f7c        0x4 c:/program files (x86)/atmel/studio/7.0/toolchain/arm/arm-gnu-toolchain/bin/../lib/gcc/arm-none-eabi/6.2.1/../../../../arm-none-eabi/lib/thumb/v7e-m\libc.a(lib_a-__call_atexit.o)
 *(.init_array)
 .init_array    0x00402f80        0x4 c:/program files (x86)/atmel/studio/7.0/toolchain/arm/arm-gnu-toolchain/bin/../lib/gcc/arm-none-eabi/6.2.1/thumb/v7e-m/crtbegin.o
                0x00402f84                __init_array_end = .
                0x00402f84                . = ALIGN (0x4)
 *crtbegin.o(.ctors)
 *(EXCLUDE_FILE(*crtend.o) .ctors)
 *(SORT(.ctors.*))
 *crtend.o(.ctors)
                0x00402f84                . = ALIGN (0x4)
 *(.fini)
 .fini          0x00402f84        0x4 c:/program files (x86)/atmel/studio/7.0/toolchain/arm/arm-gnu-toolchain/bin/../lib/gcc/arm-none-eabi/6.2.1/thumb/v7e-m/crti.o
                0x00402f84                _fini
 .fini          0x00402f88        0x8 c:/program files (x86)/atmel/studio/7.0/toolchain/arm/arm-gnu-toolchain/bin/../lib/gcc/arm-none-eabi/6.2.1/thumb/v7e-m/crtn.o
                0x00402f90                . = ALIGN (0x4)
                0x00402f90                __fini_array_start = .
 *(.fini_array)
 .fini_array    0x00402f90        0x4 c:/program files (x86)/atmel/studio/7.0/toolchain/arm/arm-gnu-toolchain/bin/../lib/gcc/arm-none-eabi/6.2.1/thumb/v7e-m/crtbegin.o
 *(SORT(.fini_array.*))
                0x00402f94                __fini_array_end = .
 *crtbegin.o(.dtors)
 *(EXCLUDE_FILE(*crtend.o) .dtors)
 *(SORT(.dtors.*))
 *crtend.o(.dtors)
                0x00402f94                . = ALIGN (0x4)
                0x00402f94                _efixed = .
                [!provide]                PROVIDE (__exidx_start, .)

.vfp11_veneer   0x00402f94        0x0
 .vfp11_veneer  0x00402f94        0x0 linker stubs

.v4_bx          0x00402f94        0x0
 .v4_bx         0x00402f94        0x0 linker stubs

.iplt           0x00402f94        0x0
 .iplt          0x00402f94        0x0 c:/program files (x86)/atmel/studio/7.0/toolchain/arm/arm-gnu-toolchain/bin/../lib/gcc/arm-none-eabi/6.2.1/thumb/v7e-m/crtbegin.o

.ARM.exidx      0x00402f94        0x8
 *(.ARM.exidx* .gnu.linkonce.armexidx.*)
 .ARM.exidx     0x00402f94        0x8 c:/program files (x86)/atmel/studio/7.0/toolchain/arm/arm-gnu-toolchain/bin/../lib/gcc/arm-none-eabi/6.2.1/thumb/v7e-m\libgcc.a(_udivmoddi4.o)
                [!provide]                PROVIDE (__exidx_end, .)

.eh_frame       0x00402f9c        0x0
 .eh_frame      0x00402f9c        0x0 c:/program files (x86)/atmel/studio/7.0/toolchain/arm/arm-gnu-toolchain/bin/../lib/gcc/arm-none-eabi/6.2.1/thumb/v7e-m/crtbegin.o

.rel.dyn        0x00402f9c        0x0
 .rel.iplt      0x00402f9c        0x0 c:/program files (x86)/atmel/studio/7.0/toolchain/arm/arm-gnu-toolchain/bin/../lib/gcc/arm-none-eabi/6.2.1/thumb/v7e-m/crtbegin.o

.jcr            0x00402f9c        0x0
 .jcr           0x00402f9c        0x0 c:/program files (x86)/atmel/studio/7.0/toolchain/arm/arm-gnu-toolchain/bin/../lib/gcc/arm-none-eabi/6.2.1/thumb/v7e-m/crtbegin.o

.igot.plt       0x00402f9c        0x0
 .igot.plt      0x00402f9c        0x0 c:/program files (x86)/atmel/studio/7.0/toolchain/arm/arm-gnu-toolchain/bin/../lib/gcc/arm-none-eabi/6.2.1/thumb/v7e-m/crtbegin.o
                0x00402f9c                . = ALIGN (0x4)
                0x00402f9c                _etext = .

.relocate       0x20000000      0x438 load address 0x00402f9c
                0x20000000                . = ALIGN (0x4)
                0x20000000                _srelocate = .
 *(.ramfunc .ramfunc.*)
 .ramfunc       0x20000000        0xa src/ASF/common/services/delay/sam/cycle_counter.o
                0x20000000                portable_delay_cycles
 *(.data .data.*)
 *fill*         0x2000000a        0x2 
 .data.SystemCoreClock
                0x2000000c        0x4 src/ASF/sam/utils/cmsis/sam4s/source/templates/system_sam4s.o
                0x2000000c                SystemCoreClock
 .data.impure_data
                0x20000010      0x428 c:/program files (x86)/atmel/studio/7.0/toolchain/arm/arm-gnu-toolchain/bin/../lib/gcc/arm-none-eabi/6.2.1/../../../../arm-none-eabi/lib/thumb/v7e-m\libc.a(lib_a-impure.o)
                0x20000438                . = ALIGN (0x4)
                0x20000438                _erelocate = .

.bss            0x20000438     0x1248 load address 0x004033d4
                0x20000438                . = ALIGN (0x4)
                0x20000438                _sbss = .
                0x20000438                _szero = .
 *(.bss .bss.*)
 .bss           0x20000438       0x1c c:/program files (x86)/atmel/studio/7.0/toolchain/arm/arm-gnu-toolchain/bin/../lib/gcc/arm-none-eabi/6.2.1/thumb/v7e-m/crtbegin.o
 .bss.i2s_rec_done
                0x20000454        0x1 src/microphone.o
                0x20000454                i2s_rec_done
 *fill*         0x20000455        0x3 
 .bss.i2s_buf_index
                0x20000458        0x4 src/microphone.o
                0x20000458                i2s_buf_index
 .bss.gs_interrupt_sources
                0x2000045c       0x70 src/ASF/sam/drivers/pio/pio_handler.o
 .bss.pio_capture_handler
                0x200004cc        0x4 src/ASF/sam/drivers/pio/pio_handler.o
 .bss.input_buffer
                0x200004d0      0x1f4 src/wifi.o
                0x200004d0                input_buffer
 .bss.buffer_index
                0x200006c4        0x4 src/wifi.o
                0x200006c4                buffer_index
 .bss.timeout_counter
                0x200006c8        0x1 src/wifi.o
                0x200006c8                timeout_counter
 *fill*         0x200006c9        0x3 
 .bss.data_recieved
                0x200006cc        0x4 src/wifi.o
                0x200006cc                data_recieved
 .bss.wifi_setup_flag
                0x200006d0        0x4 src/wifi.o
                0x200006d0                wifi_setup_flag
 .bss.received_byte_wifi
                0x200006d4        0x4 src/wifi.o
                0x200006d4                received_byte_wifi
 *(COMMON)
 COMMON         0x200006d8      0xfa0 src/microphone.o
                0x200006d8                i2s_rec_buf
 COMMON         0x20001678        0x1 src/timer_interface.o
                0x20001678                counts
 *fill*         0x20001679        0x3 
 COMMON         0x2000167c        0x4 src/ASF/sam/drivers/pio/pio.o
                0x2000167c                pio_capture_enable_flag
                0x20001680                . = ALIGN (0x4)
                0x20001680                _ebss = .
                0x20001680                _ezero = .

.stack          0x20001680     0x3000 load address 0x0040461c
                0x20001680                . = ALIGN (0x8)
                0x20001680                _sstack = .
                0x20004680                . = (. + __stack_size__)
 *fill*         0x20001680     0x3000 
                0x20004680                . = ALIGN (0x8)
                0x20004680                _estack = .
                0x20004680                . = ALIGN (0x4)
                0x20004680                _end = .
OUTPUT(webcam.elf elf32-littlearm)

.ARM.attributes
                0x00000000       0x2a
 .ARM.attributes
                0x00000000       0x1e c:/program files (x86)/atmel/studio/7.0/toolchain/arm/arm-gnu-toolchain/bin/../lib/gcc/arm-none-eabi/6.2.1/thumb/v7e-m/crti.o
 .ARM.attributes
                0x0000001e       0x2e c:/program files (x86)/atmel/studio/7.0/toolchain/arm/arm-gnu-toolchain/bin/../lib/gcc/arm-none-eabi/6.2.1/thumb/v7e-m/crtbegin.o
 .ARM.attributes
                0x0000004c       0x33 src/ASF/sam/drivers/ssc/ssc.o
 .ARM.attributes
                0x0000007f       0x33 src/ASF/sam/drivers/tc/tc.o
 .ARM.attributes
                0x000000b2       0x33 src/ASF/sam/drivers/wdt/wdt.o
 .ARM.attributes
                0x000000e5       0x33 src/microphone.o
 .ARM.attributes
                0x00000118       0x33 src/ASF/common/services/delay/sam/cycle_counter.o
 .ARM.attributes
                0x0000014b       0x33 src/ASF/sam/drivers/pio/pio_handler.o
 .ARM.attributes
                0x0000017e       0x33 src/ASF/sam/drivers/usart/usart.o
 .ARM.attributes
                0x000001b1       0x33 src/timer_interface.o
 .ARM.attributes
                0x000001e4       0x33 src/wifi.o
 .ARM.attributes
                0x00000217       0x33 src/ASF/common/services/clock/sam4s/sysclk.o
 .ARM.attributes
                0x0000024a       0x33 src/ASF/sam/drivers/pio/pio.o
 .ARM.attributes
                0x0000027d       0x33 src/ASF/sam/drivers/pmc/pmc.o
 .ARM.attributes
                0x000002b0       0x33 src/ASF/common/boards/user_board/init.o
 .ARM.attributes
                0x000002e3       0x33 src/ASF/sam/utils/cmsis/sam4s/source/templates/gcc/startup_sam4s.o
 .ARM.attributes
                0x00000316       0x33 src/ASF/sam/utils/cmsis/sam4s/source/templates/system_sam4s.o
 .ARM.attributes
                0x00000349       0x33 src/main.o
 .ARM.attributes
                0x0000037c       0x1e c:/program files (x86)/atmel/studio/7.0/toolchain/arm/arm-gnu-toolchain/bin/../lib/gcc/arm-none-eabi/6.2.1/thumb/v7e-m\libgcc.a(_aeabi_uldivmod.o)
 .ARM.attributes
                0x0000039a       0x2e c:/program files (x86)/atmel/studio/7.0/toolchain/arm/arm-gnu-toolchain/bin/../lib/gcc/arm-none-eabi/6.2.1/thumb/v7e-m\libgcc.a(_udivmoddi4.o)
 .ARM.attributes
                0x000003c8       0x1e c:/program files (x86)/atmel/studio/7.0/toolchain/arm/arm-gnu-toolchain/bin/../lib/gcc/arm-none-eabi/6.2.1/thumb/v7e-m\libgcc.a(_dvmd_tls.o)
 .ARM.attributes
                0x000003e6       0x2e c:/program files (x86)/atmel/studio/7.0/toolchain/arm/arm-gnu-toolchain/bin/../lib/gcc/arm-none-eabi/6.2.1/../../../../arm-none-eabi/lib/thumb/v7e-m\libc.a(lib_a-impure.o)
 .ARM.attributes
                0x00000414       0x2e c:/program files (x86)/atmel/studio/7.0/toolchain/arm/arm-gnu-toolchain/bin/../lib/gcc/arm-none-eabi/6.2.1/../../../../arm-none-eabi/lib/thumb/v7e-m\libc.a(lib_a-init.o)
 .ARM.attributes
                0x00000442       0x2e c:/program files (x86)/atmel/studio/7.0/toolchain/arm/arm-gnu-toolchain/bin/../lib/gcc/arm-none-eabi/6.2.1/../../../../arm-none-eabi/lib/thumb/v7e-m\libc.a(lib_a-memset.o)
 .ARM.attributes
                0x00000470       0x2e c:/program files (x86)/atmel/studio/7.0/toolchain/arm/arm-gnu-toolchain/bin/../lib/gcc/arm-none-eabi/6.2.1/../../../../arm-none-eabi/lib/thumb/v7e-m\libc.a(lib_a-strstr.o)
 .ARM.attributes
                0x0000049e       0x2e c:/program files (x86)/atmel/studio/7.0/toolchain/arm/arm-gnu-toolchain/bin/../lib/gcc/arm-none-eabi/6.2.1/../../../../arm-none-eabi/lib/thumb/v7e-m\libc.a(lib_a-__call_atexit.o)
 .ARM.attributes
                0x000004cc       0x2e c:/program files (x86)/atmel/studio/7.0/toolchain/arm/arm-gnu-toolchain/bin/../lib/gcc/arm-none-eabi/6.2.1/../../../../arm-none-eabi/lib/thumb/v7e-m\libc.a(lib_a-atexit.o)
 .ARM.attributes
                0x000004fa       0x2e c:/program files (x86)/atmel/studio/7.0/toolchain/arm/arm-gnu-toolchain/bin/../lib/gcc/arm-none-eabi/6.2.1/../../../../arm-none-eabi/lib/thumb/v7e-m\libc.a(lib_a-fini.o)
 .ARM.attributes
                0x00000528       0x1c c:/program files (x86)/atmel/studio/7.0/toolchain/arm/arm-gnu-toolchain/bin/../lib/gcc/arm-none-eabi/6.2.1/../../../../arm-none-eabi/lib/thumb/v7e-m\libc.a(lib_a-memchr.o)
 .ARM.attributes
                0x00000544       0x2e c:/program files (x86)/atmel/studio/7.0/toolchain/arm/arm-gnu-toolchain/bin/../lib/gcc/arm-none-eabi/6.2.1/../../../../arm-none-eabi/lib/thumb/v7e-m\libc.a(lib_a-memcmp.o)
 .ARM.attributes
                0x00000572       0x2e c:/program files (x86)/atmel/studio/7.0/toolchain/arm/arm-gnu-toolchain/bin/../lib/gcc/arm-none-eabi/6.2.1/../../../../arm-none-eabi/lib/thumb/v7e-m\libc.a(lib_a-strchr.o)
 .ARM.attributes
                0x000005a0       0x2e c:/program files (x86)/atmel/studio/7.0/toolchain/arm/arm-gnu-toolchain/bin/../lib/gcc/arm-none-eabi/6.2.1/../../../../arm-none-eabi/lib/thumb/v7e-m\libc.a(lib_a-__atexit.o)
 .ARM.attributes
                0x000005ce       0x1e c:/program files (x86)/atmel/studio/7.0/toolchain/arm/arm-gnu-toolchain/bin/../lib/gcc/arm-none-eabi/6.2.1/thumb/v7e-m/crtn.o

.comment        0x00000000       0x59
 .comment       0x00000000       0x59 src/ASF/sam/drivers/ssc/ssc.o
                                 0x5a (size before relaxing)
 .comment       0x00000059       0x5a src/ASF/sam/drivers/tc/tc.o
 .comment       0x00000059       0x5a src/ASF/sam/drivers/wdt/wdt.o
 .comment       0x00000059       0x5a src/microphone.o
 .comment       0x00000059       0x5a src/ASF/common/services/delay/sam/cycle_counter.o
 .comment       0x00000059       0x5a src/ASF/sam/drivers/pio/pio_handler.o
 .comment       0x00000059       0x5a src/ASF/sam/drivers/usart/usart.o
 .comment       0x00000059       0x5a src/timer_interface.o
 .comment       0x00000059       0x5a src/wifi.o
 .comment       0x00000059       0x5a src/ASF/common/services/clock/sam4s/sysclk.o
 .comment       0x00000059       0x5a src/ASF/sam/drivers/pio/pio.o
 .comment       0x00000059       0x5a src/ASF/sam/drivers/pmc/pmc.o
 .comment       0x00000059       0x5a src/ASF/common/boards/user_board/init.o
 .comment       0x00000059       0x5a src/ASF/sam/utils/cmsis/sam4s/source/templates/gcc/startup_sam4s.o
 .comment       0x00000059       0x5a src/ASF/sam/utils/cmsis/sam4s/source/templates/system_sam4s.o
 .comment       0x00000059       0x5a src/main.o

.debug_info     0x00000000    0x13ddd
 .debug_info    0x00000000     0x1731 src/ASF/sam/drivers/ssc/ssc.o
 .debug_info    0x00001731     0x1249 src/ASF/sam/drivers/tc/tc.o
 .debug_info    0x0000297a      0xbd7 src/ASF/sam/drivers/wdt/wdt.o
 .debug_info    0x00003551     0x1827 src/microphone.o
 .debug_info    0x00004d78      0xa39 src/ASF/common/services/delay/sam/cycle_counter.o
 .debug_info    0x000057b1     0x179e src/ASF/sam/drivers/pio/pio_handler.o
 .debug_info    0x00006f4f     0x1e84 src/ASF/sam/drivers/usart/usart.o
 .debug_info    0x00008dd3     0x102c src/timer_interface.o
 .debug_info    0x00009dff     0x1fbb src/wifi.o
 .debug_info    0x0000bdba     0x11e3 src/ASF/common/services/clock/sam4s/sysclk.o
 .debug_info    0x0000cf9d     0x1d81 src/ASF/sam/drivers/pio/pio.o
 .debug_info    0x0000ed1e     0x19cc src/ASF/sam/drivers/pmc/pmc.o
 .debug_info    0x000106ea     0x16f1 src/ASF/common/boards/user_board/init.o
 .debug_info    0x00011ddb      0x6e9 src/ASF/sam/utils/cmsis/sam4s/source/templates/gcc/startup_sam4s.o
 .debug_info    0x000124c4      0x45c src/ASF/sam/utils/cmsis/sam4s/source/templates/system_sam4s.o
 .debug_info    0x00012920     0x14bd src/main.o

.debug_abbrev   0x00000000     0x2922
 .debug_abbrev  0x00000000      0x291 src/ASF/sam/drivers/ssc/ssc.o
 .debug_abbrev  0x00000291      0x24a src/ASF/sam/drivers/tc/tc.o
 .debug_abbrev  0x000004db      0x207 src/ASF/sam/drivers/wdt/wdt.o
 .debug_abbrev  0x000006e2      0x32f src/microphone.o
 .debug_abbrev  0x00000a11      0x1b3 src/ASF/common/services/delay/sam/cycle_counter.o
 .debug_abbrev  0x00000bc4      0x2c9 src/ASF/sam/drivers/pio/pio_handler.o
 .debug_abbrev  0x00000e8d      0x2c1 src/ASF/sam/drivers/usart/usart.o
 .debug_abbrev  0x0000114e      0x293 src/timer_interface.o
 .debug_abbrev  0x000013e1      0x454 src/wifi.o
 .debug_abbrev  0x00001835      0x29f src/ASF/common/services/clock/sam4s/sysclk.o
 .debug_abbrev  0x00001ad4      0x296 src/ASF/sam/drivers/pio/pio.o
 .debug_abbrev  0x00001d6a      0x2b8 src/ASF/sam/drivers/pmc/pmc.o
 .debug_abbrev  0x00002022      0x398 src/ASF/common/boards/user_board/init.o
 .debug_abbrev  0x000023ba      0x17c src/ASF/sam/utils/cmsis/sam4s/source/templates/gcc/startup_sam4s.o
 .debug_abbrev  0x00002536      0x102 src/ASF/sam/utils/cmsis/sam4s/source/templates/system_sam4s.o
 .debug_abbrev  0x00002638      0x2ea src/main.o

.debug_loc      0x00000000     0x6f16
 .debug_loc     0x00000000      0xd94 src/ASF/sam/drivers/ssc/ssc.o
 .debug_loc     0x00000d94      0x844 src/ASF/sam/drivers/tc/tc.o
 .debug_loc     0x000015d8      0x228 src/ASF/sam/drivers/wdt/wdt.o
 .debug_loc     0x00001800      0x392 src/microphone.o
 .debug_loc     0x00001b92      0x364 src/ASF/sam/drivers/pio/pio_handler.o
 .debug_loc     0x00001ef6     0x17d4 src/ASF/sam/drivers/usart/usart.o
 .debug_loc     0x000036ca      0x1b0 src/timer_interface.o
 .debug_loc     0x0000387a      0x704 src/wifi.o
 .debug_loc     0x00003f7e      0x4ac src/ASF/common/services/clock/sam4s/sysclk.o
 .debug_loc     0x0000442a     0x1174 src/ASF/sam/drivers/pio/pio.o
 .debug_loc     0x0000559e     0x1450 src/ASF/sam/drivers/pmc/pmc.o
 .debug_loc     0x000069ee      0x1bc src/ASF/common/boards/user_board/init.o
 .debug_loc     0x00006baa       0x64 src/ASF/sam/utils/cmsis/sam4s/source/templates/gcc/startup_sam4s.o
 .debug_loc     0x00006c0e       0xe4 src/ASF/sam/utils/cmsis/sam4s/source/templates/system_sam4s.o
 .debug_loc     0x00006cf2      0x224 src/main.o

.debug_aranges  0x00000000      0xc00
 .debug_aranges
                0x00000000      0x148 src/ASF/sam/drivers/ssc/ssc.o
 .debug_aranges
                0x00000148       0xd0 src/ASF/sam/drivers/tc/tc.o
 .debug_aranges
                0x00000218       0x48 src/ASF/sam/drivers/wdt/wdt.o
 .debug_aranges
                0x00000260       0x78 src/microphone.o
 .debug_aranges
                0x000002d8       0x20 src/ASF/common/services/delay/sam/cycle_counter.o
 .debug_aranges
                0x000002f8       0x70 src/ASF/sam/drivers/pio/pio_handler.o
 .debug_aranges
                0x00000368      0x238 src/ASF/sam/drivers/usart/usart.o
 .debug_aranges
                0x000005a0       0x48 src/timer_interface.o
 .debug_aranges
                0x000005e8       0xd8 src/wifi.o
 .debug_aranges
                0x000006c0       0x98 src/ASF/common/services/clock/sam4s/sysclk.o
 .debug_aranges
                0x00000758      0x1a8 src/ASF/sam/drivers/pio/pio.o
 .debug_aranges
                0x00000900      0x208 src/ASF/sam/drivers/pmc/pmc.o
 .debug_aranges
                0x00000b08       0x48 src/ASF/common/boards/user_board/init.o
 .debug_aranges
                0x00000b50       0x28 src/ASF/sam/utils/cmsis/sam4s/source/templates/gcc/startup_sam4s.o
 .debug_aranges
                0x00000b78       0x30 src/ASF/sam/utils/cmsis/sam4s/source/templates/system_sam4s.o
 .debug_aranges
                0x00000ba8       0x58 src/main.o

.debug_ranges   0x00000000      0xb60
 .debug_ranges  0x00000000      0x138 src/ASF/sam/drivers/ssc/ssc.o
 .debug_ranges  0x00000138       0xc0 src/ASF/sam/drivers/tc/tc.o
 .debug_ranges  0x000001f8       0x38 src/ASF/sam/drivers/wdt/wdt.o
 .debug_ranges  0x00000230       0x68 src/microphone.o
 .debug_ranges  0x00000298       0x10 src/ASF/common/services/delay/sam/cycle_counter.o
 .debug_ranges  0x000002a8       0x60 src/ASF/sam/drivers/pio/pio_handler.o
 .debug_ranges  0x00000308      0x228 src/ASF/sam/drivers/usart/usart.o
 .debug_ranges  0x00000530       0x38 src/timer_interface.o
 .debug_ranges  0x00000568       0xe0 src/wifi.o
 .debug_ranges  0x00000648       0x88 src/ASF/common/services/clock/sam4s/sysclk.o
 .debug_ranges  0x000006d0      0x198 src/ASF/sam/drivers/pio/pio.o
 .debug_ranges  0x00000868      0x1f8 src/ASF/sam/drivers/pmc/pmc.o
 .debug_ranges  0x00000a60       0x80 src/ASF/common/boards/user_board/init.o
 .debug_ranges  0x00000ae0       0x18 src/ASF/sam/utils/cmsis/sam4s/source/templates/gcc/startup_sam4s.o
 .debug_ranges  0x00000af8       0x20 src/ASF/sam/utils/cmsis/sam4s/source/templates/system_sam4s.o
 .debug_ranges  0x00000b18       0x48 src/main.o

.debug_macro    0x00000000     0x63ce
 .debug_macro   0x00000000      0x508 src/ASF/sam/drivers/ssc/ssc.o
 .debug_macro   0x00000508       0x4c src/ASF/sam/drivers/ssc/ssc.o
 .debug_macro   0x00000554       0x8d src/ASF/sam/drivers/ssc/ssc.o
 .debug_macro   0x000005e1       0x57 src/ASF/sam/drivers/ssc/ssc.o
 .debug_macro   0x00000638       0x10 src/ASF/sam/drivers/ssc/ssc.o
 .debug_macro   0x00000648       0x1c src/ASF/sam/drivers/ssc/ssc.o
 .debug_macro   0x00000664       0x4c src/ASF/sam/drivers/ssc/ssc.o
 .debug_macro   0x000006b0      0x4f4 src/ASF/sam/drivers/tc/tc.o
 .debug_macro   0x00000ba4       0x16 src/ASF/sam/drivers/tc/tc.o
 .debug_macro   0x00000bba      0x500 src/ASF/sam/drivers/wdt/wdt.o
 .debug_macro   0x000010ba      0x6c2 src/microphone.o
 .debug_macro   0x0000177c      0x13f src/microphone.o
 .debug_macro   0x000018bb       0x34 src/microphone.o
 .debug_macro   0x000018ef      0x2bf src/microphone.o
 .debug_macro   0x00001bae       0x58 src/microphone.o
 .debug_macro   0x00001c06       0x82 src/microphone.o
 .debug_macro   0x00001c88       0x46 src/microphone.o
 .debug_macro   0x00001cce       0x90 src/microphone.o
 .debug_macro   0x00001d5e       0x28 src/microphone.o
 .debug_macro   0x00001d86       0x23 src/microphone.o
 .debug_macro   0x00001da9       0x94 src/microphone.o
 .debug_macro   0x00001e3d       0x40 src/microphone.o
 .debug_macro   0x00001e7d       0x88 src/microphone.o
 .debug_macro   0x00001f05       0x34 src/microphone.o
 .debug_macro   0x00001f39       0x52 src/microphone.o
 .debug_macro   0x00001f8b       0x4c src/microphone.o
 .debug_macro   0x00001fd7       0x10 src/microphone.o
 .debug_macro   0x00001fe7       0x16 src/microphone.o
 .debug_macro   0x00001ffd       0x1c src/microphone.o
 .debug_macro   0x00002019       0x2e src/microphone.o
 .debug_macro   0x00002047       0x10 src/microphone.o
 .debug_macro   0x00002057       0x16 src/microphone.o
 .debug_macro   0x0000206d       0x6a src/microphone.o
 .debug_macro   0x000020d7      0x1e1 src/microphone.o
 .debug_macro   0x000022b8       0x22 src/microphone.o
 .debug_macro   0x000022da      0x4ed src/ASF/common/services/delay/sam/cycle_counter.o
 .debug_macro   0x000027c7       0x22 src/ASF/common/services/delay/sam/cycle_counter.o
 .debug_macro   0x000027e9      0x4fd src/ASF/sam/drivers/pio/pio_handler.o
 .debug_macro   0x00002ce6       0x8e src/ASF/sam/drivers/pio/pio_handler.o
 .debug_macro   0x00002d74      0x523 src/ASF/sam/drivers/usart/usart.o
 .debug_macro   0x00003297       0x28 src/ASF/sam/drivers/usart/usart.o
 .debug_macro   0x000032bf      0x69e src/timer_interface.o
 .debug_macro   0x0000395d      0x6a8 src/wifi.o
 .debug_macro   0x00004005       0xd6 src/wifi.o
 .debug_macro   0x000040db      0x558 src/ASF/common/services/clock/sam4s/sysclk.o
 .debug_macro   0x00004633      0x4f3 src/ASF/sam/drivers/pio/pio.o
 .debug_macro   0x00004b26      0x4f3 src/ASF/sam/drivers/pmc/pmc.o
 .debug_macro   0x00005019       0x52 src/ASF/sam/drivers/pmc/pmc.o
 .debug_macro   0x0000506b      0x6ad src/ASF/common/boards/user_board/init.o
 .debug_macro   0x00005718      0x2df src/ASF/sam/utils/cmsis/sam4s/source/templates/gcc/startup_sam4s.o
 .debug_macro   0x000059f7      0x2e7 src/ASF/sam/utils/cmsis/sam4s/source/templates/system_sam4s.o
 .debug_macro   0x00005cde      0x6e0 src/main.o
 .debug_macro   0x000063be       0x10 src/main.o

.debug_line     0x00000000     0xd643
 .debug_line    0x00000000      0xdb2 src/ASF/sam/drivers/ssc/ssc.o
 .debug_line    0x00000db2      0xbcd src/ASF/sam/drivers/tc/tc.o
 .debug_line    0x0000197f      0xa7b src/ASF/sam/drivers/wdt/wdt.o
 .debug_line    0x000023fa     0x1041 src/microphone.o
 .debug_line    0x0000343b      0xa2e src/ASF/common/services/delay/sam/cycle_counter.o
 .debug_line    0x00003e69      0xb2f src/ASF/sam/drivers/pio/pio_handler.o
 .debug_line    0x00004998      0xffe src/ASF/sam/drivers/usart/usart.o
 .debug_line    0x00005996      0xf69 src/timer_interface.o
 .debug_line    0x000068ff     0x11d9 src/wifi.o
 .debug_line    0x00007ad8      0xca1 src/ASF/common/services/clock/sam4s/sysclk.o
 .debug_line    0x00008779      0xe47 src/ASF/sam/drivers/pio/pio.o
 .debug_line    0x000095c0     0x1029 src/ASF/sam/drivers/pmc/pmc.o
 .debug_line    0x0000a5e9      0xff3 src/ASF/common/boards/user_board/init.o
 .debug_line    0x0000b5dc      0x819 src/ASF/sam/utils/cmsis/sam4s/source/templates/gcc/startup_sam4s.o
 .debug_line    0x0000bdf5      0x858 src/ASF/sam/utils/cmsis/sam4s/source/templates/system_sam4s.o
 .debug_line    0x0000c64d      0xff6 src/main.o

.debug_str      0x00000000    0x4f512
 .debug_str     0x00000000    0x47b0b src/ASF/sam/drivers/ssc/ssc.o
                              0x47ec3 (size before relaxing)
 .debug_str     0x00047b0b      0x369 src/ASF/sam/drivers/tc/tc.o
                              0x47a66 (size before relaxing)
 .debug_str     0x00047e74      0x135 src/ASF/sam/drivers/wdt/wdt.o
                              0x47802 (size before relaxing)
 .debug_str     0x00047fa9     0x379c src/microphone.o
                              0x4b322 (size before relaxing)
 .debug_str     0x0004b745       0x35 src/ASF/common/services/delay/sam/cycle_counter.o
                              0x4787b (size before relaxing)
 .debug_str     0x0004b77a      0x48a src/ASF/sam/drivers/pio/pio_handler.o
                              0x4820b (size before relaxing)
 .debug_str     0x0004bc04      0x7d2 src/ASF/sam/drivers/usart/usart.o
                              0x48100 (size before relaxing)
 .debug_str     0x0004c3d6       0x70 src/timer_interface.o
                              0x4a436 (size before relaxing)
 .debug_str     0x0004c446      0x65a src/wifi.o
                              0x4b0b9 (size before relaxing)
 .debug_str     0x0004caa0      0x382 src/ASF/common/services/clock/sam4s/sysclk.o
                              0x493cf (size before relaxing)
 .debug_str     0x0004ce22      0x48d src/ASF/sam/drivers/pio/pio.o
                              0x4831b (size before relaxing)
 .debug_str     0x0004d2af      0x58d src/ASF/sam/drivers/pmc/pmc.o
                              0x4816a (size before relaxing)
 .debug_str     0x0004d83c       0xee src/ASF/common/boards/user_board/init.o
                              0x4ab1d (size before relaxing)
 .debug_str     0x0004d92a      0x428 src/ASF/sam/utils/cmsis/sam4s/source/templates/gcc/startup_sam4s.o
                              0x3833e (size before relaxing)
 .debug_str     0x0004dd52       0xb9 src/ASF/sam/utils/cmsis/sam4s/source/templates/system_sam4s.o
                              0x380dd (size before relaxing)
 .debug_str     0x0004de0b     0x1707 src/main.o
                              0x4c97c (size before relaxing)

.debug_frame    0x00000000     0x3608
 .debug_frame   0x00000000      0x5f8 src/ASF/sam/drivers/ssc/ssc.o
 .debug_frame   0x000005f8      0x3a8 src/ASF/sam/drivers/tc/tc.o
 .debug_frame   0x000009a0      0x100 src/ASF/sam/drivers/wdt/wdt.o
 .debug_frame   0x00000aa0      0x1cc src/microphone.o
 .debug_frame   0x00000c6c       0x20 src/ASF/common/services/delay/sam/cycle_counter.o
 .debug_frame   0x00000c8c      0x1a4 src/ASF/sam/drivers/pio/pio_handler.o
 .debug_frame   0x00000e30      0xa7c src/ASF/sam/drivers/usart/usart.o
 .debug_frame   0x000018ac       0xe4 src/timer_interface.o
 .debug_frame   0x00001990      0x394 src/wifi.o
 .debug_frame   0x00001d24      0x244 src/ASF/common/services/clock/sam4s/sysclk.o
 .debug_frame   0x00001f68      0x7c0 src/ASF/sam/drivers/pio/pio.o
 .debug_frame   0x00002728      0x918 src/ASF/sam/drivers/pmc/pmc.o
 .debug_frame   0x00003040       0xe4 src/ASF/common/boards/user_board/init.o
 .debug_frame   0x00003124       0x48 src/ASF/sam/utils/cmsis/sam4s/source/templates/gcc/startup_sam4s.o
 .debug_frame   0x0000316c       0x78 src/ASF/sam/utils/cmsis/sam4s/source/templates/system_sam4s.o
 .debug_frame   0x000031e4      0x128 src/main.o
 .debug_frame   0x0000330c       0x2c c:/program files (x86)/atmel/studio/7.0/toolchain/arm/arm-gnu-toolchain/bin/../lib/gcc/arm-none-eabi/6.2.1/thumb/v7e-m\libgcc.a(_aeabi_uldivmod.o)
 .debug_frame   0x00003338       0x34 c:/program files (x86)/atmel/studio/7.0/toolchain/arm/arm-gnu-toolchain/bin/../lib/gcc/arm-none-eabi/6.2.1/thumb/v7e-m\libgcc.a(_udivmoddi4.o)
 .debug_frame   0x0000336c       0x2c c:/program files (x86)/atmel/studio/7.0/toolchain/arm/arm-gnu-toolchain/bin/../lib/gcc/arm-none-eabi/6.2.1/../../../../arm-none-eabi/lib/thumb/v7e-m\libc.a(lib_a-init.o)
 .debug_frame   0x00003398       0x34 c:/program files (x86)/atmel/studio/7.0/toolchain/arm/arm-gnu-toolchain/bin/../lib/gcc/arm-none-eabi/6.2.1/../../../../arm-none-eabi/lib/thumb/v7e-m\libc.a(lib_a-memset.o)
 .debug_frame   0x000033cc       0xd8 c:/program files (x86)/atmel/studio/7.0/toolchain/arm/arm-gnu-toolchain/bin/../lib/gcc/arm-none-eabi/6.2.1/../../../../arm-none-eabi/lib/thumb/v7e-m\libc.a(lib_a-strstr.o)
 .debug_frame   0x000034a4       0x50 c:/program files (x86)/atmel/studio/7.0/toolchain/arm/arm-gnu-toolchain/bin/../lib/gcc/arm-none-eabi/6.2.1/../../../../arm-none-eabi/lib/thumb/v7e-m\libc.a(lib_a-__call_atexit.o)
 .debug_frame   0x000034f4       0x20 c:/program files (x86)/atmel/studio/7.0/toolchain/arm/arm-gnu-toolchain/bin/../lib/gcc/arm-none-eabi/6.2.1/../../../../arm-none-eabi/lib/thumb/v7e-m\libc.a(lib_a-atexit.o)
 .debug_frame   0x00003514       0x34 c:/program files (x86)/atmel/studio/7.0/toolchain/arm/arm-gnu-toolchain/bin/../lib/gcc/arm-none-eabi/6.2.1/../../../../arm-none-eabi/lib/thumb/v7e-m\libc.a(lib_a-fini.o)
 .debug_frame   0x00003548       0x3c c:/program files (x86)/atmel/studio/7.0/toolchain/arm/arm-gnu-toolchain/bin/../lib/gcc/arm-none-eabi/6.2.1/../../../../arm-none-eabi/lib/thumb/v7e-m\libc.a(lib_a-memcmp.o)
 .debug_frame   0x00003584       0x50 c:/program files (x86)/atmel/studio/7.0/toolchain/arm/arm-gnu-toolchain/bin/../lib/gcc/arm-none-eabi/6.2.1/../../../../arm-none-eabi/lib/thumb/v7e-m\libc.a(lib_a-strchr.o)
 .debug_frame   0x000035d4       0x34 c:/program files (x86)/atmel/studio/7.0/toolchain/arm/arm-gnu-toolchain/bin/../lib/gcc/arm-none-eabi/6.2.1/../../../../arm-none-eabi/lib/thumb/v7e-m\libc.a(lib_a-__atexit.o)

Cross Reference Table

Symbol                                            File
ACC_Handler                                       src/ASF/sam/utils/cmsis/sam4s/source/templates/gcc/startup_sam4s.o
ADC_Handler                                       src/ASF/sam/utils/cmsis/sam4s/source/templates/gcc/startup_sam4s.o
BusFault_Handler                                  src/ASF/sam/utils/cmsis/sam4s/source/templates/gcc/startup_sam4s.o
CRCCU_Handler                                     src/ASF/sam/utils/cmsis/sam4s/source/templates/gcc/startup_sam4s.o
DACC_Handler                                      src/ASF/sam/utils/cmsis/sam4s/source/templates/gcc/startup_sam4s.o
DebugMon_Handler                                  src/ASF/sam/utils/cmsis/sam4s/source/templates/gcc/startup_sam4s.o
Dummy_Handler                                     src/ASF/sam/utils/cmsis/sam4s/source/templates/gcc/startup_sam4s.o
EFC0_Handler                                      src/ASF/sam/utils/cmsis/sam4s/source/templates/gcc/startup_sam4s.o
HSMCI_Handler                                     src/ASF/sam/utils/cmsis/sam4s/source/templates/gcc/startup_sam4s.o
HardFault_Handler                                 src/ASF/sam/utils/cmsis/sam4s/source/templates/gcc/startup_sam4s.o
MemManage_Handler                                 src/ASF/sam/utils/cmsis/sam4s/source/templates/gcc/startup_sam4s.o
NMI_Handler                                       src/ASF/sam/utils/cmsis/sam4s/source/templates/gcc/startup_sam4s.o
OV2640_JPEG                                       src/ov2640_table_registers.o
                                                  src/ov2640.o
OV2640_JPEG_1024x768                              src/ov2640_table_registers.o
                                                  src/ov2640.o
OV2640_JPEG_1280x1024                             src/ov2640_table_registers.o
                                                  src/ov2640.o
OV2640_JPEG_1600x1200                             src/ov2640_table_registers.o
                                                  src/ov2640.o
OV2640_JPEG_320x240                               src/ov2640_table_registers.o
                                                  src/ov2640.o
OV2640_JPEG_640x480                               src/ov2640_table_registers.o
                                                  src/ov2640.o
OV2640_JPEG_800x600                               src/ov2640_table_registers.o
                                                  src/ov2640.o
OV2640_JPEG_INIT                                  src/ov2640_table_registers.o
                                                  src/ov2640.o
OV2640_QQVGA_RGB888                               src/ov2640_table_registers.o
                                                  src/ov2640.o
OV2640_QQVGA_YUV422                               src/ov2640_table_registers.o
                                                  src/ov2640.o
OV2640_QVGA_RGB888                                src/ov2640_table_registers.o
                                                  src/ov2640.o
OV2640_QVGA_YUV422_10FPS                          src/ov2640_table_registers.o
                                                  src/ov2640.o
OV2640_QVGA_YUV422_15FPS                          src/ov2640_table_registers.o
                                                  src/ov2640.o
OV2640_QVGA_YUV422_20FPS                          src/ov2640_table_registers.o
                                                  src/ov2640.o
OV2640_QVGA_YUV422_30FPS                          src/ov2640_table_registers.o
                                                  src/ov2640.o
OV2640_TEST_PATTERN                               src/ov2640_table_registers.o
                                                  src/ov2640.o
OV2640_VGA_YUV422_20FPS                           src/ov2640_table_registers.o
                                                  src/ov2640.o
OV2640_YUV422                                     src/ov2640_table_registers.o
                                                  src/ov2640.o
PIOA_Handler                                      src/ASF/sam/drivers/pio/pio_handler.o
PIOB_Handler                                      src/ASF/sam/drivers/pio/pio_handler.o
PMC_Handler                                       src/ASF/sam/utils/cmsis/sam4s/source/templates/gcc/startup_sam4s.o
PWM_Handler                                       src/ASF/sam/utils/cmsis/sam4s/source/templates/gcc/startup_sam4s.o
PendSV_Handler                                    src/ASF/sam/utils/cmsis/sam4s/source/templates/gcc/startup_sam4s.o
RSTC_Handler                                      src/ASF/sam/utils/cmsis/sam4s/source/templates/gcc/startup_sam4s.o
RTC_Handler                                       src/ASF/sam/utils/cmsis/sam4s/source/templates/gcc/startup_sam4s.o
RTT_Handler                                       src/ASF/sam/utils/cmsis/sam4s/source/templates/gcc/startup_sam4s.o
Reset_Handler                                     src/ASF/sam/utils/cmsis/sam4s/source/templates/gcc/startup_sam4s.o
SPI_Handler                                       src/ASF/sam/utils/cmsis/sam4s/source/templates/gcc/startup_sam4s.o
SSC_Handler                                       src/microphone.o
SUPC_Handler                                      src/ASF/sam/utils/cmsis/sam4s/source/templates/gcc/startup_sam4s.o
SVC_Handler                                       src/ASF/sam/utils/cmsis/sam4s/source/templates/gcc/startup_sam4s.o
SysTick_Handler                                   src/ASF/sam/utils/cmsis/sam4s/source/templates/gcc/startup_sam4s.o
SystemCoreClock                                   src/ASF/sam/utils/cmsis/sam4s/source/templates/system_sam4s.o
SystemCoreClockUpdate                             src/ASF/sam/utils/cmsis/sam4s/source/templates/system_sam4s.o
                                                  src/ASF/common/services/clock/sam4s/sysclk.o
SystemInit                                        src/ASF/sam/utils/cmsis/sam4s/source/templates/system_sam4s.o
TC0_Handler                                       src/timer_interface.o
TC1_Handler                                       src/ASF/sam/utils/cmsis/sam4s/source/templates/gcc/startup_sam4s.o
TC2_Handler                                       src/ASF/sam/utils/cmsis/sam4s/source/templates/gcc/startup_sam4s.o
TWI0_Handler                                      src/ASF/sam/utils/cmsis/sam4s/source/templates/gcc/startup_sam4s.o
TWI1_Handler                                      src/ASF/sam/utils/cmsis/sam4s/source/templates/gcc/startup_sam4s.o
UART0_Handler                                     src/ASF/sam/utils/cmsis/sam4s/source/templates/gcc/startup_sam4s.o
UART1_Handler                                     src/ASF/sam/utils/cmsis/sam4s/source/templates/gcc/startup_sam4s.o
UDP_Handler                                       src/ASF/sam/utils/cmsis/sam4s/source/templates/gcc/startup_sam4s.o
USART0_Handler                                    src/wifi.o
USART1_Handler                                    src/ASF/sam/utils/cmsis/sam4s/source/templates/gcc/startup_sam4s.o
UsageFault_Handler                                src/ASF/sam/utils/cmsis/sam4s/source/templates/gcc/startup_sam4s.o
WDT_Handler                                       src/ASF/sam/utils/cmsis/sam4s/source/templates/gcc/startup_sam4s.o
_Balloc                                           c:/program files (x86)/atmel/studio/7.0/toolchain/arm/arm-gnu-toolchain/bin/../lib/gcc/arm-none-eabi/6.2.1/../../../../arm-none-eabi/lib/thumb/v7e-m\libc.a(lib_a-mprec.o)
                                                  c:/program files (x86)/atmel/studio/7.0/toolchain/arm/arm-gnu-toolchain/bin/../lib/gcc/arm-none-eabi/6.2.1/../../../../arm-none-eabi/lib/thumb/v7e-m\libc.a(lib_a-dtoa.o)
_Bfree                                            c:/program files (x86)/atmel/studio/7.0/toolchain/arm/arm-gnu-toolchain/bin/../lib/gcc/arm-none-eabi/6.2.1/../../../../arm-none-eabi/lib/thumb/v7e-m\libc.a(lib_a-mprec.o)
                                                  c:/program files (x86)/atmel/studio/7.0/toolchain/arm/arm-gnu-toolchain/bin/../lib/gcc/arm-none-eabi/6.2.1/../../../../arm-none-eabi/lib/thumb/v7e-m\libc.a(lib_a-dtoa.o)
_Jv_RegisterClasses                               c:/program files (x86)/atmel/studio/7.0/toolchain/arm/arm-gnu-toolchain/bin/../lib/gcc/arm-none-eabi/6.2.1/thumb/v7e-m/crtbegin.o
_PathLocale                                       c:/program files (x86)/atmel/studio/7.0/toolchain/arm/arm-gnu-toolchain/bin/../lib/gcc/arm-none-eabi/6.2.1/../../../../arm-none-eabi/lib/thumb/v7e-m\libc.a(lib_a-locale.o)
__adddf3                                          c:/program files (x86)/atmel/studio/7.0/toolchain/arm/arm-gnu-toolchain/bin/../lib/gcc/arm-none-eabi/6.2.1/thumb/v7e-m\libgcc.a(_arm_addsubdf3.o)
__addsf3                                          c:/program files (x86)/atmel/studio/7.0/toolchain/arm/arm-gnu-toolchain/bin/../lib/gcc/arm-none-eabi/6.2.1/thumb/v7e-m\libgcc.a(_arm_addsubsf3.o)
__aeabi_cdcmpeq                                   c:/program files (x86)/atmel/studio/7.0/toolchain/arm/arm-gnu-toolchain/bin/../lib/gcc/arm-none-eabi/6.2.1/thumb/v7e-m\libgcc.a(_arm_cmpdf2.o)
__aeabi_cdcmple                                   c:/program files (x86)/atmel/studio/7.0/toolchain/arm/arm-gnu-toolchain/bin/../lib/gcc/arm-none-eabi/6.2.1/thumb/v7e-m\libgcc.a(_arm_cmpdf2.o)
__aeabi_cdrcmple                                  c:/program files (x86)/atmel/studio/7.0/toolchain/arm/arm-gnu-toolchain/bin/../lib/gcc/arm-none-eabi/6.2.1/thumb/v7e-m\libgcc.a(_arm_cmpdf2.o)
__aeabi_cfcmpeq                                   c:/program files (x86)/atmel/studio/7.0/toolchain/arm/arm-gnu-toolchain/bin/../lib/gcc/arm-none-eabi/6.2.1/thumb/v7e-m\libgcc.a(_arm_cmpsf2.o)
__aeabi_cfcmple                                   c:/program files (x86)/atmel/studio/7.0/toolchain/arm/arm-gnu-toolchain/bin/../lib/gcc/arm-none-eabi/6.2.1/thumb/v7e-m\libgcc.a(_arm_cmpsf2.o)
__aeabi_cfrcmple                                  c:/program files (x86)/atmel/studio/7.0/toolchain/arm/arm-gnu-toolchain/bin/../lib/gcc/arm-none-eabi/6.2.1/thumb/v7e-m\libgcc.a(_arm_cmpsf2.o)
__aeabi_d2f                                       c:/program files (x86)/atmel/studio/7.0/toolchain/arm/arm-gnu-toolchain/bin/../lib/gcc/arm-none-eabi/6.2.1/thumb/v7e-m\libgcc.a(_arm_truncdfsf2.o)
                                                  src/microphone.o
__aeabi_d2iz                                      c:/program files (x86)/atmel/studio/7.0/toolchain/arm/arm-gnu-toolchain/bin/../lib/gcc/arm-none-eabi/6.2.1/thumb/v7e-m\libgcc.a(_arm_fixdfsi.o)
                                                  c:/program files (x86)/atmel/studio/7.0/toolchain/arm/arm-gnu-toolchain/bin/../lib/gcc/arm-none-eabi/6.2.1/../../../../arm-none-eabi/lib/thumb/v7e-m\libc.a(lib_a-dtoa.o)
__aeabi_dadd                                      c:/program files (x86)/atmel/studio/7.0/toolchain/arm/arm-gnu-toolchain/bin/../lib/gcc/arm-none-eabi/6.2.1/thumb/v7e-m\libgcc.a(_arm_addsubdf3.o)
                                                  c:/program files (x86)/atmel/studio/7.0/toolchain/arm/arm-gnu-toolchain/bin/../lib/gcc/arm-none-eabi/6.2.1/../../../../arm-none-eabi/lib/thumb/v7e-m\libc.a(lib_a-dtoa.o)
__aeabi_dcmpeq                                    c:/program files (x86)/atmel/studio/7.0/toolchain/arm/arm-gnu-toolchain/bin/../lib/gcc/arm-none-eabi/6.2.1/thumb/v7e-m\libgcc.a(_arm_cmpdf2.o)
                                                  c:/program files (x86)/atmel/studio/7.0/toolchain/arm/arm-gnu-toolchain/bin/../lib/gcc/arm-none-eabi/6.2.1/../../../../arm-none-eabi/lib/thumb/v7e-m\libc.a(lib_a-dtoa.o)
                                                  c:/program files (x86)/atmel/studio/7.0/toolchain/arm/arm-gnu-toolchain/bin/../lib/gcc/arm-none-eabi/6.2.1/../../../../arm-none-eabi/lib/thumb/v7e-m\libc.a(lib_a-svfprintf.o)
__aeabi_dcmpge                                    c:/program files (x86)/atmel/studio/7.0/toolchain/arm/arm-gnu-toolchain/bin/../lib/gcc/arm-none-eabi/6.2.1/thumb/v7e-m\libgcc.a(_arm_cmpdf2.o)
                                                  c:/program files (x86)/atmel/studio/7.0/toolchain/arm/arm-gnu-toolchain/bin/../lib/gcc/arm-none-eabi/6.2.1/../../../../arm-none-eabi/lib/thumb/v7e-m\libc.a(lib_a-dtoa.o)
__aeabi_dcmpgt                                    c:/program files (x86)/atmel/studio/7.0/toolchain/arm/arm-gnu-toolchain/bin/../lib/gcc/arm-none-eabi/6.2.1/thumb/v7e-m\libgcc.a(_arm_cmpdf2.o)
                                                  c:/program files (x86)/atmel/studio/7.0/toolchain/arm/arm-gnu-toolchain/bin/../lib/gcc/arm-none-eabi/6.2.1/../../../../arm-none-eabi/lib/thumb/v7e-m\libc.a(lib_a-dtoa.o)
__aeabi_dcmple                                    c:/program files (x86)/atmel/studio/7.0/toolchain/arm/arm-gnu-toolchain/bin/../lib/gcc/arm-none-eabi/6.2.1/thumb/v7e-m\libgcc.a(_arm_cmpdf2.o)
                                                  c:/program files (x86)/atmel/studio/7.0/toolchain/arm/arm-gnu-toolchain/bin/../lib/gcc/arm-none-eabi/6.2.1/../../../../arm-none-eabi/lib/thumb/v7e-m\libc.a(lib_a-svfprintf.o)
__aeabi_dcmplt                                    c:/program files (x86)/atmel/studio/7.0/toolchain/arm/arm-gnu-toolchain/bin/../lib/gcc/arm-none-eabi/6.2.1/thumb/v7e-m\libgcc.a(_arm_cmpdf2.o)
                                                  c:/program files (x86)/atmel/studio/7.0/toolchain/arm/arm-gnu-toolchain/bin/../lib/gcc/arm-none-eabi/6.2.1/../../../../arm-none-eabi/lib/thumb/v7e-m\libc.a(lib_a-dtoa.o)
                                                  c:/program files (x86)/atmel/studio/7.0/toolchain/arm/arm-gnu-toolchain/bin/../lib/gcc/arm-none-eabi/6.2.1/../../../../arm-none-eabi/lib/thumb/v7e-m\libc.a(lib_a-svfprintf.o)
__aeabi_dcmpun                                    c:/program files (x86)/atmel/studio/7.0/toolchain/arm/arm-gnu-toolchain/bin/../lib/gcc/arm-none-eabi/6.2.1/thumb/v7e-m\libgcc.a(_arm_unorddf2.o)
                                                  c:/program files (x86)/atmel/studio/7.0/toolchain/arm/arm-gnu-toolchain/bin/../lib/gcc/arm-none-eabi/6.2.1/../../../../arm-none-eabi/lib/thumb/v7e-m\libc.a(lib_a-svfprintf.o)
__aeabi_ddiv                                      c:/program files (x86)/atmel/studio/7.0/toolchain/arm/arm-gnu-toolchain/bin/../lib/gcc/arm-none-eabi/6.2.1/thumb/v7e-m\libgcc.a(_arm_muldivdf3.o)
                                                  c:/program files (x86)/atmel/studio/7.0/toolchain/arm/arm-gnu-toolchain/bin/../lib/gcc/arm-none-eabi/6.2.1/../../../../arm-none-eabi/lib/thumb/v7e-m\libc.a(lib_a-mprec.o)
                                                  c:/program files (x86)/atmel/studio/7.0/toolchain/arm/arm-gnu-toolchain/bin/../lib/gcc/arm-none-eabi/6.2.1/../../../../arm-none-eabi/lib/thumb/v7e-m\libc.a(lib_a-dtoa.o)
                                                  src/microphone.o
__aeabi_dmul                                      c:/program files (x86)/atmel/studio/7.0/toolchain/arm/arm-gnu-toolchain/bin/../lib/gcc/arm-none-eabi/6.2.1/thumb/v7e-m\libgcc.a(_arm_muldivdf3.o)
                                                  c:/program files (x86)/atmel/studio/7.0/toolchain/arm/arm-gnu-toolchain/bin/../lib/gcc/arm-none-eabi/6.2.1/../../../../arm-none-eabi/lib/thumb/v7e-m\libc.a(lib_a-mprec.o)
                                                  c:/program files (x86)/atmel/studio/7.0/toolchain/arm/arm-gnu-toolchain/bin/../lib/gcc/arm-none-eabi/6.2.1/../../../../arm-none-eabi/lib/thumb/v7e-m\libc.a(lib_a-dtoa.o)
                                                  src/microphone.o
__aeabi_drsub                                     c:/program files (x86)/atmel/studio/7.0/toolchain/arm/arm-gnu-toolchain/bin/../lib/gcc/arm-none-eabi/6.2.1/thumb/v7e-m\libgcc.a(_arm_addsubdf3.o)
__aeabi_dsub                                      c:/program files (x86)/atmel/studio/7.0/toolchain/arm/arm-gnu-toolchain/bin/../lib/gcc/arm-none-eabi/6.2.1/thumb/v7e-m\libgcc.a(_arm_addsubdf3.o)
                                                  c:/program files (x86)/atmel/studio/7.0/toolchain/arm/arm-gnu-toolchain/bin/../lib/gcc/arm-none-eabi/6.2.1/../../../../arm-none-eabi/lib/thumb/v7e-m\libc.a(lib_a-dtoa.o)
__aeabi_f2d                                       c:/program files (x86)/atmel/studio/7.0/toolchain/arm/arm-gnu-toolchain/bin/../lib/gcc/arm-none-eabi/6.2.1/thumb/v7e-m\libgcc.a(_arm_addsubdf3.o)
__aeabi_f2iz                                      c:/program files (x86)/atmel/studio/7.0/toolchain/arm/arm-gnu-toolchain/bin/../lib/gcc/arm-none-eabi/6.2.1/thumb/v7e-m\libgcc.a(_arm_fixsfsi.o)
                                                  c:/program files (x86)/atmel/studio/7.0/toolchain/arm/arm-gnu-toolchain/bin/../lib/gcc/arm-none-eabi/6.2.1/../../../../arm-none-eabi/lib/thumb/v7e-m\libm.a(lib_a-kf_sin.o)
                                                  c:/program files (x86)/atmel/studio/7.0/toolchain/arm/arm-gnu-toolchain/bin/../lib/gcc/arm-none-eabi/6.2.1/../../../../arm-none-eabi/lib/thumb/v7e-m\libm.a(lib_a-kf_rem_pio2.o)
                                                  c:/program files (x86)/atmel/studio/7.0/toolchain/arm/arm-gnu-toolchain/bin/../lib/gcc/arm-none-eabi/6.2.1/../../../../arm-none-eabi/lib/thumb/v7e-m\libm.a(lib_a-kf_cos.o)
                                                  c:/program files (x86)/atmel/studio/7.0/toolchain/arm/arm-gnu-toolchain/bin/../lib/gcc/arm-none-eabi/6.2.1/../../../../arm-none-eabi/lib/thumb/v7e-m\libm.a(lib_a-ef_rem_pio2.o)
                                                  src/microphone.o
__aeabi_fadd                                      c:/program files (x86)/atmel/studio/7.0/toolchain/arm/arm-gnu-toolchain/bin/../lib/gcc/arm-none-eabi/6.2.1/thumb/v7e-m\libgcc.a(_arm_addsubsf3.o)
                                                  c:/program files (x86)/atmel/studio/7.0/toolchain/arm/arm-gnu-toolchain/bin/../lib/gcc/arm-none-eabi/6.2.1/../../../../arm-none-eabi/lib/thumb/v7e-m\libm.a(lib_a-sf_scalbn.o)
                                                  c:/program files (x86)/atmel/studio/7.0/toolchain/arm/arm-gnu-toolchain/bin/../lib/gcc/arm-none-eabi/6.2.1/../../../../arm-none-eabi/lib/thumb/v7e-m\libm.a(lib_a-sf_floor.o)
                                                  c:/program files (x86)/atmel/studio/7.0/toolchain/arm/arm-gnu-toolchain/bin/../lib/gcc/arm-none-eabi/6.2.1/../../../../arm-none-eabi/lib/thumb/v7e-m\libm.a(lib_a-kf_sin.o)
                                                  c:/program files (x86)/atmel/studio/7.0/toolchain/arm/arm-gnu-toolchain/bin/../lib/gcc/arm-none-eabi/6.2.1/../../../../arm-none-eabi/lib/thumb/v7e-m\libm.a(lib_a-kf_rem_pio2.o)
                                                  c:/program files (x86)/atmel/studio/7.0/toolchain/arm/arm-gnu-toolchain/bin/../lib/gcc/arm-none-eabi/6.2.1/../../../../arm-none-eabi/lib/thumb/v7e-m\libm.a(lib_a-kf_cos.o)
                                                  c:/program files (x86)/atmel/studio/7.0/toolchain/arm/arm-gnu-toolchain/bin/../lib/gcc/arm-none-eabi/6.2.1/../../../../arm-none-eabi/lib/thumb/v7e-m\libm.a(lib_a-ef_rem_pio2.o)
__aeabi_fcmpeq                                    c:/program files (x86)/atmel/studio/7.0/toolchain/arm/arm-gnu-toolchain/bin/../lib/gcc/arm-none-eabi/6.2.1/thumb/v7e-m\libgcc.a(_arm_cmpsf2.o)
                                                  c:/program files (x86)/atmel/studio/7.0/toolchain/arm/arm-gnu-toolchain/bin/../lib/gcc/arm-none-eabi/6.2.1/../../../../arm-none-eabi/lib/thumb/v7e-m\libm.a(lib_a-kf_rem_pio2.o)
                                                  c:/program files (x86)/atmel/studio/7.0/toolchain/arm/arm-gnu-toolchain/bin/../lib/gcc/arm-none-eabi/6.2.1/../../../../arm-none-eabi/lib/thumb/v7e-m\libm.a(lib_a-ef_rem_pio2.o)
__aeabi_fcmpge                                    c:/program files (x86)/atmel/studio/7.0/toolchain/arm/arm-gnu-toolchain/bin/../lib/gcc/arm-none-eabi/6.2.1/thumb/v7e-m\libgcc.a(_arm_cmpsf2.o)
                                                  c:/program files (x86)/atmel/studio/7.0/toolchain/arm/arm-gnu-toolchain/bin/../lib/gcc/arm-none-eabi/6.2.1/../../../../arm-none-eabi/lib/thumb/v7e-m\libm.a(lib_a-kf_rem_pio2.o)
__aeabi_fcmpgt                                    c:/program files (x86)/atmel/studio/7.0/toolchain/arm/arm-gnu-toolchain/bin/../lib/gcc/arm-none-eabi/6.2.1/thumb/v7e-m\libgcc.a(_arm_cmpsf2.o)
                                                  c:/program files (x86)/atmel/studio/7.0/toolchain/arm/arm-gnu-toolchain/bin/../lib/gcc/arm-none-eabi/6.2.1/../../../../arm-none-eabi/lib/thumb/v7e-m\libm.a(lib_a-sf_floor.o)
__aeabi_fcmple                                    c:/program files (x86)/atmel/studio/7.0/toolchain/arm/arm-gnu-toolchain/bin/../lib/gcc/arm-none-eabi/6.2.1/thumb/v7e-m\libgcc.a(_arm_cmpsf2.o)
__aeabi_fcmplt                                    c:/program files (x86)/atmel/studio/7.0/toolchain/arm/arm-gnu-toolchain/bin/../lib/gcc/arm-none-eabi/6.2.1/thumb/v7e-m\libgcc.a(_arm_cmpsf2.o)
__aeabi_fdiv                                      c:/program files (x86)/atmel/studio/7.0/toolchain/arm/arm-gnu-toolchain/bin/../lib/gcc/arm-none-eabi/6.2.1/thumb/v7e-m\libgcc.a(_arm_muldivsf3.o)
__aeabi_fmul                                      c:/program files (x86)/atmel/studio/7.0/toolchain/arm/arm-gnu-toolchain/bin/../lib/gcc/arm-none-eabi/6.2.1/thumb/v7e-m\libgcc.a(_arm_muldivsf3.o)
                                                  c:/program files (x86)/atmel/studio/7.0/toolchain/arm/arm-gnu-toolchain/bin/../lib/gcc/arm-none-eabi/6.2.1/../../../../arm-none-eabi/lib/thumb/v7e-m\libm.a(lib_a-sf_scalbn.o)
                                                  c:/program files (x86)/atmel/studio/7.0/toolchain/arm/arm-gnu-toolchain/bin/../lib/gcc/arm-none-eabi/6.2.1/../../../../arm-none-eabi/lib/thumb/v7e-m\libm.a(lib_a-kf_sin.o)
                                                  c:/program files (x86)/atmel/studio/7.0/toolchain/arm/arm-gnu-toolchain/bin/../lib/gcc/arm-none-eabi/6.2.1/../../../../arm-none-eabi/lib/thumb/v7e-m\libm.a(lib_a-kf_rem_pio2.o)
                                                  c:/program files (x86)/atmel/studio/7.0/toolchain/arm/arm-gnu-toolchain/bin/../lib/gcc/arm-none-eabi/6.2.1/../../../../arm-none-eabi/lib/thumb/v7e-m\libm.a(lib_a-kf_cos.o)
                                                  c:/program files (x86)/atmel/studio/7.0/toolchain/arm/arm-gnu-toolchain/bin/../lib/gcc/arm-none-eabi/6.2.1/../../../../arm-none-eabi/lib/thumb/v7e-m\libm.a(lib_a-ef_rem_pio2.o)
                                                  src/microphone.o
__aeabi_frsub                                     c:/program files (x86)/atmel/studio/7.0/toolchain/arm/arm-gnu-toolchain/bin/../lib/gcc/arm-none-eabi/6.2.1/thumb/v7e-m\libgcc.a(_arm_addsubsf3.o)
__aeabi_fsub                                      c:/program files (x86)/atmel/studio/7.0/toolchain/arm/arm-gnu-toolchain/bin/../lib/gcc/arm-none-eabi/6.2.1/thumb/v7e-m\libgcc.a(_arm_addsubsf3.o)
                                                  c:/program files (x86)/atmel/studio/7.0/toolchain/arm/arm-gnu-toolchain/bin/../lib/gcc/arm-none-eabi/6.2.1/../../../../arm-none-eabi/lib/thumb/v7e-m\libm.a(lib_a-kf_sin.o)
                                                  c:/program files (x86)/atmel/studio/7.0/toolchain/arm/arm-gnu-toolchain/bin/../lib/gcc/arm-none-eabi/6.2.1/../../../../arm-none-eabi/lib/thumb/v7e-m\libm.a(lib_a-kf_rem_pio2.o)
                                                  c:/program files (x86)/atmel/studio/7.0/toolchain/arm/arm-gnu-toolchain/bin/../lib/gcc/arm-none-eabi/6.2.1/../../../../arm-none-eabi/lib/thumb/v7e-m\libm.a(lib_a-kf_cos.o)
                                                  c:/program files (x86)/atmel/studio/7.0/toolchain/arm/arm-gnu-toolchain/bin/../lib/gcc/arm-none-eabi/6.2.1/../../../../arm-none-eabi/lib/thumb/v7e-m\libm.a(lib_a-ef_rem_pio2.o)
                                                  c:/program files (x86)/atmel/studio/7.0/toolchain/arm/arm-gnu-toolchain/bin/../lib/gcc/arm-none-eabi/6.2.1/../../../../arm-none-eabi/lib/thumb/v7e-m\libm.a(lib_a-sf_sin.o)
__aeabi_i2d                                       c:/program files (x86)/atmel/studio/7.0/toolchain/arm/arm-gnu-toolchain/bin/../lib/gcc/arm-none-eabi/6.2.1/thumb/v7e-m\libgcc.a(_arm_addsubdf3.o)
                                                  c:/program files (x86)/atmel/studio/7.0/toolchain/arm/arm-gnu-toolchain/bin/../lib/gcc/arm-none-eabi/6.2.1/../../../../arm-none-eabi/lib/thumb/v7e-m\libc.a(lib_a-dtoa.o)
                                                  src/microphone.o
__aeabi_i2f                                       c:/program files (x86)/atmel/studio/7.0/toolchain/arm/arm-gnu-toolchain/bin/../lib/gcc/arm-none-eabi/6.2.1/thumb/v7e-m\libgcc.a(_arm_addsubsf3.o)
                                                  c:/program files (x86)/atmel/studio/7.0/toolchain/arm/arm-gnu-toolchain/bin/../lib/gcc/arm-none-eabi/6.2.1/../../../../arm-none-eabi/lib/thumb/v7e-m\libm.a(lib_a-kf_rem_pio2.o)
                                                  c:/program files (x86)/atmel/studio/7.0/toolchain/arm/arm-gnu-toolchain/bin/../lib/gcc/arm-none-eabi/6.2.1/../../../../arm-none-eabi/lib/thumb/v7e-m\libm.a(lib_a-ef_rem_pio2.o)
__aeabi_idiv0                                     c:/program files (x86)/atmel/studio/7.0/toolchain/arm/arm-gnu-toolchain/bin/../lib/gcc/arm-none-eabi/6.2.1/thumb/v7e-m\libgcc.a(_dvmd_tls.o)
__aeabi_l2d                                       c:/program files (x86)/atmel/studio/7.0/toolchain/arm/arm-gnu-toolchain/bin/../lib/gcc/arm-none-eabi/6.2.1/thumb/v7e-m\libgcc.a(_arm_addsubdf3.o)
__aeabi_l2f                                       c:/program files (x86)/atmel/studio/7.0/toolchain/arm/arm-gnu-toolchain/bin/../lib/gcc/arm-none-eabi/6.2.1/thumb/v7e-m\libgcc.a(_arm_addsubsf3.o)
__aeabi_ldiv0                                     c:/program files (x86)/atmel/studio/7.0/toolchain/arm/arm-gnu-toolchain/bin/../lib/gcc/arm-none-eabi/6.2.1/thumb/v7e-m\libgcc.a(_dvmd_tls.o)
                                                  c:/program files (x86)/atmel/studio/7.0/toolchain/arm/arm-gnu-toolchain/bin/../lib/gcc/arm-none-eabi/6.2.1/thumb/v7e-m\libgcc.a(_aeabi_uldivmod.o)
__aeabi_ui2d                                      c:/program files (x86)/atmel/studio/7.0/toolchain/arm/arm-gnu-toolchain/bin/../lib/gcc/arm-none-eabi/6.2.1/thumb/v7e-m\libgcc.a(_arm_addsubdf3.o)
                                                  c:/program files (x86)/atmel/studio/7.0/toolchain/arm/arm-gnu-toolchain/bin/../lib/gcc/arm-none-eabi/6.2.1/../../../../arm-none-eabi/lib/thumb/v7e-m\libc.a(lib_a-dtoa.o)
                                                  src/microphone.o
__aeabi_ui2f                                      c:/program files (x86)/atmel/studio/7.0/toolchain/arm/arm-gnu-toolchain/bin/../lib/gcc/arm-none-eabi/6.2.1/thumb/v7e-m\libgcc.a(_arm_addsubsf3.o)
__aeabi_ul2d                                      c:/program files (x86)/atmel/studio/7.0/toolchain/arm/arm-gnu-toolchain/bin/../lib/gcc/arm-none-eabi/6.2.1/thumb/v7e-m\libgcc.a(_arm_addsubdf3.o)
__aeabi_ul2f                                      c:/program files (x86)/atmel/studio/7.0/toolchain/arm/arm-gnu-toolchain/bin/../lib/gcc/arm-none-eabi/6.2.1/thumb/v7e-m\libgcc.a(_arm_addsubsf3.o)
__aeabi_uldivmod                                  c:/program files (x86)/atmel/studio/7.0/toolchain/arm/arm-gnu-toolchain/bin/../lib/gcc/arm-none-eabi/6.2.1/thumb/v7e-m\libgcc.a(_aeabi_uldivmod.o)
                                                  c:/program files (x86)/atmel/studio/7.0/toolchain/arm/arm-gnu-toolchain/bin/../lib/gcc/arm-none-eabi/6.2.1/../../../../arm-none-eabi/lib/thumb/v7e-m\libc.a(lib_a-svfiprintf.o)
                                                  c:/program files (x86)/atmel/studio/7.0/toolchain/arm/arm-gnu-toolchain/bin/../lib/gcc/arm-none-eabi/6.2.1/../../../../arm-none-eabi/lib/thumb/v7e-m\libc.a(lib_a-svfprintf.o)
                                                  src/main.o
                                                  src/wifi.o
                                                  src/ov2640.o
__any_on                                          c:/program files (x86)/atmel/studio/7.0/toolchain/arm/arm-gnu-toolchain/bin/../lib/gcc/arm-none-eabi/6.2.1/../../../../arm-none-eabi/lib/thumb/v7e-m\libc.a(lib_a-mprec.o)
__ascii_mbtowc                                    c:/program files (x86)/atmel/studio/7.0/toolchain/arm/arm-gnu-toolchain/bin/../lib/gcc/arm-none-eabi/6.2.1/../../../../arm-none-eabi/lib/thumb/v7e-m\libc.a(lib_a-mbtowc_r.o)
                                                  c:/program files (x86)/atmel/studio/7.0/toolchain/arm/arm-gnu-toolchain/bin/../lib/gcc/arm-none-eabi/6.2.1/../../../../arm-none-eabi/lib/thumb/v7e-m\libc.a(lib_a-locale.o)
__ascii_wctomb                                    c:/program files (x86)/atmel/studio/7.0/toolchain/arm/arm-gnu-toolchain/bin/../lib/gcc/arm-none-eabi/6.2.1/../../../../arm-none-eabi/lib/thumb/v7e-m\libc.a(lib_a-wctomb_r.o)
                                                  c:/program files (x86)/atmel/studio/7.0/toolchain/arm/arm-gnu-toolchain/bin/../lib/gcc/arm-none-eabi/6.2.1/../../../../arm-none-eabi/lib/thumb/v7e-m\libc.a(lib_a-locale.o)
__b2d                                             c:/program files (x86)/atmel/studio/7.0/toolchain/arm/arm-gnu-toolchain/bin/../lib/gcc/arm-none-eabi/6.2.1/../../../../arm-none-eabi/lib/thumb/v7e-m\libc.a(lib_a-mprec.o)
__bss_end__                                       c:/program files (x86)/atmel/studio/7.0/toolchain/arm/arm-gnu-toolchain/bin/../lib/gcc/arm-none-eabi/6.2.1/../../../../arm-none-eabi/lib/thumb/v7e-m/crt0.o
__bss_start__                                     c:/program files (x86)/atmel/studio/7.0/toolchain/arm/arm-gnu-toolchain/bin/../lib/gcc/arm-none-eabi/6.2.1/../../../../arm-none-eabi/lib/thumb/v7e-m/crt0.o
__call_exitprocs                                  c:/program files (x86)/atmel/studio/7.0/toolchain/arm/arm-gnu-toolchain/bin/../lib/gcc/arm-none-eabi/6.2.1/../../../../arm-none-eabi/lib/thumb/v7e-m\libc.a(lib_a-__call_atexit.o)
                                                  c:/program files (x86)/atmel/studio/7.0/toolchain/arm/arm-gnu-toolchain/bin/../lib/gcc/arm-none-eabi/6.2.1/../../../../arm-none-eabi/lib/thumb/v7e-m\libc.a(lib_a-exit.o)
__cmpdf2                                          c:/program files (x86)/atmel/studio/7.0/toolchain/arm/arm-gnu-toolchain/bin/../lib/gcc/arm-none-eabi/6.2.1/thumb/v7e-m\libgcc.a(_arm_cmpdf2.o)
__cmpsf2                                          c:/program files (x86)/atmel/studio/7.0/toolchain/arm/arm-gnu-toolchain/bin/../lib/gcc/arm-none-eabi/6.2.1/thumb/v7e-m\libgcc.a(_arm_cmpsf2.o)
__copybits                                        c:/program files (x86)/atmel/studio/7.0/toolchain/arm/arm-gnu-toolchain/bin/../lib/gcc/arm-none-eabi/6.2.1/../../../../arm-none-eabi/lib/thumb/v7e-m\libc.a(lib_a-mprec.o)
__d2b                                             c:/program files (x86)/atmel/studio/7.0/toolchain/arm/arm-gnu-toolchain/bin/../lib/gcc/arm-none-eabi/6.2.1/../../../../arm-none-eabi/lib/thumb/v7e-m\libc.a(lib_a-mprec.o)
                                                  c:/program files (x86)/atmel/studio/7.0/toolchain/arm/arm-gnu-toolchain/bin/../lib/gcc/arm-none-eabi/6.2.1/../../../../arm-none-eabi/lib/thumb/v7e-m\libc.a(lib_a-dtoa.o)
__deregister_frame_info                           c:/program files (x86)/atmel/studio/7.0/toolchain/arm/arm-gnu-toolchain/bin/../lib/gcc/arm-none-eabi/6.2.1/thumb/v7e-m/crtbegin.o
__divdf3                                          c:/program files (x86)/atmel/studio/7.0/toolchain/arm/arm-gnu-toolchain/bin/../lib/gcc/arm-none-eabi/6.2.1/thumb/v7e-m\libgcc.a(_arm_muldivdf3.o)
__divsf3                                          c:/program files (x86)/atmel/studio/7.0/toolchain/arm/arm-gnu-toolchain/bin/../lib/gcc/arm-none-eabi/6.2.1/thumb/v7e-m\libgcc.a(_arm_muldivsf3.o)
__dso_handle                                      c:/program files (x86)/atmel/studio/7.0/toolchain/arm/arm-gnu-toolchain/bin/../lib/gcc/arm-none-eabi/6.2.1/thumb/v7e-m/crtbegin.o
__eqdf2                                           c:/program files (x86)/atmel/studio/7.0/toolchain/arm/arm-gnu-toolchain/bin/../lib/gcc/arm-none-eabi/6.2.1/thumb/v7e-m\libgcc.a(_arm_cmpdf2.o)
__eqsf2                                           c:/program files (x86)/atmel/studio/7.0/toolchain/arm/arm-gnu-toolchain/bin/../lib/gcc/arm-none-eabi/6.2.1/thumb/v7e-m\libgcc.a(_arm_cmpsf2.o)
__extendsfdf2                                     c:/program files (x86)/atmel/studio/7.0/toolchain/arm/arm-gnu-toolchain/bin/../lib/gcc/arm-none-eabi/6.2.1/thumb/v7e-m\libgcc.a(_arm_addsubdf3.o)
__fini_array_end                                  c:/program files (x86)/atmel/studio/7.0/toolchain/arm/arm-gnu-toolchain/bin/../lib/gcc/arm-none-eabi/6.2.1/../../../../arm-none-eabi/lib/thumb/v7e-m\libc.a(lib_a-fini.o)
__fini_array_start                                c:/program files (x86)/atmel/studio/7.0/toolchain/arm/arm-gnu-toolchain/bin/../lib/gcc/arm-none-eabi/6.2.1/../../../../arm-none-eabi/lib/thumb/v7e-m\libc.a(lib_a-fini.o)
__fixdfsi                                         c:/program files (x86)/atmel/studio/7.0/toolchain/arm/arm-gnu-toolchain/bin/../lib/gcc/arm-none-eabi/6.2.1/thumb/v7e-m\libgcc.a(_arm_fixdfsi.o)
__fixsfsi                                         c:/program files (x86)/atmel/studio/7.0/toolchain/arm/arm-gnu-toolchain/bin/../lib/gcc/arm-none-eabi/6.2.1/thumb/v7e-m\libgcc.a(_arm_fixsfsi.o)
__floatdidf                                       c:/program files (x86)/atmel/studio/7.0/toolchain/arm/arm-gnu-toolchain/bin/../lib/gcc/arm-none-eabi/6.2.1/thumb/v7e-m\libgcc.a(_arm_addsubdf3.o)
__floatdisf                                       c:/program files (x86)/atmel/studio/7.0/toolchain/arm/arm-gnu-toolchain/bin/../lib/gcc/arm-none-eabi/6.2.1/thumb/v7e-m\libgcc.a(_arm_addsubsf3.o)
__floatsidf                                       c:/program files (x86)/atmel/studio/7.0/toolchain/arm/arm-gnu-toolchain/bin/../lib/gcc/arm-none-eabi/6.2.1/thumb/v7e-m\libgcc.a(_arm_addsubdf3.o)
__floatsisf                                       c:/program files (x86)/atmel/studio/7.0/toolchain/arm/arm-gnu-toolchain/bin/../lib/gcc/arm-none-eabi/6.2.1/thumb/v7e-m\libgcc.a(_arm_addsubsf3.o)
__floatundidf                                     c:/program files (x86)/atmel/studio/7.0/toolchain/arm/arm-gnu-toolchain/bin/../lib/gcc/arm-none-eabi/6.2.1/thumb/v7e-m\libgcc.a(_arm_addsubdf3.o)
__floatundisf                                     c:/program files (x86)/atmel/studio/7.0/toolchain/arm/arm-gnu-toolchain/bin/../lib/gcc/arm-none-eabi/6.2.1/thumb/v7e-m\libgcc.a(_arm_addsubsf3.o)
__floatunsidf                                     c:/program files (x86)/atmel/studio/7.0/toolchain/arm/arm-gnu-toolchain/bin/../lib/gcc/arm-none-eabi/6.2.1/thumb/v7e-m\libgcc.a(_arm_addsubdf3.o)
__floatunsisf                                     c:/program files (x86)/atmel/studio/7.0/toolchain/arm/arm-gnu-toolchain/bin/../lib/gcc/arm-none-eabi/6.2.1/thumb/v7e-m\libgcc.a(_arm_addsubsf3.o)
__gedf2                                           c:/program files (x86)/atmel/studio/7.0/toolchain/arm/arm-gnu-toolchain/bin/../lib/gcc/arm-none-eabi/6.2.1/thumb/v7e-m\libgcc.a(_arm_cmpdf2.o)
__gesf2                                           c:/program files (x86)/atmel/studio/7.0/toolchain/arm/arm-gnu-toolchain/bin/../lib/gcc/arm-none-eabi/6.2.1/thumb/v7e-m\libgcc.a(_arm_cmpsf2.o)
__global_locale                                   c:/program files (x86)/atmel/studio/7.0/toolchain/arm/arm-gnu-toolchain/bin/../lib/gcc/arm-none-eabi/6.2.1/../../../../arm-none-eabi/lib/thumb/v7e-m\libc.a(lib_a-locale.o)
                                                  c:/program files (x86)/atmel/studio/7.0/toolchain/arm/arm-gnu-toolchain/bin/../lib/gcc/arm-none-eabi/6.2.1/../../../../arm-none-eabi/lib/thumb/v7e-m\libc.a(lib_a-wctomb_r.o)
                                                  c:/program files (x86)/atmel/studio/7.0/toolchain/arm/arm-gnu-toolchain/bin/../lib/gcc/arm-none-eabi/6.2.1/../../../../arm-none-eabi/lib/thumb/v7e-m\libc.a(lib_a-mbtowc_r.o)
                                                  c:/program files (x86)/atmel/studio/7.0/toolchain/arm/arm-gnu-toolchain/bin/../lib/gcc/arm-none-eabi/6.2.1/../../../../arm-none-eabi/lib/thumb/v7e-m\libc.a(lib_a-localeconv.o)
__gtdf2                                           c:/program files (x86)/atmel/studio/7.0/toolchain/arm/arm-gnu-toolchain/bin/../lib/gcc/arm-none-eabi/6.2.1/thumb/v7e-m\libgcc.a(_arm_cmpdf2.o)
__gtsf2                                           c:/program files (x86)/atmel/studio/7.0/toolchain/arm/arm-gnu-toolchain/bin/../lib/gcc/arm-none-eabi/6.2.1/thumb/v7e-m\libgcc.a(_arm_cmpsf2.o)
__hi0bits                                         c:/program files (x86)/atmel/studio/7.0/toolchain/arm/arm-gnu-toolchain/bin/../lib/gcc/arm-none-eabi/6.2.1/../../../../arm-none-eabi/lib/thumb/v7e-m\libc.a(lib_a-mprec.o)
                                                  c:/program files (x86)/atmel/studio/7.0/toolchain/arm/arm-gnu-toolchain/bin/../lib/gcc/arm-none-eabi/6.2.1/../../../../arm-none-eabi/lib/thumb/v7e-m\libc.a(lib_a-dtoa.o)
__i2b                                             c:/program files (x86)/atmel/studio/7.0/toolchain/arm/arm-gnu-toolchain/bin/../lib/gcc/arm-none-eabi/6.2.1/../../../../arm-none-eabi/lib/thumb/v7e-m\libc.a(lib_a-mprec.o)
                                                  c:/program files (x86)/atmel/studio/7.0/toolchain/arm/arm-gnu-toolchain/bin/../lib/gcc/arm-none-eabi/6.2.1/../../../../arm-none-eabi/lib/thumb/v7e-m\libc.a(lib_a-dtoa.o)
__ieee754_rem_pio2f                               c:/program files (x86)/atmel/studio/7.0/toolchain/arm/arm-gnu-toolchain/bin/../lib/gcc/arm-none-eabi/6.2.1/../../../../arm-none-eabi/lib/thumb/v7e-m\libm.a(lib_a-ef_rem_pio2.o)
                                                  c:/program files (x86)/atmel/studio/7.0/toolchain/arm/arm-gnu-toolchain/bin/../lib/gcc/arm-none-eabi/6.2.1/../../../../arm-none-eabi/lib/thumb/v7e-m\libm.a(lib_a-sf_sin.o)
__init_array_end                                  c:/program files (x86)/atmel/studio/7.0/toolchain/arm/arm-gnu-toolchain/bin/../lib/gcc/arm-none-eabi/6.2.1/../../../../arm-none-eabi/lib/thumb/v7e-m\libc.a(lib_a-init.o)
__init_array_start                                c:/program files (x86)/atmel/studio/7.0/toolchain/arm/arm-gnu-toolchain/bin/../lib/gcc/arm-none-eabi/6.2.1/../../../../arm-none-eabi/lib/thumb/v7e-m\libc.a(lib_a-init.o)
__kernel_cosf                                     c:/program files (x86)/atmel/studio/7.0/toolchain/arm/arm-gnu-toolchain/bin/../lib/gcc/arm-none-eabi/6.2.1/../../../../arm-none-eabi/lib/thumb/v7e-m\libm.a(lib_a-kf_cos.o)
                                                  c:/program files (x86)/atmel/studio/7.0/toolchain/arm/arm-gnu-toolchain/bin/../lib/gcc/arm-none-eabi/6.2.1/../../../../arm-none-eabi/lib/thumb/v7e-m\libm.a(lib_a-sf_sin.o)
__kernel_rem_pio2f                                c:/program files (x86)/atmel/studio/7.0/toolchain/arm/arm-gnu-toolchain/bin/../lib/gcc/arm-none-eabi/6.2.1/../../../../arm-none-eabi/lib/thumb/v7e-m\libm.a(lib_a-kf_rem_pio2.o)
                                                  c:/program files (x86)/atmel/studio/7.0/toolchain/arm/arm-gnu-toolchain/bin/../lib/gcc/arm-none-eabi/6.2.1/../../../../arm-none-eabi/lib/thumb/v7e-m\libm.a(lib_a-ef_rem_pio2.o)
__kernel_sinf                                     c:/program files (x86)/atmel/studio/7.0/toolchain/arm/arm-gnu-toolchain/bin/../lib/gcc/arm-none-eabi/6.2.1/../../../../arm-none-eabi/lib/thumb/v7e-m\libm.a(lib_a-kf_sin.o)
                                                  c:/program files (x86)/atmel/studio/7.0/toolchain/arm/arm-gnu-toolchain/bin/../lib/gcc/arm-none-eabi/6.2.1/../../../../arm-none-eabi/lib/thumb/v7e-m\libm.a(lib_a-sf_sin.o)
__ledf2                                           c:/program files (x86)/atmel/studio/7.0/toolchain/arm/arm-gnu-toolchain/bin/../lib/gcc/arm-none-eabi/6.2.1/thumb/v7e-m\libgcc.a(_arm_cmpdf2.o)
__lesf2                                           c:/program files (x86)/atmel/studio/7.0/toolchain/arm/arm-gnu-toolchain/bin/../lib/gcc/arm-none-eabi/6.2.1/thumb/v7e-m\libgcc.a(_arm_cmpsf2.o)
__libc_fini                                       c:/program files (x86)/atmel/studio/7.0/toolchain/arm/arm-gnu-toolchain/bin/../lib/gcc/arm-none-eabi/6.2.1/../../../../arm-none-eabi/lib/thumb/v7e-m\libc.a(lib_a-__call_atexit.o)
__libc_fini_array                                 c:/program files (x86)/atmel/studio/7.0/toolchain/arm/arm-gnu-toolchain/bin/../lib/gcc/arm-none-eabi/6.2.1/../../../../arm-none-eabi/lib/thumb/v7e-m\libc.a(lib_a-fini.o)
                                                  c:/program files (x86)/atmel/studio/7.0/toolchain/arm/arm-gnu-toolchain/bin/../lib/gcc/arm-none-eabi/6.2.1/../../../../arm-none-eabi/lib/thumb/v7e-m\libc.a(lib_a-__call_atexit.o)
                                                  c:/program files (x86)/atmel/studio/7.0/toolchain/arm/arm-gnu-toolchain/bin/../lib/gcc/arm-none-eabi/6.2.1/../../../../arm-none-eabi/lib/thumb/v7e-m/crt0.o
__libc_init_array                                 c:/program files (x86)/atmel/studio/7.0/toolchain/arm/arm-gnu-toolchain/bin/../lib/gcc/arm-none-eabi/6.2.1/../../../../arm-none-eabi/lib/thumb/v7e-m\libc.a(lib_a-init.o)