Archive member included to satisfy reference by file (symbol)

c:/program files (x86)/atmel/studio/7.0/toolchain/arm/arm-gnu-toolchain/bin/../lib/gcc/arm-none-eabi/5.3.1/armv7e-m\libgcc.a(_aeabi_uldivmod.o)
                              src/ov2640.o (__aeabi_uldivmod)
c:/program files (x86)/atmel/studio/7.0/toolchain/arm/arm-gnu-toolchain/bin/../lib/gcc/arm-none-eabi/5.3.1/armv7e-m\libgcc.a(_udivmoddi4.o)
                              c:/program files (x86)/atmel/studio/7.0/toolchain/arm/arm-gnu-toolchain/bin/../lib/gcc/arm-none-eabi/5.3.1/armv7e-m\libgcc.a(_aeabi_uldivmod.o) (__udivmoddi4)
c:/program files (x86)/atmel/studio/7.0/toolchain/arm/arm-gnu-toolchain/bin/../lib/gcc/arm-none-eabi/5.3.1/armv7e-m\libgcc.a(_dvmd_tls.o)
                              c:/program files (x86)/atmel/studio/7.0/toolchain/arm/arm-gnu-toolchain/bin/../lib/gcc/arm-none-eabi/5.3.1/armv7e-m\libgcc.a(_aeabi_uldivmod.o) (__aeabi_ldiv0)
c:/program files (x86)/atmel/studio/7.0/toolchain/arm/arm-gnu-toolchain/bin/../lib/gcc/arm-none-eabi/5.3.1/../../../../arm-none-eabi/lib/armv7e-m\libc.a(lib_a-exit.o)
                              c:/program files (x86)/atmel/studio/7.0/toolchain/arm/arm-gnu-toolchain/bin/../lib/gcc/arm-none-eabi/5.3.1/../../../../arm-none-eabi/lib/armv7e-m/crt0.o (exit)
c:/program files (x86)/atmel/studio/7.0/toolchain/arm/arm-gnu-toolchain/bin/../lib/gcc/arm-none-eabi/5.3.1/../../../../arm-none-eabi/lib/armv7e-m\libc.a(lib_a-impure.o)
                              c:/program files (x86)/atmel/studio/7.0/toolchain/arm/arm-gnu-toolchain/bin/../lib/gcc/arm-none-eabi/5.3.1/../../../../arm-none-eabi/lib/armv7e-m\libc.a(lib_a-exit.o) (_global_impure_ptr)
c:/program files (x86)/atmel/studio/7.0/toolchain/arm/arm-gnu-toolchain/bin/../lib/gcc/arm-none-eabi/5.3.1/../../../../arm-none-eabi/lib/armv7e-m\libc.a(lib_a-init.o)
                              c:/program files (x86)/atmel/studio/7.0/toolchain/arm/arm-gnu-toolchain/bin/../lib/gcc/arm-none-eabi/5.3.1/../../../../arm-none-eabi/lib/armv7e-m/crt0.o (__libc_init_array)
c:/program files (x86)/atmel/studio/7.0/toolchain/arm/arm-gnu-toolchain/bin/../lib/gcc/arm-none-eabi/5.3.1/../../../../arm-none-eabi/lib/armv7e-m\libc.a(lib_a-iprintf.o)
                              src/ASF/sam/drivers/adc/adc.o (iprintf)
c:/program files (x86)/atmel/studio/7.0/toolchain/arm/arm-gnu-toolchain/bin/../lib/gcc/arm-none-eabi/5.3.1/../../../../arm-none-eabi/lib/armv7e-m\libc.a(lib_a-memset.o)
                              c:/program files (x86)/atmel/studio/7.0/toolchain/arm/arm-gnu-toolchain/bin/../lib/gcc/arm-none-eabi/5.3.1/../../../../arm-none-eabi/lib/armv7e-m/crt0.o (memset)
c:/program files (x86)/atmel/studio/7.0/toolchain/arm/arm-gnu-toolchain/bin/../lib/gcc/arm-none-eabi/5.3.1/../../../../arm-none-eabi/lib/armv7e-m\libc.a(lib_a-puts.o)
                              src/ASF/sam/drivers/adc/adc.o (puts)
c:/program files (x86)/atmel/studio/7.0/toolchain/arm/arm-gnu-toolchain/bin/../lib/gcc/arm-none-eabi/5.3.1/../../../../arm-none-eabi/lib/armv7e-m\libc.a(lib_a-sprintf.o)
                              src/wifi.o (sprintf)
c:/program files (x86)/atmel/studio/7.0/toolchain/arm/arm-gnu-toolchain/bin/../lib/gcc/arm-none-eabi/5.3.1/../../../../arm-none-eabi/lib/armv7e-m\libc.a(lib_a-strlen.o)
                              c:/program files (x86)/atmel/studio/7.0/toolchain/arm/arm-gnu-toolchain/bin/../lib/gcc/arm-none-eabi/5.3.1/../../../../arm-none-eabi/lib/armv7e-m\libc.a(lib_a-puts.o) (strlen)
c:/program files (x86)/atmel/studio/7.0/toolchain/arm/arm-gnu-toolchain/bin/../lib/gcc/arm-none-eabi/5.3.1/../../../../arm-none-eabi/lib/armv7e-m\libc.a(lib_a-strstr.o)
                              src/wifi.o (strstr)
c:/program files (x86)/atmel/studio/7.0/toolchain/arm/arm-gnu-toolchain/bin/../lib/gcc/arm-none-eabi/5.3.1/../../../../arm-none-eabi/lib/armv7e-m\libc.a(lib_a-strtok.o)
                              src/main.o (strtok)
c:/program files (x86)/atmel/studio/7.0/toolchain/arm/arm-gnu-toolchain/bin/../lib/gcc/arm-none-eabi/5.3.1/../../../../arm-none-eabi/lib/armv7e-m\libc.a(lib_a-strtok_r.o)
                              c:/program files (x86)/atmel/studio/7.0/toolchain/arm/arm-gnu-toolchain/bin/../lib/gcc/arm-none-eabi/5.3.1/../../../../arm-none-eabi/lib/armv7e-m\libc.a(lib_a-strtok.o) (__strtok_r)
c:/program files (x86)/atmel/studio/7.0/toolchain/arm/arm-gnu-toolchain/bin/../lib/gcc/arm-none-eabi/5.3.1/../../../../arm-none-eabi/lib/armv7e-m\libc.a(lib_a-svfprintf.o)
                              c:/program files (x86)/atmel/studio/7.0/toolchain/arm/arm-gnu-toolchain/bin/../lib/gcc/arm-none-eabi/5.3.1/../../../../arm-none-eabi/lib/armv7e-m\libc.a(lib_a-sprintf.o) (_svfprintf_r)
c:/program files (x86)/atmel/studio/7.0/toolchain/arm/arm-gnu-toolchain/bin/../lib/gcc/arm-none-eabi/5.3.1/../../../../arm-none-eabi/lib/armv7e-m\libc.a(lib_a-vfiprintf.o)
[...]
Memory Configuration

Name             Origin             Length             Attributes
rom              0x00400000         0x00080000         xr
ram              0x20000000         0x00020000         xrw
*default*        0x00000000         0xffffffff

Linker script and memory map

LOAD c:/program files (x86)/atmel/studio/7.0/toolchain/arm/arm-gnu-toolchain/bin/../lib/gcc/arm-none-eabi/5.3.1/armv7e-m/crti.o
LOAD c:/program files (x86)/atmel/studio/7.0/toolchain/arm/arm-gnu-toolchain/bin/../lib/gcc/arm-none-eabi/5.3.1/armv7e-m/crtbegin.o
LOAD c:/program files (x86)/atmel/studio/7.0/toolchain/arm/arm-gnu-toolchain/bin/../lib/gcc/arm-none-eabi/5.3.1/../../../../arm-none-eabi/lib/armv7e-m/crt0.o
LOAD src/ASF/sam/drivers/adc/adc.o
LOAD src/ASF/sam/drivers/adc/adc_sam3u.o
LOAD src/ASF/sam/drivers/pdc/pdc.o
LOAD src/ASF/sam/drivers/ssc/ssc.o
LOAD src/ASF/sam/drivers/tc/tc.o
LOAD src/ASF/sam/drivers/wdt/wdt.o
LOAD src/microphone.o
LOAD src/ASF/common/services/delay/sam/cycle_counter.o
LOAD src/ASF/sam/drivers/pio/pio_handler.o
LOAD src/ASF/sam/drivers/twi/twi.o
LOAD src/ASF/sam/drivers/usart/usart.o
LOAD src/camera.o
LOAD src/ov2640.o
LOAD src/ov2640_table_registers.o
LOAD src/timer_interface.o
LOAD src/wifi.o
LOAD src/ASF/common/services/serial/usart_serial.o
LOAD src/ASF/common/services/clock/sam4s/sysclk.o
LOAD src/ASF/sam/drivers/pio/pio.o
LOAD src/ASF/sam/drivers/pmc/pmc.o
LOAD src/ASF/sam/drivers/uart/uart.o
LOAD src/ASF/sam/drivers/pmc/sleep.o
LOAD src/ASF/common/boards/user_board/init.o
LOAD src/ASF/common/utils/interrupt/interrupt_sam_nvic.o
LOAD src/ASF/sam/utils/cmsis/sam4s/source/templates/gcc/startup_sam4s.o
LOAD src/ASF/sam/utils/cmsis/sam4s/source/templates/system_sam4s.o
LOAD src/ASF/sam/utils/syscalls/gcc/syscalls.o
LOAD src/main.o
START GROUP
LOAD ../src/ASF/thirdparty/CMSIS/Lib/GCC\libarm_cortexM4l_math.a
LOAD c:/program files (x86)/atmel/studio/7.0/toolchain/arm/arm-gnu-toolchain/bin/../lib/gcc/arm-none-eabi/5.3.1/../../../../arm-none-eabi/lib/armv7e-m\libm.a
END GROUP
START GROUP
LOAD c:/program files (x86)/atmel/studio/7.0/toolchain/arm/arm-gnu-toolchain/bin/../lib/gcc/arm-none-eabi/5.3.1/armv7e-m\libgcc.a
LOAD c:/program files (x86)/atmel/studio/7.0/toolchain/arm/arm-gnu-toolchain/bin/../lib/gcc/arm-none-eabi/5.3.1/../../../../arm-none-eabi/lib/armv7e-m\libc.a
END GROUP
LOAD c:/program files (x86)/atmel/studio/7.0/toolchain/arm/arm-gnu-toolchain/bin/../lib/gcc/arm-none-eabi/5.3.1/armv7e-m/crtend.o
LOAD c:/program files (x86)/atmel/studio/7.0/toolchain/arm/arm-gnu-toolchain/bin/../lib/gcc/arm-none-eabi/5.3.1/armv7e-m/crtn.o
                0x00003000                __stack_size__ = DEFINED (__stack_size__)?__stack_size__:0x3000
                0x2001fffc                __ram_end__ = ((ORIGIN (ram) + LENGTH (ram)) - 0x4)

.text           0x00400000     0x9b50
                0x00400000                . = ALIGN (0x4)
                0x00400000                _sfixed = .
 *(.vectors .vectors.*)
 .vectors       0x00400000       0xcc src/ASF/sam/utils/cmsis/sam4s/source/templates/gcc/startup_sam4s.o
                0x00400000                exception_table
 *(.text .text.* .gnu.linkonce.t.*)
 .text          0x004000cc       0x5c c:/program files (x86)/atmel/studio/7.0/toolchain/arm/arm-gnu-toolchain/bin/../lib/gcc/arm-none-eabi/5.3.1/armv7e-m/crtbegin.o
 .text.ssc_set_clock_divider
                0x00400128       0x40 src/ASF/sam/drivers/ssc/ssc.o
                0x00400128                ssc_set_clock_divider
 .text.ssc_i2s_set_receiver
                0x00400168       0xfc src/ASF/sam/drivers/ssc/ssc.o
                0x00400168                ssc_i2s_set_receiver
 .text.ssc_reset
                0x00400264       0x38 src/ASF/sam/drivers/ssc/ssc.o
                0x00400264                ssc_reset
 .text.ssc_enable_rx
                0x0040029c       0x18 src/ASF/sam/drivers/ssc/ssc.o
                0x0040029c                ssc_enable_rx
 .text.ssc_set_receiver
                0x004002b4       0xb0 src/ASF/sam/drivers/ssc/ssc.o
                0x004002b4                ssc_set_receiver
 .text.ssc_enable_interrupt
                0x00400364       0x1c src/ASF/sam/drivers/ssc/ssc.o
                0x00400364                ssc_enable_interrupt
 .text.ssc_get_status
                0x00400380       0x18 src/ASF/sam/drivers/ssc/ssc.o
                0x00400380                ssc_get_status
 .text.ssc_read
                0x00400398       0x40 src/ASF/sam/drivers/ssc/ssc.o
                0x00400398                ssc_read
 .text.tc_init  0x004003d8       0x38 src/ASF/sam/drivers/tc/tc.o
                0x004003d8                tc_init
 .text.tc_start
                0x00400410       0x20 src/ASF/sam/drivers/tc/tc.o
                0x00400410                tc_start
 .text.tc_write_rc
                0x00400430       0x24 src/ASF/sam/drivers/tc/tc.o
                0x00400430                tc_write_rc
 .text.tc_enable_interrupt
                0x00400454       0x28 src/ASF/sam/drivers/tc/tc.o
                0x00400454                tc_enable_interrupt
 .text.tc_get_status
                0x0040047c       0x24 src/ASF/sam/drivers/tc/tc.o
                0x0040047c                tc_get_status
 .text.tc_find_mck_divisor
                0x004004a0       0xa4 src/ASF/sam/drivers/tc/tc.o
                0x004004a0                tc_find_mck_divisor
 .text.wdt_disable
                0x00400544       0x1c src/ASF/sam/drivers/wdt/wdt.o
                0x00400544                wdt_disable
 .text.NVIC_EnableIRQ
                0x00400560       0x30 src/microphone.o
 .text.NVIC_DisableIRQ
                0x00400590       0x34 src/microphone.o
 .text.NVIC_ClearPendingIRQ
                0x004005c4       0x34 src/microphone.o
 .text.NVIC_SetPriority
                0x004005f8       0x54 src/microphone.o
 .text.osc_get_rate
                0x0040064c       0x74 src/microphone.o
 .text.sysclk_get_main_hz
                0x004006c0       0x1c src/microphone.o
 .text.sysclk_get_cpu_hz
                0x004006dc       0x14 src/microphone.o
 .text.start_i2s_capture
                0x004006f0       0x18 src/microphone.o
                0x004006f0                start_i2s_capture
 .text.SSC_Handler
                0x00400708       0x88 src/microphone.o
                0x00400708                SSC_Handler
 .text.modify_data
                0x00400790       0x18 src/microphone.o
                0x00400790                modify_data
 .text.configure_i2s
                0x004007a8       0x94 src/microphone.o
                0x004007a8                configure_i2s
 .text.pio_handler_process
                0x0040083c       0xd4 src/ASF/sam/drivers/pio/pio_handler.o
                0x0040083c                pio_handler_process
 .text.pio_handler_set
                0x00400910       0xa0 src/ASF/sam/drivers/pio/pio_handler.o
                0x00400910                pio_handler_set
 .text.PIOA_Handler
                0x004009b0       0x18 src/ASF/sam/drivers/pio/pio_handler.o
                0x004009b0                PIOA_Handler
 .text.PIOB_Handler
                0x004009c8       0x18 src/ASF/sam/drivers/pio/pio_handler.o
                0x004009c8                PIOB_Handler
 .text.twi_enable_master_mode
                0x004009e0       0x24 src/ASF/sam/drivers/twi/twi.o
                0x004009e0                twi_enable_master_mode
 .text.twi_master_init
                0x00400a04       0x64 src/ASF/sam/drivers/twi/twi.o
                0x00400a04                twi_master_init
 .text.twi_set_speed
                0x00400a68       0xf4 src/ASF/sam/drivers/twi/twi.o
                0x00400a68                twi_set_speed
 .text.twi_mk_addr
                0x00400b5c       0x5c src/ASF/sam/drivers/twi/twi.o
                0x00400b5c                twi_mk_addr
 .text.twi_master_read
                0x00400bb8      0x10c src/ASF/sam/drivers/twi/twi.o
                0x00400bb8                twi_master_read
 .text.twi_master_write
                0x00400cc4       0xdc src/ASF/sam/drivers/twi/twi.o
                0x00400cc4                twi_master_write
 .text.twi_reset
                0x00400da0       0x1c src/ASF/sam/drivers/twi/twi.o
                0x00400da0                twi_reset
 .text.usart_set_async_baudrate
                0x00400dbc       0x88 src/ASF/sam/drivers/usart/usart.o
                0x00400dbc                usart_set_async_baudrate
 .text.usart_reset
                0x00400e44       0x60 src/ASF/sam/drivers/usart/usart.o
                0x00400e44                usart_reset
 .text.usart_init_rs232
                0x00400ea4       0x84 src/ASF/sam/drivers/usart/usart.o
                0x00400ea4                usart_init_rs232
 .text.usart_init_hw_handshaking
                0x00400f28       0x40 src/ASF/sam/drivers/usart/usart.o
                0x00400f28                usart_init_hw_handshaking
 .text.usart_enable_tx
                0x00400f68       0x18 src/ASF/sam/drivers/usart/usart.o
                0x00400f68                usart_enable_tx
 .text.usart_reset_tx
                0x00400f80       0x18 src/ASF/sam/drivers/usart/usart.o
                0x00400f80                usart_reset_tx
 .text.usart_enable_rx
                0x00400f98       0x18 src/ASF/sam/drivers/usart/usart.o
                0x00400f98                usart_enable_rx
 .text.usart_reset_rx
                0x00400fb0       0x18 src/ASF/sam/drivers/usart/usart.o
                0x00400fb0                usart_reset_rx
 .text.usart_enable_interrupt
                0x00400fc8       0x1c src/ASF/sam/drivers/usart/usart.o
                0x00400fc8                usart_enable_interrupt
 .text.usart_disable_interrupt
                0x00400fe4       0x1c src/ASF/sam/drivers/usart/usart.o
                0x00400fe4                usart_disable_interrupt
 .text.usart_get_status
                0x00401000       0x18 src/ASF/sam/drivers/usart/usart.o
                0x00401000                usart_get_status
 .text.usart_reset_status
                0x00401018       0x1c src/ASF/sam/drivers/usart/usart.o
                0x00401018                usart_reset_status
 .text.usart_drive_DTR_pin_high
                0x00401034       0x1c src/ASF/sam/drivers/usart/usart.o
                0x00401034                usart_drive_DTR_pin_high
 .text.usart_drive_RTS_pin_high
                0x00401050       0x1c src/ASF/sam/drivers/usart/usart.o
                0x00401050                usart_drive_RTS_pin_high
 .text.usart_putchar
                0x0040106c       0x30 src/ASF/sam/drivers/usart/usart.o
                0x0040106c                usart_putchar
 .text.usart_write_line
                0x0040109c       0x30 src/ASF/sam/drivers/usart/usart.o
                0x0040109c                usart_write_line
 .text.usart_read
                0x004010cc       0x34 src/ASF/sam/drivers/usart/usart.o
                0x004010cc                usart_read
 .text.usart_disable_writeprotect
                0x00401100       0x20 src/ASF/sam/drivers/usart/usart.o
                0x00401100                usart_disable_writeprotect
 .text.NVIC_EnableIRQ
                0x00401120       0x30 src/camera.o
 .text.NVIC_DisableIRQ
                0x00401150       0x34 src/camera.o
 .text.NVIC_ClearPendingIRQ
                0x00401184       0x34 src/camera.o
 .text.NVIC_SetPriority
                0x004011b8       0x54 src/camera.o
 .text.osc_get_rate
                0x0040120c       0x74 src/camera.o
 .text.sysclk_get_main_hz
                0x00401280       0x1c src/camera.o
 .text.sysclk_get_cpu_hz
                0x0040129c       0x14 src/camera.o
 .text.handler_vsync
                0x004012b0       0x20 src/camera.o
                0x004012b0                handler_vsync
 .text.configure_vsync
                0x004012d0       0x38 src/camera.o
                0x004012d0                configure_vsync
 .text.configure_twi
                0x00401308       0x68 src/camera.o
                0x00401308                configure_twi
 .text.init_pio_capture
                0x00401370       0x7c src/camera.o
                0x00401370                init_pio_capture
 .text.init_camera
                0x004013ec       0x58 src/camera.o
                0x004013ec                init_camera
 .text.configure_camera
                0x00401444       0x88 src/camera.o
                0x00401444                configure_camera
 .text.capture_pio
                0x004014cc       0x6c src/camera.o
                0x004014cc                capture_pio
 .text.start_capture
                0x00401538       0x74 src/camera.o
                0x00401538                start_capture
 .text.find_image_len
                0x004015ac       0x88 src/camera.o
                0x004015ac                find_image_len
 .text.osc_get_rate
                0x00401634       0x74 src/ov2640.o
 .text.sysclk_get_main_hz
                0x004016a8       0x1c src/ov2640.o
 .text.sysclk_get_cpu_hz
                0x004016c4       0x14 src/ov2640.o
 .text.ov_id    0x004016d8       0x70 src/ov2640.o
 .text.ov_manufacturer
                0x00401748       0x78 src/ov2640.o
 .text.ov_test_write
                0x004017c0       0xb0 src/ov2640.o
 .text.ov_read_reg
                0x00401870       0x24 src/ov2640.o
                0x00401870                ov_read_reg
 .text.ov_write_reg
                0x00401894       0x24 src/ov2640.o
                0x00401894                ov_write_reg
 .text.ov_write_regs
                0x004018b8       0xd4 src/ov2640.o
                0x004018b8                ov_write_regs
 .text.ov_init  0x0040198c       0x8c src/ov2640.o
                0x0040198c                ov_init
 .text.ov_configure
                0x00401a18      0x13c src/ov2640.o
                0x00401a18                ov_configure
 .text.NVIC_EnableIRQ
                0x00401b54       0x30 src/timer_interface.o
 .text.osc_get_rate
                0x00401b84       0x74 src/timer_interface.o
 .text.sysclk_get_main_hz
                0x00401bf8       0x1c src/timer_interface.o
 .text.sysclk_get_cpu_hz
                0x00401c14       0x14 src/timer_interface.o
 .text.TC0_Handler
                0x00401c28       0x3c src/timer_interface.o
                0x00401c28                TC0_Handler
 .text.configure_tc
                0x00401c64       0x80 src/timer_interface.o
                0x00401c64                configure_tc
 .text.NVIC_EnableIRQ
                0x00401ce4       0x30 src/wifi.o
 .text.osc_get_rate
                0x00401d14       0x74 src/wifi.o
 .text.sysclk_get_main_hz
                0x00401d88       0x1c src/wifi.o
 .text.sysclk_get_cpu_hz
                0x00401da4       0x14 src/wifi.o
 .text.sysclk_get_peripheral_hz
                0x00401db8       0x14 src/wifi.o
 .text.sysclk_enable_peripheral_clock
                0x00401dcc       0x1c src/wifi.o
 .text.USART0_Handler
                0x00401de8       0x84 src/wifi.o
                0x00401de8                USART0_Handler
 .text.configure_usart
                0x00401e6c       0x84 src/wifi.o
                0x00401e6c                configure_usart
 .text.handler_command_complete
                0x00401ef0       0x14 src/wifi.o
                0x00401ef0                handler_command_complete
 .text.configure_command_complete
                0x00401f04       0x64 src/wifi.o
                0x00401f04                configure_command_complete
 .text.handler_web_setup
                0x00401f68       0x20 src/wifi.o
                0x00401f68                handler_web_setup
 .text.configure_web_setup
                0x00401f88       0x60 src/wifi.o
                0x00401f88                configure_web_setup
 .text.write_wifi_command_safe
                0x00401fe8      0x14c src/wifi.o
                0x00401fe8                write_wifi_command_safe
 .text.open_camera_websocket
                0x00402134       0x70 src/wifi.o
                0x00402134                open_camera_websocket
 .text.check_ws_handle
                0x004021a4       0x54 src/wifi.o
                0x004021a4                check_ws_handle
 .text.setup_wifi
                0x004021f8       0x2c src/wifi.o
                0x004021f8                setup_wifi
 .text.configure_wifi
                0x00402224       0x30 src/wifi.o
                0x00402224                configure_wifi
 .text.reboot_wifi
                0x00402254       0x78 src/wifi.o
                0x00402254                reboot_wifi
 .text.write_image_data_safe
                0x004022cc      0x1ec src/wifi.o
                0x004022cc                write_image_data_safe
 .text.send_image_ws
                0x004024b8      0x170 src/wifi.o
                0x004024b8                send_image_ws
 .text.osc_enable
                0x00402628       0x88 src/ASF/common/services/clock/sam4s/sysclk.o
 .text.osc_is_ready
                0x004026b0       0x70 src/ASF/common/services/clock/sam4s/sysclk.o
 .text.osc_get_rate
                0x00402720       0x74 src/ASF/common/services/clock/sam4s/sysclk.o
 .text.osc_wait_ready
                0x00402794       0x2c src/ASF/common/services/clock/sam4s/sysclk.o
 .text.pll_config_init
                0x004027c0       0x54 src/ASF/common/services/clock/sam4s/sysclk.o
 .text.pll_enable
                0x00402814       0x44 src/ASF/common/services/clock/sam4s/sysclk.o
 .text.pll_is_locked
                0x00402858       0x2c src/ASF/common/services/clock/sam4s/sysclk.o
 .text.pll_enable_source
                0x00402884       0x38 src/ASF/common/services/clock/sam4s/sysclk.o
 .text.pll_wait_for_lock
                0x004028bc       0x24 src/ASF/common/services/clock/sam4s/sysclk.o
 .text.sysclk_get_main_hz
                0x004028e0       0x1c src/ASF/common/services/clock/sam4s/sysclk.o
 .text.sysclk_get_cpu_hz
                0x004028fc       0x14 src/ASF/common/services/clock/sam4s/sysclk.o
 .text.sysclk_init
                0x00402910       0x70 src/ASF/common/services/clock/sam4s/sysclk.o
                0x00402910                sysclk_init
 .text.pio_pull_up
                0x00402980       0x2c src/ASF/sam/drivers/pio/pio.o
                0x00402980                pio_pull_up
 .text.pio_set_debounce_filter
                0x004029ac       0x38 src/ASF/sam/drivers/pio/pio.o
                0x004029ac                pio_set_debounce_filter
 .text.pio_set_peripheral
                0x004029e4      0x110 src/ASF/sam/drivers/pio/pio.o
                0x004029e4                pio_set_peripheral
 .text.pio_set_input
                0x00402af4       0x80 src/ASF/sam/drivers/pio/pio.o
                0x00402af4                pio_set_input
 .text.pio_set_output
                0x00402b74       0x64 src/ASF/sam/drivers/pio/pio.o
                0x00402b74                pio_set_output
 .text.pio_configure_interrupt
                0x00402bd8       0x6c src/ASF/sam/drivers/pio/pio.o
                0x00402bd8                pio_configure_interrupt
 .text.pio_enable_interrupt
                0x00402c44       0x1c src/ASF/sam/drivers/pio/pio.o
                0x00402c44                pio_enable_interrupt
 .text.pio_disable_interrupt
                0x00402c60       0x1c src/ASF/sam/drivers/pio/pio.o
                0x00402c60                pio_disable_interrupt
 .text.pio_get_interrupt_status
                0x00402c7c       0x18 src/ASF/sam/drivers/pio/pio.o
                0x00402c7c                pio_get_interrupt_status
 .text.pio_get_interrupt_mask
                0x00402c94       0x18 src/ASF/sam/drivers/pio/pio.o
                0x00402c94                pio_get_interrupt_mask
 .text.pio_configure_pin
                0x00402cac      0x1b0 src/ASF/sam/drivers/pio/pio.o
                0x00402cac                pio_configure_pin
 .text.pio_get_pin_group
                0x00402e5c       0x24 src/ASF/sam/drivers/pio/pio.o
                0x00402e5c                pio_get_pin_group
 .text.pio_capture_enable
                0x00402e80       0x2c src/ASF/sam/drivers/pio/pio.o
                0x00402e80                pio_capture_enable
 .text.pio_capture_disable
                0x00402eac       0x2c src/ASF/sam/drivers/pio/pio.o
                0x00402eac                pio_capture_disable
 .text.pmc_switch_mck_to_pllack
                0x00402ed8       0x80 src/ASF/sam/drivers/pmc/pmc.o
                0x00402ed8                pmc_switch_mck_to_pllack
 .text.pmc_switch_sclk_to_32kxtal
                0x00402f58       0x38 src/ASF/sam/drivers/pmc/pmc.o
                0x00402f58                pmc_switch_sclk_to_32kxtal
 .text.pmc_osc_is_ready_32kxtal
                0x00402f90       0x34 src/ASF/sam/drivers/pmc/pmc.o
                0x00402f90                pmc_osc_is_ready_32kxtal
 .text.pmc_switch_mainck_to_fastrc
                0x00402fc4       0x70 src/ASF/sam/drivers/pmc/pmc.o
                0x00402fc4                pmc_switch_mainck_to_fastrc
 .text.pmc_switch_mainck_to_xtal
                0x00403034       0x78 src/ASF/sam/drivers/pmc/pmc.o
                0x00403034                pmc_switch_mainck_to_xtal
 .text.pmc_osc_is_ready_mainck
                0x004030ac       0x18 src/ASF/sam/drivers/pmc/pmc.o
                0x004030ac                pmc_osc_is_ready_mainck
 .text.pmc_disable_pllack
                0x004030c4       0x18 src/ASF/sam/drivers/pmc/pmc.o
                0x004030c4                pmc_disable_pllack
 .text.pmc_is_locked_pllack
                0x004030dc       0x18 src/ASF/sam/drivers/pmc/pmc.o
                0x004030dc                pmc_is_locked_pllack
 .text.pmc_enable_pllbck
                0x004030f4       0x50 src/ASF/sam/drivers/pmc/pmc.o
                0x004030f4                pmc_enable_pllbck
 .text.pmc_disable_pllbck
                0x00403144       0x18 src/ASF/sam/drivers/pmc/pmc.o
                0x00403144                pmc_disable_pllbck
 .text.pmc_is_locked_pllbck
                0x0040315c       0x18 src/ASF/sam/drivers/pmc/pmc.o
                0x0040315c                pmc_is_locked_pllbck
 .text.pmc_enable_periph_clk
                0x00403174       0x80 src/ASF/sam/drivers/pmc/pmc.o
                0x00403174                pmc_enable_periph_clk
 .text.sysclk_enable_peripheral_clock
                0x004031f4       0x1c src/ASF/common/boards/user_board/init.o
 .text.ioport_init
                0x00403210       0x18 src/ASF/common/boards/user_board/init.o
 .text.ioport_set_pin_mode
                0x00403228      0x11c src/ASF/common/boards/user_board/init.o
 .text.ioport_set_pin_dir
                0x00403344       0x88 src/ASF/common/boards/user_board/init.o
 .text.ioport_set_pin_level
                0x004033cc       0x6c src/ASF/common/boards/user_board/init.o
 .text.board_init
                0x00403438      0x158 src/ASF/common/boards/user_board/init.o
                0x00403438                board_init
 .text.Reset_Handler
                0x00403590       0xc8 src/ASF/sam/utils/cmsis/sam4s/source/templates/gcc/startup_sam4s.o
                0x00403590                Reset_Handler
 .text.Dummy_Handler
                0x00403658        0x8 src/ASF/sam/utils/cmsis/sam4s/source/templates/gcc/startup_sam4s.o
                0x00403658                DACC_Handler
                0x00403658                DebugMon_Handler
                0x00403658                HardFault_Handler
                0x00403658                TC2_Handler
                0x00403658                SPI_Handler
                0x00403658                SysTick_Handler
                0x00403658                TWI1_Handler
                0x00403658                PendSV_Handler
                0x00403658                NMI_Handler
                0x00403658                ADC_Handler
                0x00403658                CRCCU_Handler
                0x00403658                RTT_Handler
                0x00403658                RTC_Handler
                0x00403658                UsageFault_Handler
                0x00403658                WDT_Handler
                0x00403658                TC1_Handler
                0x00403658                HSMCI_Handler
                0x00403658                UART1_Handler
                0x00403658                Dummy_Handler
                0x00403658                TWI0_Handler
                0x00403658                USART1_Handler
                0x00403658                EFC0_Handler
                0x00403658                ACC_Handler
                0x00403658                PMC_Handler
                0x00403658                PWM_Handler
                0x00403658                MemManage_Handler
                0x00403658                SUPC_Handler
                0x00403658                SVC_Handler
                0x00403658                UART0_Handler
                0x00403658                UDP_Handler
                0x00403658                BusFault_Handler
                0x00403658                RSTC_Handler
 .text.SystemCoreClockUpdate
                0x00403660      0x19c src/ASF/sam/utils/cmsis/sam4s/source/templates/system_sam4s.o
                0x00403660                SystemCoreClockUpdate
 .text.system_init_flash
                0x004037fc       0x94 src/ASF/sam/utils/cmsis/sam4s/source/templates/system_sam4s.o
                0x004037fc                system_init_flash
 .text._sbrk    0x00403890       0x58 src/ASF/sam/utils/syscalls/gcc/syscalls.o
                0x00403890                _sbrk
 .text.main     0x004038e8       0xb8 src/main.o
                0x004038e8                main
 .text          0x004039a0       0x30 c:/program files (x86)/atmel/studio/7.0/toolchain/arm/arm-gnu-toolchain/bin/../lib/gcc/arm-none-eabi/5.3.1/armv7e-m\libgcc.a(_aeabi_uldivmod.o)
                0x004039a0                __aeabi_uldivmod
 .text          0x004039d0      0x2e4 c:/program files (x86)/atmel/studio/7.0/toolchain/arm/arm-gnu-toolchain/bin/../lib/gcc/arm-none-eabi/5.3.1/armv7e-m\libgcc.a(_udivmoddi4.o)
                0x004039d0                __udivmoddi4
 .text          0x00403cb4        0x4 c:/program files (x86)/atmel/studio/7.0/toolchain/arm/arm-gnu-toolchain/bin/../lib/gcc/arm-none-eabi/5.3.1/armv7e-m\libgcc.a(_dvmd_tls.o)
                0x00403cb4                __aeabi_idiv0
                0x00403cb4                __aeabi_ldiv0
 .text.__libc_init_array
                0x00403cb8       0x50 c:/program files (x86)/atmel/studio/7.0/toolchain/arm/arm-gnu-toolchain/bin/../lib/gcc/arm-none-eabi/5.3.1/../../../../arm-none-eabi/lib/armv7e-m\libc.a(lib_a-init.o)
                0x00403cb8                __libc_init_array
 .text.memset   0x00403d08       0x9c c:/program files (x86)/atmel/studio/7.0/toolchain/arm/arm-gnu-toolchain/bin/../lib/gcc/arm-none-eabi/5.3.1/../../../../arm-none-eabi/lib/armv7e-m\libc.a(lib_a-memset.o)
                0x00403d08                memset
 .text.sprintf  0x00403da4       0x4c c:/program files (x86)/atmel/studio/7.0/toolchain/arm/arm-gnu-toolchain/bin/../lib/gcc/arm-none-eabi/5.3.1/../../../../arm-none-eabi/lib/armv7e-m\libc.a(lib_a-sprintf.o)
                0x00403da4                sprintf
 *fill*         0x00403df0       0x10 
 .text          0x00403e00       0xdc c:/program files (x86)/atmel/studio/7.0/toolchain/arm/arm-gnu-toolchain/bin/../lib/gcc/arm-none-eabi/5.3.1/../../../../arm-none-eabi/lib/armv7e-m\libc.a(lib_a-strlen.o)
                0x00403e00                strlen
 .text.critical_factorization
                0x00403edc       0xb8 c:/program files (x86)/atmel/studio/7.0/toolchain/arm/arm-gnu-toolchain/bin/../lib/gcc/arm-none-eabi/5.3.1/../../../../arm-none-eabi/lib/armv7e-m\libc.a(lib_a-strstr.o)
 .text.two_way_long_needle
                0x00403f94      0x200 c:/program files (x86)/atmel/studio/7.0/toolchain/arm/arm-gnu-toolchain/bin/../lib/gcc/arm-none-eabi/5.3.1/../../../../arm-none-eabi/lib/armv7e-m\libc.a(lib_a-strstr.o)
 .text.strstr   0x00404194      0x220 c:/program files (x86)/atmel/studio/7.0/toolchain/arm/arm-gnu-toolchain/bin/../lib/gcc/arm-none-eabi/5.3.1/../../../../arm-none-eabi/lib/armv7e-m\libc.a(lib_a-strstr.o)
                0x00404194                strstr
 .text._svfprintf_r
                0x004043b4     0x169c c:/program files (x86)/atmel/studio/7.0/toolchain/arm/arm-gnu-toolchain/bin/../lib/gcc/arm-none-eabi/5.3.1/../../../../arm-none-eabi/lib/armv7e-m\libc.a(lib_a-svfprintf.o)
                0x004043b4                _svfprintf_r
 .text.startup.register_fini
                0x00405a50       0x14 c:/program files (x86)/atmel/studio/7.0/toolchain/arm/arm-gnu-toolchain/bin/../lib/gcc/arm-none-eabi/5.3.1/../../../../arm-none-eabi/lib/armv7e-m\libc.a(lib_a-__call_atexit.o)
 .text.atexit   0x00405a64        0xc c:/program files (x86)/atmel/studio/7.0/toolchain/arm/arm-gnu-toolchain/bin/../lib/gcc/arm-none-eabi/5.3.1/../../../../arm-none-eabi/lib/armv7e-m\libc.a(lib_a-atexit.o)
                0x00405a64                atexit
 .text.quorem   0x00405a70      0x128 c:/program files (x86)/atmel/studio/7.0/toolchain/arm/arm-gnu-toolchain/bin/../lib/gcc/arm-none-eabi/5.3.1/../../../../arm-none-eabi/lib/armv7e-m\libc.a(lib_a-dtoa.o)
 .text._dtoa_r  0x00405b98      0xe58 c:/program files (x86)/atmel/studio/7.0/toolchain/arm/arm-gnu-toolchain/bin/../lib/gcc/arm-none-eabi/5.3.1/../../../../arm-none-eabi/lib/armv7e-m\libc.a(lib_a-dtoa.o)
                0x00405b98                _dtoa_r
 .text.__libc_fini_array
                0x004069f0       0x28 c:/program files (x86)/atmel/studio/7.0/toolchain/arm/arm-gnu-toolchain/bin/../lib/gcc/arm-none-eabi/5.3.1/../../../../arm-none-eabi/lib/armv7e-m\libc.a(lib_a-fini.o)
                0x004069f0                __libc_fini_array
 .text._malloc_trim_r
                0x00406a18       0x9c c:/program files (x86)/atmel/studio/7.0/toolchain/arm/arm-gnu-toolchain/bin/../lib/gcc/arm-none-eabi/5.3.1/../../../../arm-none-eabi/lib/armv7e-m\libc.a(lib_a-freer.o)
                0x00406a18                _malloc_trim_r
 .text._free_r  0x00406ab4      0x1d0 c:/program files (x86)/atmel/studio/7.0/toolchain/arm/arm-gnu-toolchain/bin/../lib/gcc/arm-none-eabi/5.3.1/../../../../arm-none-eabi/lib/armv7e-m\libc.a(lib_a-freer.o)
                0x00406ab4                _free_r
 .text._localeconv_r
                0x00406c84        0x8 c:/program files (x86)/atmel/studio/7.0/toolchain/arm/arm-gnu-toolchain/bin/../lib/gcc/arm-none-eabi/5.3.1/../../../../arm-none-eabi/lib/armv7e-m\libc.a(lib_a-locale.o)
                0x00406c84                _localeconv_r
 .text._malloc_r
                0x00406c8c      0x570 c:/program files (x86)/atmel/studio/7.0/toolchain/arm/arm-gnu-toolchain/bin/../lib/gcc/arm-none-eabi/5.3.1/../../../../arm-none-eabi/lib/armv7e-m\libc.a(lib_a-mallocr.o)
                0x00406c8c                _malloc_r
 *fill*         0x004071fc        0x4 
 .text          0x00407200       0xa0 c:/program files (x86)/atmel/studio/7.0/toolchain/arm/arm-gnu-toolchain/bin/../lib/gcc/arm-none-eabi/5.3.1/../../../../arm-none-eabi/lib/armv7e-m\libc.a(lib_a-memchr.o)
                0x00407200                memchr
 .text.memcmp   0x004072a0       0x64 c:/program files (x86)/atmel/studio/7.0/toolchain/arm/arm-gnu-toolchain/bin/../lib/gcc/arm-none-eabi/5.3.1/../../../../arm-none-eabi/lib/armv7e-m\libc.a(lib_a-memcmp.o)
                0x004072a0                memcmp
 .text          0x00407304      0x134 c:/program files (x86)/atmel/studio/7.0/toolchain/arm/arm-gnu-toolchain/bin/../lib/gcc/arm-none-eabi/5.3.1/../../../../arm-none-eabi/lib/armv7e-m\libc.a(lib_a-memcpy.o)
                0x00407304                memcpy
 .text.memmove  0x00407438       0xc8 c:/program files (x86)/atmel/studio/7.0/toolchain/arm/arm-gnu-toolchain/bin/../lib/gcc/arm-none-eabi/5.3.1/../../../../arm-none-eabi/lib/armv7e-m\libc.a(lib_a-memmove.o)
                0x00407438                memmove
 .text.__malloc_lock
                0x00407500        0x4 c:/program files (x86)/atmel/studio/7.0/toolchain/arm/arm-gnu-toolchain/bin/../lib/gcc/arm-none-eabi/5.3.1/../../../../arm-none-eabi/lib/armv7e-m\libc.a(lib_a-mlock.o)
                0x00407500                __malloc_lock
 .text.__malloc_unlock
                0x00407504        0x4 c:/program files (x86)/atmel/studio/7.0/toolchain/arm/arm-gnu-toolchain/bin/../lib/gcc/arm-none-eabi/5.3.1/../../../../arm-none-eabi/lib/armv7e-m\libc.a(lib_a-mlock.o)
                0x00407504                __malloc_unlock
 .text._Balloc  0x00407508       0x4c c:/program files (x86)/atmel/studio/7.0/toolchain/arm/arm-gnu-toolchain/bin/../lib/gcc/arm-none-eabi/5.3.1/../../../../arm-none-eabi/lib/armv7e-m\libc.a(lib_a-mprec.o)
                0x00407508                _Balloc
 .text._Bfree   0x00407554       0x14 c:/program files (x86)/atmel/studio/7.0/toolchain/arm/arm-gnu-toolchain/bin/../lib/gcc/arm-none-eabi/5.3.1/../../../../arm-none-eabi/lib/armv7e-m\libc.a(lib_a-mprec.o)
                0x00407554                _Bfree
 .text.__multadd
                0x00407568       0x80 c:/program files (x86)/atmel/studio/7.0/toolchain/arm/arm-gnu-toolchain/bin/../lib/gcc/arm-none-eabi/5.3.1/../../../../arm-none-eabi/lib/armv7e-m\libc.a(lib_a-mprec.o)
                0x00407568                __multadd
 .text.__hi0bits
                0x004075e8       0x40 c:/program files (x86)/atmel/studio/7.0/toolchain/arm/arm-gnu-toolchain/bin/../lib/gcc/arm-none-eabi/5.3.1/../../../../arm-none-eabi/lib/armv7e-m\libc.a(lib_a-mprec.o)
                0x004075e8                __hi0bits
 .text.__lo0bits
                0x00407628       0x5c c:/program files (x86)/atmel/studio/7.0/toolchain/arm/arm-gnu-toolchain/bin/../lib/gcc/arm-none-eabi/5.3.1/../../../../arm-none-eabi/lib/armv7e-m\libc.a(lib_a-mprec.o)
                0x00407628                __lo0bits
 .text.__i2b    0x00407684       0x14 c:/program files (x86)/atmel/studio/7.0/toolchain/arm/arm-gnu-toolchain/bin/../lib/gcc/arm-none-eabi/5.3.1/../../../../arm-none-eabi/lib/armv7e-m\libc.a(lib_a-mprec.o)
                0x00407684                __i2b
 .text.__multiply
                0x00407698      0x130 c:/program files (x86)/atmel/studio/7.0/toolchain/arm/arm-gnu-toolchain/bin/../lib/gcc/arm-none-eabi/5.3.1/../../../../arm-none-eabi/lib/armv7e-m\libc.a(lib_a-mprec.o)
                0x00407698                __multiply
 .text.__pow5mult
                0x004077c8       0xa0 c:/program files (x86)/atmel/studio/7.0/toolchain/arm/arm-gnu-toolchain/bin/../lib/gcc/arm-none-eabi/5.3.1/../../../../arm-none-eabi/lib/armv7e-m\libc.a(lib_a-mprec.o)
                0x004077c8                __pow5mult
 .text.__lshift
                0x00407868       0xb0 c:/program files (x86)/atmel/studio/7.0/toolchain/arm/arm-gnu-toolchain/bin/../lib/gcc/arm-none-eabi/5.3.1/../../../../arm-none-eabi/lib/armv7e-m\libc.a(lib_a-mprec.o)
                0x00407868                __lshift
 .text.__mcmp   0x00407918       0x40 c:/program files (x86)/atmel/studio/7.0/toolchain/arm/arm-gnu-toolchain/bin/../lib/gcc/arm-none-eabi/5.3.1/../../../../arm-none-eabi/lib/armv7e-m\libc.a(lib_a-mprec.o)
                0x00407918                __mcmp
 .text.__mdiff  0x00407958      0x114 c:/program files (x86)/atmel/studio/7.0/toolchain/arm/arm-gnu-toolchain/bin/../lib/gcc/arm-none-eabi/5.3.1/../../../../arm-none-eabi/lib/armv7e-m\libc.a(lib_a-mprec.o)
                0x00407958                __mdiff
 .text.__d2b    0x00407a6c       0xb8 c:/program files (x86)/atmel/studio/7.0/toolchain/arm/arm-gnu-toolchain/bin/../lib/gcc/arm-none-eabi/5.3.1/../../../../arm-none-eabi/lib/armv7e-m\libc.a(lib_a-mprec.o)
                0x00407a6c                __d2b
 .text._realloc_r
                0x00407b24      0x3e0 c:/program files (x86)/atmel/studio/7.0/toolchain/arm/arm-gnu-toolchain/bin/../lib/gcc/arm-none-eabi/5.3.1/../../../../arm-none-eabi/lib/armv7e-m\libc.a(lib_a-reallocr.o)
                0x00407b24                _realloc_r
 .text._sbrk_r  0x00407f04       0x24 c:/program files (x86)/atmel/studio/7.0/toolchain/arm/arm-gnu-toolchain/bin/../lib/gcc/arm-none-eabi/5.3.1/../../../../arm-none-eabi/lib/armv7e-m\libc.a(lib_a-sbrkr.o)
                0x00407f04                _sbrk_r
 .text.strchr   0x00407f28       0xd0 c:/program files (x86)/atmel/studio/7.0/toolchain/arm/arm-gnu-toolchain/bin/../lib/gcc/arm-none-eabi/5.3.1/../../../../arm-none-eabi/lib/armv7e-m\libc.a(lib_a-strchr.o)
                0x00407f28                strchr
 .text.__ssprint_r
                0x00407ff8      0x100 c:/program files (x86)/atmel/studio/7.0/toolchain/arm/arm-gnu-toolchain/bin/../lib/gcc/arm-none-eabi/5.3.1/../../../../arm-none-eabi/lib/armv7e-m\libc.a(lib_a-svfiprintf.o)
                0x00407ff8                __ssprint_r
 .text.__register_exitproc
                0x004080f8       0xa4 c:/program files (x86)/atmel/studio/7.0/toolchain/arm/arm-gnu-toolchain/bin/../lib/gcc/arm-none-eabi/5.3.1/../../../../arm-none-eabi/lib/armv7e-m\libc.a(lib_a-__atexit.o)
                0x004080f8                __register_exitproc
 .text._calloc_r
                0x0040819c       0x60 c:/program files (x86)/atmel/studio/7.0/toolchain/arm/arm-gnu-toolchain/bin/../lib/gcc/arm-none-eabi/5.3.1/../../../../arm-none-eabi/lib/armv7e-m\libc.a(lib_a-callocr.o)
                0x0040819c                _calloc_r
 .text          0x004081fc      0x370 c:/program files (x86)/atmel/studio/7.0/toolchain/arm/arm-gnu-toolchain/bin/../lib/gcc/arm-none-eabi/5.3.1/armv7e-m\libgcc.a(_arm_addsubdf3.o)
                0x004081fc                __aeabi_drsub
                0x00408204                __aeabi_dsub
                0x00408204                __subdf3
                0x00408208                __aeabi_dadd
                0x00408208                __adddf3
                0x00408480                __floatunsidf
                0x00408480                __aeabi_ui2d
                0x004084a0                __floatsidf
                0x004084a0                __aeabi_i2d
                0x004084c4                __aeabi_f2d
                0x004084c4                __extendsfdf2
                0x00408500                __floatundidf
                0x00408500                __aeabi_ul2d
                0x00408510                __floatdidf
                0x00408510                __aeabi_l2d
 .text          0x0040856c      0x424 c:/program files (x86)/atmel/studio/7.0/toolchain/arm/arm-gnu-toolchain/bin/../lib/gcc/arm-none-eabi/5.3.1/armv7e-m\libgcc.a(_arm_muldivdf3.o)
                0x0040856c                __aeabi_dmul
                0x0040856c                __muldf3
                0x004087c0                __divdf3
                0x004087c0                __aeabi_ddiv
 .text          0x00408990      0x110 c:/program files (x86)/atmel/studio/7.0/toolchain/arm/arm-gnu-toolchain/bin/../lib/gcc/arm-none-eabi/5.3.1/armv7e-m\libgcc.a(_arm_cmpdf2.o)
                0x00408990                __gtdf2
                0x00408990                __gedf2
                0x00408998                __ltdf2
                0x00408998                __ledf2
                0x004089a0                __nedf2
                0x004089a0                __eqdf2
                0x004089a0                __cmpdf2
                0x00408a1c                __aeabi_cdrcmple
                0x00408a2c                __aeabi_cdcmpeq
                0x00408a2c                __aeabi_cdcmple
                0x00408a3c                __aeabi_dcmpeq
                0x00408a50                __aeabi_dcmplt
                0x00408a64                __aeabi_dcmple
                0x00408a78                __aeabi_dcmpge
                0x00408a8c                __aeabi_dcmpgt
 .text          0x00408aa0       0x2c c:/program files (x86)/atmel/studio/7.0/toolchain/arm/arm-gnu-toolchain/bin/../lib/gcc/arm-none-eabi/5.3.1/armv7e-m\libgcc.a(_arm_unorddf2.o)
                0x00408aa0                __unorddf2
                0x00408aa0                __aeabi_dcmpun
 .text          0x00408acc       0x50 c:/program files (x86)/atmel/studio/7.0/toolchain/arm/arm-gnu-toolchain/bin/../lib/gcc/arm-none-eabi/5.3.1/armv7e-m\libgcc.a(_arm_fixdfsi.o)
                0x00408acc                __aeabi_d2iz
                0x00408acc                __fixdfsi
 *(.glue_7t)
 .glue_7t       0x00408b1c        0x0 linker stubs
 *(.glue_7)
 .glue_7        0x00408b1c        0x0 linker stubs
 *(.rodata .rodata* .gnu.linkonce.r.*)
 .rodata.OV2640_JPEG_INIT
                0x00408b1c      0x17e src/ov2640_table_registers.o
                0x00408b1c                OV2640_JPEG_INIT
 *fill*         0x00408c9a        0x2 
 .rodata.OV2640_YUV422
                0x00408c9c       0x14 src/ov2640_table_registers.o
                0x00408c9c                OV2640_YUV422
 .rodata.OV2640_JPEG
                0x00408cb0       0x12 src/ov2640_table_registers.o
                0x00408cb0                OV2640_JPEG
 *fill*         0x00408cc2        0x2 
 .rodata.OV2640_JPEG_320x240
                0x00408cc4       0x50 src/ov2640_table_registers.o
                0x00408cc4                OV2640_JPEG_320x240
 .rodata.OV2640_JPEG_640x480
                0x00408d14       0x52 src/ov2640_table_registers.o
                0x00408d14                OV2640_JPEG_640x480
 *fill*         0x00408d66        0x2 
 .rodata.OV2640_JPEG_800x600
                0x00408d68       0x52 src/ov2640_table_registers.o
                0x00408d68                OV2640_JPEG_800x600
 *fill*         0x00408dba        0x2 
 .rodata.OV2640_JPEG_1024x768
                0x00408dbc       0x4e src/ov2640_table_registers.o
                0x00408dbc                OV2640_JPEG_1024x768
 *fill*         0x00408e0a        0x2 
 .rodata.OV2640_JPEG_1280x1024
                0x00408e0c       0x52 src/ov2640_table_registers.o
                0x00408e0c                OV2640_JPEG_1280x1024
 *fill*         0x00408e5e        0x2 
 .rodata.OV2640_JPEG_1600x1200
                0x00408e60       0x52 src/ov2640_table_registers.o
                0x00408e60                OV2640_JPEG_1600x1200
 *fill*         0x00408eb2        0x2 
 .rodata.OV2640_QVGA_YUV422_10FPS
                0x00408eb4       0xf0 src/ov2640_table_registers.o
                0x00408eb4                OV2640_QVGA_YUV422_10FPS
 .rodata.OV2640_QVGA_YUV422_15FPS
                0x00408fa4       0xf0 src/ov2640_table_registers.o
                0x00408fa4                OV2640_QVGA_YUV422_15FPS
 .rodata.OV2640_QVGA_YUV422_20FPS
                0x00409094       0xf0 src/ov2640_table_registers.o
                0x00409094                OV2640_QVGA_YUV422_20FPS
 .rodata.OV2640_QVGA_YUV422_30FPS
                0x00409184       0xf0 src/ov2640_table_registers.o
                0x00409184                OV2640_QVGA_YUV422_30FPS
 .rodata.OV2640_QVGA_RGB888
                0x00409274       0xf4 src/ov2640_table_registers.o
                0x00409274                OV2640_QVGA_RGB888
 .rodata.OV2640_QQVGA_YUV422
                0x00409368       0xf4 src/ov2640_table_registers.o
                0x00409368                OV2640_QQVGA_YUV422
 .rodata.OV2640_QQVGA_RGB888
                0x0040945c       0xf4 src/ov2640_table_registers.o
                0x0040945c                OV2640_QQVGA_RGB888
 .rodata.OV2640_TEST_PATTERN
                0x00409550       0xf4 src/ov2640_table_registers.o
                0x00409550                OV2640_TEST_PATTERN
 .rodata.OV2640_VGA_YUV422_20FPS
                0x00409644       0xf0 src/ov2640_table_registers.o
                0x00409644                OV2640_VGA_YUV422_20FPS
 .rodata        0x00409734      0x270 src/wifi.o
 .rodata.str1.4
                0x004099a4        0x2 c:/program files (x86)/atmel/studio/7.0/toolchain/arm/arm-gnu-toolchain/bin/../lib/gcc/arm-none-eabi/5.3.1/../../../../arm-none-eabi/lib/armv7e-m\libc.a(lib_a-impure.o)
 *fill*         0x004099a6        0x2 
 .rodata._global_impure_ptr
                0x004099a8        0x4 c:/program files (x86)/atmel/studio/7.0/toolchain/arm/arm-gnu-toolchain/bin/../lib/gcc/arm-none-eabi/5.3.1/../../../../arm-none-eabi/lib/armv7e-m\libc.a(lib_a-impure.o)
                0x004099a8                _global_impure_ptr
 .rodata.zeroes.7035
                0x004099ac       0x10 c:/program files (x86)/atmel/studio/7.0/toolchain/arm/arm-gnu-toolchain/bin/../lib/gcc/arm-none-eabi/5.3.1/../../../../arm-none-eabi/lib/armv7e-m\libc.a(lib_a-svfprintf.o)
 .rodata.str1.4
                0x004099bc       0x42 c:/program files (x86)/atmel/studio/7.0/toolchain/arm/arm-gnu-toolchain/bin/../lib/gcc/arm-none-eabi/5.3.1/../../../../arm-none-eabi/lib/armv7e-m\libc.a(lib_a-svfprintf.o)
 *fill*         0x004099fe        0x2 
 .rodata.blanks.7034
                0x00409a00       0x10 c:/program files (x86)/atmel/studio/7.0/toolchain/arm/arm-gnu-toolchain/bin/../lib/gcc/arm-none-eabi/5.3.1/../../../../arm-none-eabi/lib/armv7e-m\libc.a(lib_a-svfprintf.o)
 .rodata.str1.4
                0x00409a10       0x10 c:/program files (x86)/atmel/studio/7.0/toolchain/arm/arm-gnu-toolchain/bin/../lib/gcc/arm-none-eabi/5.3.1/../../../../arm-none-eabi/lib/armv7e-m\libc.a(lib_a-dtoa.o)
                                 0x12 (size before relaxing)
 .rodata.str1.4
                0x00409a20        0xc c:/program files (x86)/atmel/studio/7.0/toolchain/arm/arm-gnu-toolchain/bin/../lib/gcc/arm-none-eabi/5.3.1/../../../../arm-none-eabi/lib/armv7e-m\libc.a(lib_a-locale.o)
                                 0x12 (size before relaxing)
 *fill*         0x00409a2c        0x4 
 .rodata.__mprec_tens
                0x00409a30       0xc8 c:/program files (x86)/atmel/studio/7.0/toolchain/arm/arm-gnu-toolchain/bin/../lib/gcc/arm-none-eabi/5.3.1/../../../../arm-none-eabi/lib/armv7e-m\libc.a(lib_a-mprec.o)
                0x00409a30                __mprec_tens
 .rodata.__mprec_bigtens
                0x00409af8       0x28 c:/program files (x86)/atmel/studio/7.0/toolchain/arm/arm-gnu-toolchain/bin/../lib/gcc/arm-none-eabi/5.3.1/../../../../arm-none-eabi/lib/armv7e-m\libc.a(lib_a-mprec.o)
                0x00409af8                __mprec_bigtens
 .rodata.p05.5373
                0x00409b20        0xc c:/program files (x86)/atmel/studio/7.0/toolchain/arm/arm-gnu-toolchain/bin/../lib/gcc/arm-none-eabi/5.3.1/../../../../arm-none-eabi/lib/armv7e-m\libc.a(lib_a-mprec.o)
 *(.ARM.extab* .gnu.linkonce.armextab.*)
                0x00409b2c                . = ALIGN (0x4)
 *(.init)
 .init          0x00409b2c        0x4 c:/program files (x86)/atmel/studio/7.0/toolchain/arm/arm-gnu-toolchain/bin/../lib/gcc/arm-none-eabi/5.3.1/armv7e-m/crti.o
                0x00409b2c                _init
 .init          0x00409b30        0x8 c:/program files (x86)/atmel/studio/7.0/toolchain/arm/arm-gnu-toolchain/bin/../lib/gcc/arm-none-eabi/5.3.1/armv7e-m/crtn.o
                0x00409b38                . = ALIGN (0x4)
                0x00409b38                __preinit_array_start = .
 *(.preinit_array)
                0x00409b38                __preinit_array_end = .
                0x00409b38                . = ALIGN (0x4)
                0x00409b38                __init_array_start = .
 *(SORT(.init_array.*))
 .init_array.00000
                0x00409b38        0x4 c:/program files (x86)/atmel/studio/7.0/toolchain/arm/arm-gnu-toolchain/bin/../lib/gcc/arm-none-eabi/5.3.1/../../../../arm-none-eabi/lib/armv7e-m\libc.a(lib_a-__call_atexit.o)
 *(.init_array)
 .init_array    0x00409b3c        0x4 c:/program files (x86)/atmel/studio/7.0/toolchain/arm/arm-gnu-toolchain/bin/../lib/gcc/arm-none-eabi/5.3.1/armv7e-m/crtbegin.o
                0x00409b40                __init_array_end = .
                0x00409b40                . = ALIGN (0x4)
 *crtbegin.o(.ctors)
 *(EXCLUDE_FILE(*crtend.o) .ctors)
 *(SORT(.ctors.*))
 *crtend.o(.ctors)
                0x00409b40                . = ALIGN (0x4)
 *(.fini)
 .fini          0x00409b40        0x4 c:/program files (x86)/atmel/studio/7.0/toolchain/arm/arm-gnu-toolchain/bin/../lib/gcc/arm-none-eabi/5.3.1/armv7e-m/crti.o
                0x00409b40                _fini
 .fini          0x00409b44        0x8 c:/program files (x86)/atmel/studio/7.0/toolchain/arm/arm-gnu-toolchain/bin/../lib/gcc/arm-none-eabi/5.3.1/armv7e-m/crtn.o
                0x00409b4c                . = ALIGN (0x4)
                0x00409b4c                __fini_array_start = .
 *(.fini_array)
 .fini_array    0x00409b4c        0x4 c:/program files (x86)/atmel/studio/7.0/toolchain/arm/arm-gnu-toolchain/bin/../lib/gcc/arm-none-eabi/5.3.1/armv7e-m/crtbegin.o
 *(SORT(.fini_array.*))
                0x00409b50                __fini_array_end = .
 *crtbegin.o(.dtors)
 *(EXCLUDE_FILE(*crtend.o) .dtors)
 *(SORT(.dtors.*))
 *crtend.o(.dtors)
                0x00409b50                . = ALIGN (0x4)
                0x00409b50                _efixed = .
                [!provide]                PROVIDE (__exidx_start, .)

.vfp11_veneer   0x00409b50        0x0
 .vfp11_veneer  0x00409b50        0x0 linker stubs

.v4_bx          0x00409b50        0x0
 .v4_bx         0x00409b50        0x0 linker stubs

.iplt           0x00409b50        0x0
 .iplt          0x00409b50        0x0 c:/program files (x86)/atmel/studio/7.0/toolchain/arm/arm-gnu-toolchain/bin/../lib/gcc/arm-none-eabi/5.3.1/armv7e-m/crtbegin.o

.ARM.exidx      0x00409b50        0x8
 *(.ARM.exidx* .gnu.linkonce.armexidx.*)
 .ARM.exidx     0x00409b50        0x8 c:/program files (x86)/atmel/studio/7.0/toolchain/arm/arm-gnu-toolchain/bin/../lib/gcc/arm-none-eabi/5.3.1/armv7e-m\libgcc.a(_udivmoddi4.o)
                [!provide]                PROVIDE (__exidx_end, .)

.eh_frame       0x00409b58        0x0
 .eh_frame      0x00409b58        0x0 c:/program files (x86)/atmel/studio/7.0/toolchain/arm/arm-gnu-toolchain/bin/../lib/gcc/arm-none-eabi/5.3.1/armv7e-m/crtbegin.o

.rel.dyn        0x00409b58        0x0
 .rel.iplt      0x00409b58        0x0 c:/program files (x86)/atmel/studio/7.0/toolchain/arm/arm-gnu-toolchain/bin/../lib/gcc/arm-none-eabi/5.3.1/armv7e-m/crtbegin.o

.jcr            0x00409b58        0x0
 .jcr           0x00409b58        0x0 c:/program files (x86)/atmel/studio/7.0/toolchain/arm/arm-gnu-toolchain/bin/../lib/gcc/arm-none-eabi/5.3.1/armv7e-m/crtbegin.o

.igot.plt       0x00409b58        0x0
 .igot.plt      0x00409b58        0x0 c:/program files (x86)/atmel/studio/7.0/toolchain/arm/arm-gnu-toolchain/bin/../lib/gcc/arm-none-eabi/5.3.1/armv7e-m/crtbegin.o
                0x00409b58                . = ALIGN (0x4)
                0x00409b58                _etext = .

.relocate       0x20000000      0x884 load address 0x00409b58
                0x20000000                . = ALIGN (0x4)
                0x20000000                _srelocate = .
 *(.ramfunc .ramfunc.*)
 .ramfunc       0x20000000        0xc src/ASF/common/services/delay/sam/cycle_counter.o
                0x20000000                portable_delay_cycles
 *(.data .data.*)
 .data.SystemCoreClock
                0x2000000c        0x4 src/ASF/sam/utils/cmsis/sam4s/source/templates/system_sam4s.o
                0x2000000c                SystemCoreClock
 .data.impure_data
                0x20000010      0x428 c:/program files (x86)/atmel/studio/7.0/toolchain/arm/arm-gnu-toolchain/bin/../lib/gcc/arm-none-eabi/5.3.1/../../../../arm-none-eabi/lib/armv7e-m\libc.a(lib_a-impure.o)
 .data._impure_ptr
                0x20000438        0x4 c:/program files (x86)/atmel/studio/7.0/toolchain/arm/arm-gnu-toolchain/bin/../lib/gcc/arm-none-eabi/5.3.1/../../../../arm-none-eabi/lib/armv7e-m\libc.a(lib_a-impure.o)
                0x20000438                _impure_ptr
 .data.lconv    0x2000043c       0x38 c:/program files (x86)/atmel/studio/7.0/toolchain/arm/arm-gnu-toolchain/bin/../lib/gcc/arm-none-eabi/5.3.1/../../../../arm-none-eabi/lib/armv7e-m\libc.a(lib_a-locale.o)
 .data.__malloc_av_
                0x20000474      0x408 c:/program files (x86)/atmel/studio/7.0/toolchain/arm/arm-gnu-toolchain/bin/../lib/gcc/arm-none-eabi/5.3.1/../../../../arm-none-eabi/lib/armv7e-m\libc.a(lib_a-mallocr.o)
                0x20000474                __malloc_av_
 .data.__malloc_trim_threshold
                0x2000087c        0x4 c:/program files (x86)/atmel/studio/7.0/toolchain/arm/arm-gnu-toolchain/bin/../lib/gcc/arm-none-eabi/5.3.1/../../../../arm-none-eabi/lib/armv7e-m\libc.a(lib_a-mallocr.o)
                0x2000087c                __malloc_trim_threshold
 .data.__malloc_sbrk_base
                0x20000880        0x4 c:/program files (x86)/atmel/studio/7.0/toolchain/arm/arm-gnu-toolchain/bin/../lib/gcc/arm-none-eabi/5.3.1/../../../../arm-none-eabi/lib/armv7e-m\libc.a(lib_a-mallocr.o)
                0x20000880                __malloc_sbrk_base
                0x20000884                . = ALIGN (0x4)
                0x20000884                _erelocate = .

.bss            0x20000884     0xce18 load address 0x0040a3dc
                0x20000884                . = ALIGN (0x4)
                0x20000884                _sbss = .
                0x20000884                _szero = .
 *(.bss .bss.*)
 .bss           0x20000884       0x1c c:/program files (x86)/atmel/studio/7.0/toolchain/arm/arm-gnu-toolchain/bin/../lib/gcc/arm-none-eabi/5.3.1/armv7e-m/crtbegin.o
 .bss.i2s_receive_index
                0x200008a0        0x4 src/microphone.o
                0x200008a0                i2s_receive_index
 .bss.i2s_rec_buf
                0x200008a4     0x7d00 src/microphone.o
                0x200008a4                i2s_rec_buf
 .bss.capture_toggle
                0x200085a4        0x1 src/microphone.o
                0x200085a4                capture_toggle
 *fill*         0x200085a5        0x3 
 .bss.gs_interrupt_sources
                0x200085a8       0x70 src/ASF/sam/drivers/pio/pio_handler.o
 .bss.gs_ul_nb_sources
                0x20008618        0x4 src/ASF/sam/drivers/pio/pio_handler.o
 .bss.pio_capture_handler
                0x2000861c        0x4 src/ASF/sam/drivers/pio/pio_handler.o
 .bss.ul_reg_val.7456
                0x20008620        0x4 src/ASF/sam/drivers/usart/usart.o
 .bss.vsync_rising_edge_flag
                0x20008624        0x4 src/camera.o
                0x20008624                vsync_rising_edge_flag
 .bss.image_dest_buffer_ptr
                0x20008628     0x4e20 src/camera.o
                0x20008628                image_dest_buffer_ptr
 .bss.start_of_image_ptr
                0x2000d448        0x4 src/camera.o
                0x2000d448                start_of_image_ptr
 .bss.data_recieved
                0x2000d44c        0x4 src/wifi.o
                0x2000d44c                data_recieved
 .bss.wifi_setup_flag
                0x2000d450        0x4 src/wifi.o
                0x2000d450                wifi_setup_flag
 .bss.received_byte_wifi
                0x2000d454        0x4 src/wifi.o
                0x2000d454                received_byte_wifi
 .bss.usart_buffer
                0x2000d458      0x1f4 src/wifi.o
                0x2000d458                usart_buffer
 .bss.usart_buffer_index
                0x2000d64c        0x4 src/wifi.o
                0x2000d64c                usart_buffer_index
 .bss.i2s_send_index
                0x2000d650        0x4 src/wifi.o
                0x2000d650                i2s_send_index
 .bss.ul_sysclk.9521
                0x2000d654        0x4 src/wifi.o
 .bss.heap.5287
                0x2000d658        0x4 src/ASF/sam/utils/syscalls/gcc/syscalls.o
 .bss.__malloc_max_total_mem
                0x2000d65c        0x4 c:/program files (x86)/atmel/studio/7.0/toolchain/arm/arm-gnu-toolchain/bin/../lib/gcc/arm-none-eabi/5.3.1/../../../../arm-none-eabi/lib/armv7e-m\libc.a(lib_a-mallocr.o)
                0x2000d65c                __malloc_max_total_mem
 .bss.__malloc_max_sbrked_mem
                0x2000d660        0x4 c:/program files (x86)/atmel/studio/7.0/toolchain/arm/arm-gnu-toolchain/bin/../lib/gcc/arm-none-eabi/5.3.1/../../../../arm-none-eabi/lib/armv7e-m\libc.a(lib_a-mallocr.o)
                0x2000d660                __malloc_max_sbrked_mem
 .bss.__malloc_top_pad
                0x2000d664        0x4 c:/program files (x86)/atmel/studio/7.0/toolchain/arm/arm-gnu-toolchain/bin/../lib/gcc/arm-none-eabi/5.3.1/../../../../arm-none-eabi/lib/armv7e-m\libc.a(lib_a-mallocr.o)
                0x2000d664                __malloc_top_pad
 .bss.__malloc_current_mallinfo
                0x2000d668       0x28 c:/program files (x86)/atmel/studio/7.0/toolchain/arm/arm-gnu-toolchain/bin/../lib/gcc/arm-none-eabi/5.3.1/../../../../arm-none-eabi/lib/armv7e-m\libc.a(lib_a-mallocr.o)
                0x2000d668                __malloc_current_mallinfo
 *(COMMON)
 COMMON         0x2000d690        0x1 src/timer_interface.o
                0x2000d690                counts
 *fill*         0x2000d691        0x3 
 COMMON         0x2000d694        0x4 src/ASF/sam/drivers/pio/pio.o
                0x2000d694                pio_capture_enable_flag
 COMMON         0x2000d698        0x4 c:/program files (x86)/atmel/studio/7.0/toolchain/arm/arm-gnu-toolchain/bin/../lib/gcc/arm-none-eabi/5.3.1/../../../../arm-none-eabi/lib/armv7e-m\libc.a(lib_a-reent.o)
                0x2000d698                errno
                0x2000d69c                . = ALIGN (0x4)
                0x2000d69c                _ebss = .
                0x2000d69c                _ezero = .

.stack          0x2000d69c     0x3004 load address 0x004171f4
                0x2000d6a0                . = ALIGN (0x8)
 *fill*         0x2000d69c        0x4 
                0x2000d6a0                _sstack = .
                0x200106a0                . = (. + __stack_size__)
 *fill*         0x2000d6a0     0x3000 
                0x200106a0                . = ALIGN (0x8)
                0x200106a0                _estack = .
                0x200106a0                . = ALIGN (0x4)
                0x200106a0                _end = .
OUTPUT(webcam.elf elf32-littlearm)

.ARM.attributes
                0x00000000       0x2a
 .ARM.attributes
                0x00000000       0x1e c:/program files (x86)/atmel/studio/7.0/toolchain/arm/arm-gnu-toolchain/bin/../lib/gcc/arm-none-eabi/5.3.1/armv7e-m/crti.o
 .ARM.attributes
                0x0000001e       0x2e c:/program files (x86)/atmel/studio/7.0/toolchain/arm/arm-gnu-toolchain/bin/../lib/gcc/arm-none-eabi/5.3.1/armv7e-m/crtbegin.o
 .ARM.attributes
                0x0000004c       0x33 src/ASF/sam/drivers/ssc/ssc.o
 .ARM.attributes
                0x0000007f       0x33 src/ASF/sam/drivers/tc/tc.o
 .ARM.attributes
                0x000000b2       0x33 src/ASF/sam/drivers/wdt/wdt.o
 .ARM.attributes
                0x000000e5       0x33 src/microphone.o
 .ARM.attributes
                0x00000118       0x33 src/ASF/common/services/delay/sam/cycle_counter.o
 .ARM.attributes
                0x0000014b       0x33 src/ASF/sam/drivers/pio/pio_handler.o
 .ARM.attributes
                0x0000017e       0x33 src/ASF/sam/drivers/twi/twi.o
 .ARM.attributes
                0x000001b1       0x33 src/ASF/sam/drivers/usart/usart.o
 .ARM.attributes
                0x000001e4       0x33 src/camera.o
 .ARM.attributes
                0x00000217       0x33 src/ov2640.o
 .ARM.attributes
                0x0000024a       0x33 src/ov2640_table_registers.o
 .ARM.attributes
                0x0000027d       0x33 src/timer_interface.o
 .ARM.attributes
                0x000002b0       0x33 src/wifi.o
 .ARM.attributes
                0x000002e3       0x33 src/ASF/common/services/clock/sam4s/sysclk.o
 .ARM.attributes
                0x00000316       0x33 src/ASF/sam/drivers/pio/pio.o
 .ARM.attributes
                0x00000349       0x33 src/ASF/sam/drivers/pmc/pmc.o
 .ARM.attributes
                0x0000037c       0x33 src/ASF/common/boards/user_board/init.o
 .ARM.attributes
                0x000003af       0x33 src/ASF/sam/utils/cmsis/sam4s/source/templates/gcc/startup_sam4s.o
 .ARM.attributes
                0x000003e2       0x33 src/ASF/sam/utils/cmsis/sam4s/source/templates/system_sam4s.o
 .ARM.attributes
                0x00000415       0x33 src/ASF/sam/utils/syscalls/gcc/syscalls.o
 .ARM.attributes
                0x00000448       0x33 src/main.o
 .ARM.attributes
                0x0000047b       0x1e c:/program files (x86)/atmel/studio/7.0/toolchain/arm/arm-gnu-toolchain/bin/../lib/gcc/arm-none-eabi/5.3.1/armv7e-m\libgcc.a(_aeabi_uldivmod.o)
 .ARM.attributes
                0x00000499       0x2e c:/program files (x86)/atmel/studio/7.0/toolchain/arm/arm-gnu-toolchain/bin/../lib/gcc/arm-none-eabi/5.3.1/armv7e-m\libgcc.a(_udivmoddi4.o)
 .ARM.attributes
                0x000004c7       0x1e c:/program files (x86)/atmel/studio/7.0/toolchain/arm/arm-gnu-toolchain/bin/../lib/gcc/arm-none-eabi/5.3.1/armv7e-m\libgcc.a(_dvmd_tls.o)
 .ARM.attributes
                0x000004e5       0x2e c:/program files (x86)/atmel/studio/7.0/toolchain/arm/arm-gnu-toolchain/bin/../lib/gcc/arm-none-eabi/5.3.1/../../../../arm-none-eabi/lib/armv7e-m\libc.a(lib_a-impure.o)
 .ARM.attributes
                0x00000513       0x2e c:/program files (x86)/atmel/studio/7.0/toolchain/arm/arm-gnu-toolchain/bin/../lib/gcc/arm-none-eabi/5.3.1/../../../../arm-none-eabi/lib/armv7e-m\libc.a(lib_a-init.o)
 .ARM.attributes
                0x00000541       0x2e c:/program files (x86)/atmel/studio/7.0/toolchain/arm/arm-gnu-toolchain/bin/../lib/gcc/arm-none-eabi/5.3.1/../../../../arm-none-eabi/lib/armv7e-m\libc.a(lib_a-memset.o)
 .ARM.attributes
                0x0000056f       0x2e c:/program files (x86)/atmel/studio/7.0/toolchain/arm/arm-gnu-toolchain/bin/../lib/gcc/arm-none-eabi/5.3.1/../../../../arm-none-eabi/lib/armv7e-m\libc.a(lib_a-sprintf.o)
 .ARM.attributes
                0x0000059d       0x1c c:/program files (x86)/atmel/studio/7.0/toolchain/arm/arm-gnu-toolchain/bin/../lib/gcc/arm-none-eabi/5.3.1/../../../../arm-none-eabi/lib/armv7e-m\libc.a(lib_a-strlen.o)
 .ARM.attributes
                0x000005b9       0x2e c:/program files (x86)/atmel/studio/7.0/toolchain/arm/arm-gnu-toolchain/bin/../lib/gcc/arm-none-eabi/5.3.1/../../../../arm-none-eabi/lib/armv7e-m\libc.a(lib_a-strstr.o)
 .ARM.attributes
                0x000005e7       0x2e c:/program files (x86)/atmel/studio/7.0/toolchain/arm/arm-gnu-toolchain/bin/../lib/gcc/arm-none-eabi/5.3.1/../../../../arm-none-eabi/lib/armv7e-m\libc.a(lib_a-svfprintf.o)
 .ARM.attributes
                0x00000615       0x2e c:/program files (x86)/atmel/studio/7.0/toolchain/arm/arm-gnu-toolchain/bin/../lib/gcc/arm-none-eabi/5.3.1/../../../../arm-none-eabi/lib/armv7e-m\libc.a(lib_a-__call_atexit.o)
 .ARM.attributes
                0x00000643       0x2e c:/program files (x86)/atmel/studio/7.0/toolchain/arm/arm-gnu-toolchain/bin/../lib/gcc/arm-none-eabi/5.3.1/../../../../arm-none-eabi/lib/armv7e-m\libc.a(lib_a-atexit.o)
 .ARM.attributes
                0x00000671       0x2e c:/program files (x86)/atmel/studio/7.0/toolchain/arm/arm-gnu-toolchain/bin/../lib/gcc/arm-none-eabi/5.3.1/../../../../arm-none-eabi/lib/armv7e-m\libc.a(lib_a-dtoa.o)
 .ARM.attributes
                0x0000069f       0x2e c:/program files (x86)/atmel/studio/7.0/toolchain/arm/arm-gnu-toolchain/bin/../lib/gcc/arm-none-eabi/5.3.1/../../../../arm-none-eabi/lib/armv7e-m\libc.a(lib_a-fini.o)
 .ARM.attributes
                0x000006cd       0x2e c:/program files (x86)/atmel/studio/7.0/toolchain/arm/arm-gnu-toolchain/bin/../lib/gcc/arm-none-eabi/5.3.1/../../../../arm-none-eabi/lib/armv7e-m\libc.a(lib_a-freer.o)
 .ARM.attributes
                0x000006fb       0x2e c:/program files (x86)/atmel/studio/7.0/toolchain/arm/arm-gnu-toolchain/bin/../lib/gcc/arm-none-eabi/5.3.1/../../../../arm-none-eabi/lib/armv7e-m\libc.a(lib_a-locale.o)
 .ARM.attributes
                0x00000729       0x2e c:/program files (x86)/atmel/studio/7.0/toolchain/arm/arm-gnu-toolchain/bin/../lib/gcc/arm-none-eabi/5.3.1/../../../../arm-none-eabi/lib/armv7e-m\libc.a(lib_a-mallocr.o)
 .ARM.attributes
                0x00000757       0x1c c:/program files (x86)/atmel/studio/7.0/toolchain/arm/arm-gnu-toolchain/bin/../lib/gcc/arm-none-eabi/5.3.1/../../../../arm-none-eabi/lib/armv7e-m\libc.a(lib_a-memchr.o)
 .ARM.attributes
                0x00000773       0x2e c:/program files (x86)/atmel/studio/7.0/toolchain/arm/arm-gnu-toolchain/bin/../lib/gcc/arm-none-eabi/5.3.1/../../../../arm-none-eabi/lib/armv7e-m\libc.a(lib_a-memcmp.o)
 .ARM.attributes
                0x000007a1       0x1c c:/program files (x86)/atmel/studio/7.0/toolchain/arm/arm-gnu-toolchain/bin/../lib/gcc/arm-none-eabi/5.3.1/../../../../arm-none-eabi/lib/armv7e-m\libc.a(lib_a-memcpy.o)
 .ARM.attributes
                0x000007bd       0x2e c:/program files (x86)/atmel/studio/7.0/toolchain/arm/arm-gnu-toolchain/bin/../lib/gcc/arm-none-eabi/5.3.1/../../../../arm-none-eabi/lib/armv7e-m\libc.a(lib_a-memmove.o)
 .ARM.attributes
                0x000007eb       0x2e c:/program files (x86)/atmel/studio/7.0/toolchain/arm/arm-gnu-toolchain/bin/../lib/gcc/arm-none-eabi/5.3.1/../../../../arm-none-eabi/lib/armv7e-m\libc.a(lib_a-mlock.o)
 .ARM.attributes
                0x00000819       0x2e c:/program files (x86)/atmel/studio/7.0/toolchain/arm/arm-gnu-toolchain/bin/../lib/gcc/arm-none-eabi/5.3.1/../../../../arm-none-eabi/lib/armv7e-m\libc.a(lib_a-mprec.o)
 .ARM.attributes
                0x00000847       0x2e c:/program files (x86)/atmel/studio/7.0/toolchain/arm/arm-gnu-toolchain/bin/../lib/gcc/arm-none-eabi/5.3.1/../../../../arm-none-eabi/lib/armv7e-m\libc.a(lib_a-reallocr.o)
 .ARM.attributes
                0x00000875       0x2e c:/program files (x86)/atmel/studio/7.0/toolchain/arm/arm-gnu-toolchain/bin/../lib/gcc/arm-none-eabi/5.3.1/../../../../arm-none-eabi/lib/armv7e-m\libc.a(lib_a-sbrkr.o)
 .ARM.attributes
                0x000008a3       0x2e c:/program files (x86)/atmel/studio/7.0/toolchain/arm/arm-gnu-toolchain/bin/../lib/gcc/arm-none-eabi/5.3.1/../../../../arm-none-eabi/lib/armv7e-m\libc.a(lib_a-strchr.o)
 .ARM.attributes
                0x000008d1       0x2e c:/program files (x86)/atmel/studio/7.0/toolchain/arm/arm-gnu-toolchain/bin/../lib/gcc/arm-none-eabi/5.3.1/../../../../arm-none-eabi/lib/armv7e-m\libc.a(lib_a-svfiprintf.o)
 .ARM.attributes
                0x000008ff       0x2e c:/program files (x86)/atmel/studio/7.0/toolchain/arm/arm-gnu-toolchain/bin/../lib/gcc/arm-none-eabi/5.3.1/../../../../arm-none-eabi/lib/armv7e-m\libc.a(lib_a-__atexit.o)
 .ARM.attributes
                0x0000092d       0x2e c:/program files (x86)/atmel/studio/7.0/toolchain/arm/arm-gnu-toolchain/bin/../lib/gcc/arm-none-eabi/5.3.1/../../../../arm-none-eabi/lib/armv7e-m\libc.a(lib_a-callocr.o)
 .ARM.attributes
                0x0000095b       0x2e c:/program files (x86)/atmel/studio/7.0/toolchain/arm/arm-gnu-toolchain/bin/../lib/gcc/arm-none-eabi/5.3.1/../../../../arm-none-eabi/lib/armv7e-m\libc.a(lib_a-reent.o)
 .ARM.attributes
                0x00000989       0x1e c:/program files (x86)/atmel/studio/7.0/toolchain/arm/arm-gnu-toolchain/bin/../lib/gcc/arm-none-eabi/5.3.1/armv7e-m\libgcc.a(_arm_addsubdf3.o)
 .ARM.attributes
                0x000009a7       0x1e c:/program files (x86)/atmel/studio/7.0/toolchain/arm/arm-gnu-toolchain/bin/../lib/gcc/arm-none-eabi/5.3.1/armv7e-m\libgcc.a(_arm_muldivdf3.o)
 .ARM.attributes
                0x000009c5       0x1e c:/program files (x86)/atmel/studio/7.0/toolchain/arm/arm-gnu-toolchain/bin/../lib/gcc/arm-none-eabi/5.3.1/armv7e-m\libgcc.a(_arm_cmpdf2.o)
 .ARM.attributes
                0x000009e3       0x1e c:/program files (x86)/atmel/studio/7.0/toolchain/arm/arm-gnu-toolchain/bin/../lib/gcc/arm-none-eabi/5.3.1/armv7e-m\libgcc.a(_arm_unorddf2.o)
 .ARM.attributes
                0x00000a01       0x1e c:/program files (x86)/atmel/studio/7.0/toolchain/arm/arm-gnu-toolchain/bin/../lib/gcc/arm-none-eabi/5.3.1/armv7e-m\libgcc.a(_arm_fixdfsi.o)
 .ARM.attributes
                0x00000a1f       0x1e c:/program files (x86)/atmel/studio/7.0/toolchain/arm/arm-gnu-toolchain/bin/../lib/gcc/arm-none-eabi/5.3.1/armv7e-m/crtn.o

.comment        0x00000000       0x59
 .comment       0x00000000       0x59 src/ASF/sam/drivers/ssc/ssc.o
                                 0x5a (size before relaxing)
 .comment       0x00000059       0x5a src/ASF/sam/drivers/tc/tc.o
 .comment       0x00000059       0x5a src/ASF/sam/drivers/wdt/wdt.o
 .comment       0x00000059       0x5a src/microphone.o
 .comment       0x00000059       0x5a src/ASF/common/services/delay/sam/cycle_counter.o
 .comment       0x00000059       0x5a src/ASF/sam/drivers/pio/pio_handler.o
 .comment       0x00000059       0x5a src/ASF/sam/drivers/twi/twi.o
 .comment       0x00000059       0x5a src/ASF/sam/drivers/usart/usart.o
 .comment       0x00000059       0x5a src/camera.o
 .comment       0x00000059       0x5a src/ov2640.o
 .comment       0x00000059       0x5a src/ov2640_table_registers.o
 .comment       0x00000059       0x5a src/timer_interface.o
 .comment       0x00000059       0x5a src/wifi.o
 .comment       0x00000059       0x5a src/ASF/common/services/clock/sam4s/sysclk.o
 .comment       0x00000059       0x5a src/ASF/sam/drivers/pio/pio.o
 .comment       0x00000059       0x5a src/ASF/sam/drivers/pmc/pmc.o
 .comment       0x00000059       0x5a src/ASF/common/boards/user_board/init.o
 .comment       0x00000059       0x5a src/ASF/sam/utils/cmsis/sam4s/source/templates/gcc/startup_sam4s.o
 .comment       0x00000059       0x5a src/ASF/sam/utils/cmsis/sam4s/source/templates/system_sam4s.o
 .comment       0x00000059       0x5a src/ASF/sam/utils/syscalls/gcc/syscalls.o
 .comment       0x00000059       0x5a src/main.o

.debug_info     0x00000000     0xe48f
 .debug_info    0x00000000      0xddd src/ASF/sam/drivers/ssc/ssc.o
 .debug_info    0x00000ddd      0x944 src/ASF/sam/drivers/tc/tc.o
 .debug_info    0x00001721      0x2d2 src/ASF/sam/drivers/wdt/wdt.o
 .debug_info    0x000019f3      0xa89 src/microphone.o
 .debug_info    0x0000247c      0x134 src/ASF/common/services/delay/sam/cycle_counter.o
 .debug_info    0x000025b0      0xddf src/ASF/sam/drivers/pio/pio_handler.o
 .debug_info    0x0000338f      0xa27 src/ASF/sam/drivers/twi/twi.o
 .debug_info    0x00003db6     0x14b2 src/ASF/sam/drivers/usart/usart.o
 .debug_info    0x00005268     0x135c src/camera.o
 .debug_info    0x000065c4     0x1100 src/ov2640.o
 .debug_info    0x000076c4      0x385 src/ov2640_table_registers.o
 .debug_info    0x00007a49      0x685 src/timer_interface.o
 .debug_info    0x000080ce     0x173e src/wifi.o
 .debug_info    0x0000980c      0x6bd src/ASF/common/services/clock/sam4s/sysclk.o
 .debug_info    0x00009ec9     0x1378 src/ASF/sam/drivers/pio/pio.o
 .debug_info    0x0000b241     0x10cf src/ASF/sam/drivers/pmc/pmc.o
 .debug_info    0x0000c310      0xd25 src/ASF/common/boards/user_board/init.o
 .debug_info    0x0000d035      0x696 src/ASF/sam/utils/cmsis/sam4s/source/templates/gcc/startup_sam4s.o
 .debug_info    0x0000d6cb      0x46d src/ASF/sam/utils/cmsis/sam4s/source/templates/system_sam4s.o
 .debug_info    0x0000db38      0x435 src/ASF/sam/utils/syscalls/gcc/syscalls.o
 .debug_info    0x0000df6d      0x522 src/main.o

.debug_abbrev   0x00000000     0x2499
 .debug_abbrev  0x00000000      0x197 src/ASF/sam/drivers/ssc/ssc.o
 .debug_abbrev  0x00000197      0x158 src/ASF/sam/drivers/tc/tc.o
 .debug_abbrev  0x000002ef      0x101 src/ASF/sam/drivers/wdt/wdt.o
 .debug_abbrev  0x000003f0      0x206 src/microphone.o
 .debug_abbrev  0x000005f6       0x9d src/ASF/common/services/delay/sam/cycle_counter.o
 .debug_abbrev  0x00000693      0x234 src/ASF/sam/drivers/pio/pio_handler.o
 .debug_abbrev  0x000008c7      0x1eb src/ASF/sam/drivers/twi/twi.o
 .debug_abbrev  0x00000ab2      0x214 src/ASF/sam/drivers/usart/usart.o
 .debug_abbrev  0x00000cc6      0x247 src/camera.o
 .debug_abbrev  0x00000f0d      0x254 src/ov2640.o
 .debug_abbrev  0x00001161       0xd4 src/ov2640_table_registers.o
 .debug_abbrev  0x00001235      0x1ad src/timer_interface.o
 .debug_abbrev  0x000013e2      0x38b src/wifi.o
 .debug_abbrev  0x0000176d      0x1e6 src/ASF/common/services/clock/sam4s/sysclk.o
 .debug_abbrev  0x00001953      0x1cf src/ASF/sam/drivers/pio/pio.o
 .debug_abbrev  0x00001b22      0x20d src/ASF/sam/drivers/pmc/pmc.o
 .debug_abbrev  0x00001d2f      0x2de src/ASF/common/boards/user_board/init.o
 .debug_abbrev  0x0000200d      0x15f src/ASF/sam/utils/cmsis/sam4s/source/templates/gcc/startup_sam4s.o
 .debug_abbrev  0x0000216c       0xf5 src/ASF/sam/utils/cmsis/sam4s/source/templates/system_sam4s.o
 .debug_abbrev  0x00002261      0x120 src/ASF/sam/utils/syscalls/gcc/syscalls.o
 .debug_abbrev  0x00002381      0x118 src/main.o

.debug_loc      0x00000000     0x84b6
 .debug_loc     0x00000000      0xd94 src/ASF/sam/drivers/ssc/ssc.o
 .debug_loc     0x00000d94      0x844 src/ASF/sam/drivers/tc/tc.o
 .debug_loc     0x000015d8      0x228 src/ASF/sam/drivers/wdt/wdt.o
 .debug_loc     0x00001800      0x34c src/microphone.o
 .debug_loc     0x00001b4c      0x364 src/ASF/sam/drivers/pio/pio_handler.o
 .debug_loc     0x00001eb0      0x7ac src/ASF/sam/drivers/twi/twi.o
 .debug_loc     0x0000265c     0x17d4 src/ASF/sam/drivers/usart/usart.o
 .debug_loc     0x00003e30      0x4d0 src/camera.o
 .debug_loc     0x00004300      0x5c4 src/ov2640.o
 .debug_loc     0x000048c4      0x1b0 src/timer_interface.o
 .debug_loc     0x00004a74      0x8d0 src/wifi.o
 .debug_loc     0x00005344      0x4ac src/ASF/common/services/clock/sam4s/sysclk.o
 .debug_loc     0x000057f0     0x1174 src/ASF/sam/drivers/pio/pio.o
 .debug_loc     0x00006964     0x1450 src/ASF/sam/drivers/pmc/pmc.o
 .debug_loc     0x00007db4      0x1bc src/ASF/common/boards/user_board/init.o
 .debug_loc     0x00007f70       0x64 src/ASF/sam/utils/cmsis/sam4s/source/templates/gcc/startup_sam4s.o
 .debug_loc     0x00007fd4       0xe4 src/ASF/sam/utils/cmsis/sam4s/source/templates/system_sam4s.o
 .debug_loc     0x000080b8      0x324 src/ASF/sam/utils/syscalls/gcc/syscalls.o
 .debug_loc     0x000083dc       0xda src/main.o

.debug_aranges  0x00000000      0xe88
 .debug_aranges
                0x00000000      0x148 src/ASF/sam/drivers/ssc/ssc.o
 .debug_aranges
                0x00000148       0xd0 src/ASF/sam/drivers/tc/tc.o
 .debug_aranges
                0x00000218       0x48 src/ASF/sam/drivers/wdt/wdt.o
 .debug_aranges
                0x00000260       0x70 src/microphone.o
 .debug_aranges
                0x000002d0       0x20 src/ASF/common/services/delay/sam/cycle_counter.o
 .debug_aranges
                0x000002f0       0x70 src/ASF/sam/drivers/pio/pio_handler.o
 .debug_aranges
                0x00000360       0xc8 src/ASF/sam/drivers/twi/twi.o
 .debug_aranges
                0x00000428      0x238 src/ASF/sam/drivers/usart/usart.o
 .debug_aranges
                0x00000660       0x98 src/camera.o
 .debug_aranges
                0x000006f8       0xb0 src/ov2640.o
 .debug_aranges
                0x000007a8       0x18 src/ov2640_table_registers.o
 .debug_aranges
                0x000007c0       0x48 src/timer_interface.o
 .debug_aranges
                0x00000808      0x108 src/wifi.o
 .debug_aranges
                0x00000910       0x98 src/ASF/common/services/clock/sam4s/sysclk.o
 .debug_aranges
                0x000009a8      0x1a8 src/ASF/sam/drivers/pio/pio.o
 .debug_aranges
                0x00000b50      0x208 src/ASF/sam/drivers/pmc/pmc.o
 .debug_aranges
                0x00000d58       0x48 src/ASF/common/boards/user_board/init.o
 .debug_aranges
                0x00000da0       0x28 src/ASF/sam/utils/cmsis/sam4s/source/templates/gcc/startup_sam4s.o
 .debug_aranges
                0x00000dc8       0x30 src/ASF/sam/utils/cmsis/sam4s/source/templates/system_sam4s.o
 .debug_aranges
                0x00000df8       0x60 src/ASF/sam/utils/syscalls/gcc/syscalls.o
 .debug_aranges
                0x00000e58       0x30 src/main.o

.debug_ranges   0x00000000      0xd90
 .debug_ranges  0x00000000      0x138 src/ASF/sam/drivers/ssc/ssc.o
 .debug_ranges  0x00000138       0xc0 src/ASF/sam/drivers/tc/tc.o
 .debug_ranges  0x000001f8       0x38 src/ASF/sam/drivers/wdt/wdt.o
 .debug_ranges  0x00000230       0x60 src/microphone.o
 .debug_ranges  0x00000290       0x10 src/ASF/common/services/delay/sam/cycle_counter.o
 .debug_ranges  0x000002a0       0x60 src/ASF/sam/drivers/pio/pio_handler.o
 .debug_ranges  0x00000300       0xb8 src/ASF/sam/drivers/twi/twi.o
 .debug_ranges  0x000003b8      0x228 src/ASF/sam/drivers/usart/usart.o
 .debug_ranges  0x000005e0       0x88 src/camera.o
 .debug_ranges  0x00000668       0xa0 src/ov2640.o
 .debug_ranges  0x00000708       0x38 src/timer_interface.o
 .debug_ranges  0x00000740      0x110 src/wifi.o
 .debug_ranges  0x00000850       0x88 src/ASF/common/services/clock/sam4s/sysclk.o
 .debug_ranges  0x000008d8      0x198 src/ASF/sam/drivers/pio/pio.o
 .debug_ranges  0x00000a70      0x1f8 src/ASF/sam/drivers/pmc/pmc.o
 .debug_ranges  0x00000c68       0x80 src/ASF/common/boards/user_board/init.o
 .debug_ranges  0x00000ce8       0x18 src/ASF/sam/utils/cmsis/sam4s/source/templates/gcc/startup_sam4s.o
 .debug_ranges  0x00000d00       0x20 src/ASF/sam/utils/cmsis/sam4s/source/templates/system_sam4s.o
 .debug_ranges  0x00000d20       0x50 src/ASF/sam/utils/syscalls/gcc/syscalls.o
 .debug_ranges  0x00000d70       0x20 src/main.o

.debug_macro    0x00000000     0x897d
 .debug_macro   0x00000000      0x4d3 src/ASF/sam/drivers/ssc/ssc.o
 .debug_macro   0x000004d3       0x4c src/ASF/sam/drivers/ssc/ssc.o
 .debug_macro   0x0000051f       0x8d src/ASF/sam/drivers/ssc/ssc.o
 .debug_macro   0x000005ac       0x4a src/ASF/sam/drivers/ssc/ssc.o
 .debug_macro   0x000005f6       0x10 src/ASF/sam/drivers/ssc/ssc.o
 .debug_macro   0x00000606       0x1c src/ASF/sam/drivers/ssc/ssc.o
 .debug_macro   0x00000622       0x4c src/ASF/sam/drivers/ssc/ssc.o
 .debug_macro   0x0000066e      0x4c9 src/ASF/sam/drivers/tc/tc.o
 .debug_macro   0x00000b37       0x16 src/ASF/sam/drivers/tc/tc.o
 .debug_macro   0x00000b4d      0x4d5 src/ASF/sam/drivers/wdt/wdt.o
 .debug_macro   0x00001022      0x698 src/microphone.o
 .debug_macro   0x000016ba      0x13f src/microphone.o
 .debug_macro   0x000017f9       0x34 src/microphone.o
 .debug_macro   0x0000182d      0x2bf src/microphone.o
 .debug_macro   0x00001aec       0x58 src/microphone.o
 .debug_macro   0x00001b44       0x82 src/microphone.o
 .debug_macro   0x00001bc6       0x46 src/microphone.o
 .debug_macro   0x00001c0c       0x90 src/microphone.o
 .debug_macro   0x00001c9c       0x28 src/microphone.o
 .debug_macro   0x00001cc4       0x23 src/microphone.o
 .debug_macro   0x00001ce7       0x94 src/microphone.o
 .debug_macro   0x00001d7b       0x40 src/microphone.o
 .debug_macro   0x00001dbb       0x88 src/microphone.o
 .debug_macro   0x00001e43       0x34 src/microphone.o
 .debug_macro   0x00001e77       0x52 src/microphone.o
 .debug_macro   0x00001ec9       0x4c src/microphone.o
 .debug_macro   0x00001f15       0x10 src/microphone.o
 .debug_macro   0x00001f25       0x16 src/microphone.o
 .debug_macro   0x00001f3b       0x1c src/microphone.o
 .debug_macro   0x00001f57       0x2e src/microphone.o
 .debug_macro   0x00001f85       0x10 src/microphone.o
 .debug_macro   0x00001f95       0x16 src/microphone.o
 .debug_macro   0x00001fab       0x94 src/microphone.o
 .debug_macro   0x0000203f      0x1e1 src/microphone.o
 .debug_macro   0x00002220       0x9a src/microphone.o
 .debug_macro   0x000022ba      0x4c2 src/ASF/common/services/delay/sam/cycle_counter.o
 .debug_macro   0x0000277c       0x22 src/ASF/common/services/delay/sam/cycle_counter.o
 .debug_macro   0x0000279e      0x4d2 src/ASF/sam/drivers/pio/pio_handler.o
 .debug_macro   0x00002c70       0x8e src/ASF/sam/drivers/pio/pio_handler.o
 .debug_macro   0x00002cfe      0x4ec src/ASF/sam/drivers/twi/twi.o
 .debug_macro   0x000031ea       0x46 src/ASF/sam/drivers/twi/twi.o
 .debug_macro   0x00003230      0x4f8 src/ASF/sam/drivers/usart/usart.o
 .debug_macro   0x00003728       0x28 src/ASF/sam/drivers/usart/usart.o
 .debug_macro   0x00003750      0x68e src/camera.o
 .debug_macro   0x00003dde       0xd0 src/camera.o
 .debug_macro   0x00003eae      0x401 src/camera.o
 .debug_macro   0x000042af      0x580 src/ov2640.o
 .debug_macro   0x0000482f      0x3fb src/ov2640.o
 .debug_macro   0x00004c2a      0x566 src/ov2640_table_registers.o
 .debug_macro   0x00005190      0x2b9 src/ov2640_table_registers.o
 .debug_macro   0x00005449      0x675 src/timer_interface.o
 .debug_macro   0x00005abe      0x6a2 src/wifi.o
 .debug_macro   0x00006160       0xd6 src/wifi.o
 .debug_macro   0x00006236      0x52d src/ASF/common/services/clock/sam4s/sysclk.o
 .debug_macro   0x00006763      0x4c8 src/ASF/sam/drivers/pio/pio.o
 .debug_macro   0x00006c2b      0x4c8 src/ASF/sam/drivers/pmc/pmc.o
 .debug_macro   0x000070f3       0x52 src/ASF/sam/drivers/pmc/pmc.o
 .debug_macro   0x00007145      0x6a8 src/ASF/common/boards/user_board/init.o
 .debug_macro   0x000077ed      0x2df src/ASF/sam/utils/cmsis/sam4s/source/templates/gcc/startup_sam4s.o
 .debug_macro   0x00007acc      0x2e7 src/ASF/sam/utils/cmsis/sam4s/source/templates/system_sam4s.o
 .debug_macro   0x00007db3      0x19c src/ASF/sam/utils/syscalls/gcc/syscalls.o
 .debug_macro   0x00007f4f       0x97 src/ASF/sam/utils/syscalls/gcc/syscalls.o
 .debug_macro   0x00007fe6       0xf6 src/ASF/sam/utils/syscalls/gcc/syscalls.o
 .debug_macro   0x000080dc       0x52 src/ASF/sam/utils/syscalls/gcc/syscalls.o
 .debug_macro   0x0000812e       0x16 src/ASF/sam/utils/syscalls/gcc/syscalls.o
 .debug_macro   0x00008144       0x10 src/ASF/sam/utils/syscalls/gcc/syscalls.o
 .debug_macro   0x00008154       0x41 src/ASF/sam/utils/syscalls/gcc/syscalls.o
 .debug_macro   0x00008195      0x122 src/ASF/sam/utils/syscalls/gcc/syscalls.o
 .debug_macro   0x000082b7      0x6b6 src/main.o
 .debug_macro   0x0000896d       0x10 src/main.o

.debug_line     0x00000000    0x10f4c
 .debug_line    0x00000000      0xd6b src/ASF/sam/drivers/ssc/ssc.o
 .debug_line    0x00000d6b      0xba1 src/ASF/sam/drivers/tc/tc.o
 .debug_line    0x0000190c      0xa4e src/ASF/sam/drivers/wdt/wdt.o
 .debug_line    0x0000235a      0xfcd src/microphone.o
 .debug_line    0x00003327      0xa02 src/ASF/common/services/delay/sam/cycle_counter.o
 .debug_line    0x00003d29      0xb03 src/ASF/sam/drivers/pio/pio_handler.o
 .debug_line    0x0000482c      0xc45 src/ASF/sam/drivers/twi/twi.o
 .debug_line    0x00005471      0xfd0 src/ASF/sam/drivers/usart/usart.o
 .debug_line    0x00006441     0x107e src/camera.o
 .debug_line    0x000074bf      0xe7c src/ov2640.o
 .debug_line    0x0000833b      0xbb0 src/ov2640_table_registers.o
 .debug_line    0x00008eeb      0xf54 src/timer_interface.o
 .debug_line    0x00009e3f     0x12ea src/wifi.o
 .debug_line    0x0000b129      0xc75 src/ASF/common/services/clock/sam4s/sysclk.o
 .debug_line    0x0000bd9e      0xe1b src/ASF/sam/drivers/pio/pio.o
 .debug_line    0x0000cbb9      0xff9 src/ASF/sam/drivers/pmc/pmc.o
 .debug_line    0x0000dbb2      0xffb src/ASF/common/boards/user_board/init.o
 .debug_line    0x0000ebad      0x819 src/ASF/sam/utils/cmsis/sam4s/source/templates/gcc/startup_sam4s.o
 .debug_line    0x0000f3c6      0x858 src/ASF/sam/utils/cmsis/sam4s/source/templates/system_sam4s.o
 .debug_line    0x0000fc1e      0x3da src/ASF/sam/utils/syscalls/gcc/syscalls.o
 .debug_line    0x0000fff8      0xf54 src/main.o

.debug_str      0x00000000    0x4fe73
 .debug_str     0x00000000    0x47329 src/ASF/sam/drivers/ssc/ssc.o
                              0x4767b (size before relaxing)
 .debug_str     0x00047329      0x369 src/ASF/sam/drivers/tc/tc.o
                              0x47246 (size before relaxing)
 .debug_str     0x00047692      0x135 src/ASF/sam/drivers/wdt/wdt.o
                              0x46fe2 (size before relaxing)
 .debug_str     0x000477c7     0x3879 src/microphone.o
                              0x4aaee (size before relaxing)
 .debug_str     0x0004b040       0x35 src/ASF/common/services/delay/sam/cycle_counter.o
                              0x4705b (size before relaxing)
 .debug_str     0x0004b075      0x3d9 src/ASF/sam/drivers/pio/pio_handler.o
                              0x4793a (size before relaxing)
 .debug_str     0x0004b44e      0x3cd src/ASF/sam/drivers/twi/twi.o
                              0x47426 (size before relaxing)
 .debug_str     0x0004b81b      0x8bd src/ASF/sam/drivers/usart/usart.o
                              0x478e0 (size before relaxing)
 .debug_str     0x0004c0d8     0x1a7e src/camera.o
                              0x4bd81 (size before relaxing)
 .debug_str     0x0004db56      0x33d src/ov2640.o
                              0x4acaa (size before relaxing)
 .debug_str     0x0004de93       0x20 src/ov2640_table_registers.o
                              0x4a4b4 (size before relaxing)
 .debug_str     0x0004deb3       0x66 src/timer_interface.o
                              0x49c07 (size before relaxing)
 .debug_str     0x0004df19      0x488 src/wifi.o
                              0x4b4ca (size before relaxing)
 .debug_str     0x0004e3a1      0x147 src/ASF/common/services/clock/sam4s/sysclk.o
                              0x48a5f (size before relaxing)
 .debug_str     0x0004e4e8      0x556 src/ASF/sam/drivers/pio/pio.o
                              0x47afb (size before relaxing)
 .debug_str     0x0004ea3e      0x6c9 src/ASF/sam/drivers/pmc/pmc.o
                              0x4794a (size before relaxing)
 .debug_str     0x0004f107       0xee src/ASF/common/boards/user_board/init.o
                              0x4ae63 (size before relaxing)
 .debug_str     0x0004f1f5      0x401 src/ASF/sam/utils/cmsis/sam4s/source/templates/gcc/startup_sam4s.o
                              0x381fd (size before relaxing)
 .debug_str     0x0004f5f6       0xf1 src/ASF/sam/utils/cmsis/sam4s/source/templates/system_sam4s.o
                              0x37fd3 (size before relaxing)
 .debug_str     0x0004f6e7      0x74e src/ASF/sam/utils/syscalls/gcc/syscalls.o
                               0x6a03 (size before relaxing)
 .debug_str     0x0004fe35       0x3e src/main.o
                              0x4bf6a (size before relaxing)

.debug_frame    0x00000000     0x4708
 .debug_frame   0x00000000      0x5f8 src/ASF/sam/drivers/ssc/ssc.o
 .debug_frame   0x000005f8      0x3a8 src/ASF/sam/drivers/tc/tc.o
 .debug_frame   0x000009a0      0x100 src/ASF/sam/drivers/wdt/wdt.o
 .debug_frame   0x00000aa0      0x1a4 src/microphone.o
 .debug_frame   0x00000c44       0x20 src/ASF/common/services/delay/sam/cycle_counter.o
 .debug_frame   0x00000c64      0x1a4 src/ASF/sam/drivers/pio/pio_handler.o
 .debug_frame   0x00000e08      0x36c src/ASF/sam/drivers/twi/twi.o
 .debug_frame   0x00001174      0xa7c src/ASF/sam/drivers/usart/usart.o
 .debug_frame   0x00001bf0      0x254 src/camera.o
 .debug_frame   0x00001e44      0x2c0 src/ov2640.o
 .debug_frame   0x00002104       0xe4 src/timer_interface.o
 .debug_frame   0x000021e8      0x484 src/wifi.o
 .debug_frame   0x0000266c      0x244 src/ASF/common/services/clock/sam4s/sysclk.o
 .debug_frame   0x000028b0      0x7c0 src/ASF/sam/drivers/pio/pio.o
 .debug_frame   0x00003070      0x918 src/ASF/sam/drivers/pmc/pmc.o
 .debug_frame   0x00003988       0xe4 src/ASF/common/boards/user_board/init.o
 .debug_frame   0x00003a6c       0x48 src/ASF/sam/utils/cmsis/sam4s/source/templates/gcc/startup_sam4s.o
 .debug_frame   0x00003ab4       0x78 src/ASF/sam/utils/cmsis/sam4s/source/templates/system_sam4s.o
 .debug_frame   0x00003b2c      0x170 src/ASF/sam/utils/syscalls/gcc/syscalls.o
 .debug_frame   0x00003c9c       0x78 src/main.o
 .debug_frame   0x00003d14       0x2c c:/program files (x86)/atmel/studio/7.0/toolchain/arm/arm-gnu-toolchain/bin/../lib/gcc/arm-none-eabi/5.3.1/armv7e-m\libgcc.a(_aeabi_uldivmod.o)
 .debug_frame   0x00003d40       0x34 c:/program files (x86)/atmel/studio/7.0/toolchain/arm/arm-gnu-toolchain/bin/../lib/gcc/arm-none-eabi/5.3.1/armv7e-m\libgcc.a(_udivmoddi4.o)
 .debug_frame   0x00003d74       0x2c c:/program files (x86)/atmel/studio/7.0/toolchain/arm/arm-gnu-toolchain/bin/../lib/gcc/arm-none-eabi/5.3.1/../../../../arm-none-eabi/lib/armv7e-m\libc.a(lib_a-init.o)
 .debug_frame   0x00003da0       0x34 c:/program files (x86)/atmel/studio/7.0/toolchain/arm/arm-gnu-toolchain/bin/../lib/gcc/arm-none-eabi/5.3.1/../../../../arm-none-eabi/lib/armv7e-m\libc.a(lib_a-memset.o)
 .debug_frame   0x00003dd4       0x84 c:/program files (x86)/atmel/studio/7.0/toolchain/arm/arm-gnu-toolchain/bin/../lib/gcc/arm-none-eabi/5.3.1/../../../../arm-none-eabi/lib/armv7e-m\libc.a(lib_a-sprintf.o)
 .debug_frame   0x00003e58       0xd8 c:/program files (x86)/atmel/studio/7.0/toolchain/arm/arm-gnu-toolchain/bin/../lib/gcc/arm-none-eabi/5.3.1/../../../../arm-none-eabi/lib/armv7e-m\libc.a(lib_a-strstr.o)
 .debug_frame   0x00003f30       0x44 c:/program files (x86)/atmel/studio/7.0/toolchain/arm/arm-gnu-toolchain/bin/../lib/gcc/arm-none-eabi/5.3.1/../../../../arm-none-eabi/lib/armv7e-m\libc.a(lib_a-svfprintf.o)
 .debug_frame   0x00003f74       0x50 c:/program files (x86)/atmel/studio/7.0/toolchain/arm/arm-gnu-toolchain/bin/../lib/gcc/arm-none-eabi/5.3.1/../../../../arm-none-eabi/lib/armv7e-m\libc.a(lib_a-__call_atexit.o)
 .debug_frame   0x00003fc4       0x20 c:/program files (x86)/atmel/studio/7.0/toolchain/arm/arm-gnu-toolchain/bin/../lib/gcc/arm-none-eabi/5.3.1/../../../../arm-none-eabi/lib/armv7e-m\libc.a(lib_a-atexit.o)
 .debug_frame   0x00003fe4       0x88 c:/program files (x86)/atmel/studio/7.0/toolchain/arm/arm-gnu-toolchain/bin/../lib/gcc/arm-none-eabi/5.3.1/../../../../arm-none-eabi/lib/armv7e-m\libc.a(lib_a-dtoa.o)
 .debug_frame   0x0000406c       0x34 c:/program files (x86)/atmel/studio/7.0/toolchain/arm/arm-gnu-toolchain/bin/../lib/gcc/arm-none-eabi/5.3.1/../../../../arm-none-eabi/lib/armv7e-m\libc.a(lib_a-fini.o)
 .debug_frame   0x000040a0       0x74 c:/program files (x86)/atmel/studio/7.0/toolchain/arm/arm-gnu-toolchain/bin/../lib/gcc/arm-none-eabi/5.3.1/../../../../arm-none-eabi/lib/armv7e-m\libc.a(lib_a-freer.o)
 .debug_frame   0x00004114       0x9c c:/program files (x86)/atmel/studio/7.0/toolchain/arm/arm-gnu-toolchain/bin/../lib/gcc/arm-none-eabi/5.3.1/../../../../arm-none-eabi/lib/armv7e-m\libc.a(lib_a-locale.o)
 .debug_frame   0x000041b0       0x58 c:/program files (x86)/atmel/studio/7.0/toolchain/arm/arm-gnu-toolchain/bin/../lib/gcc/arm-none-eabi/5.3.1/../../../../arm-none-eabi/lib/armv7e-m\libc.a(lib_a-mallocr.o)
 .debug_frame   0x00004208       0x38 c:/program files (x86)/atmel/studio/7.0/toolchain/arm/arm-gnu-toolchain/bin/../lib/gcc/arm-none-eabi/5.3.1/../../../../arm-none-eabi/lib/armv7e-m\libc.a(lib_a-memcmp.o)
 .debug_frame   0x00004240       0x30 c:/program files (x86)/atmel/studio/7.0/toolchain/arm/arm-gnu-toolchain/bin/../lib/gcc/arm-none-eabi/5.3.1/../../../../arm-none-eabi/lib/armv7e-m\libc.a(lib_a-memmove.o)
 .debug_frame   0x00004270       0x30 c:/program files (x86)/atmel/studio/7.0/toolchain/arm/arm-gnu-toolchain/bin/../lib/gcc/arm-none-eabi/5.3.1/../../../../arm-none-eabi/lib/armv7e-m\libc.a(lib_a-mlock.o)
 .debug_frame   0x000042a0      0x264 c:/program files (x86)/atmel/studio/7.0/toolchain/arm/arm-gnu-toolchain/bin/../lib/gcc/arm-none-eabi/5.3.1/../../../../arm-none-eabi/lib/armv7e-m\libc.a(lib_a-mprec.o)
 .debug_frame   0x00004504       0x60 c:/program files (x86)/atmel/studio/7.0/toolchain/arm/arm-gnu-toolchain/bin/../lib/gcc/arm-none-eabi/5.3.1/../../../../arm-none-eabi/lib/armv7e-m\libc.a(lib_a-reallocr.o)
 .debug_frame   0x00004564       0x2c c:/program files (x86)/atmel/studio/7.0/toolchain/arm/arm-gnu-toolchain/bin/../lib/gcc/arm-none-eabi/5.3.1/../../../../arm-none-eabi/lib/armv7e-m\libc.a(lib_a-sbrkr.o)
 .debug_frame   0x00004590       0x4c c:/program files (x86)/atmel/studio/7.0/toolchain/arm/arm-gnu-toolchain/bin/../lib/gcc/arm-none-eabi/5.3.1/../../../../arm-none-eabi/lib/armv7e-m\libc.a(lib_a-strchr.o)
 .debug_frame   0x000045dc       0x78 c:/program files (x86)/atmel/studio/7.0/toolchain/arm/arm-gnu-toolchain/bin/../lib/gcc/arm-none-eabi/5.3.1/../../../../arm-none-eabi/lib/armv7e-m\libc.a(lib_a-svfiprintf.o)
 .debug_frame   0x00004654       0x34 c:/program files (x86)/atmel/studio/7.0/toolchain/arm/arm-gnu-toolchain/bin/../lib/gcc/arm-none-eabi/5.3.1/../../../../arm-none-eabi/lib/armv7e-m\libc.a(lib_a-__atexit.o)
 .debug_frame   0x00004688       0x28 c:/program files (x86)/atmel/studio/7.0/toolchain/arm/arm-gnu-toolchain/bin/../lib/gcc/arm-none-eabi/5.3.1/../../../../arm-none-eabi/lib/armv7e-m\libc.a(lib_a-callocr.o)
 .debug_frame   0x000046b0       0x58 c:/program files (x86)/atmel/studio/7.0/toolchain/arm/arm-gnu-toolchain/bin/../lib/gcc/arm-none-eabi/5.3.1/../../../../arm-none-eabi/lib/armv7e-m\libc.a(lib_a-reent.o)

Cross Reference Table

Symbol                                            File
ACC_Handler                                       src/ASF/sam/utils/cmsis/sam4s/source/templates/gcc/startup_sam4s.o
ADC_Handler                                       src/ASF/sam/utils/cmsis/sam4s/source/templates/gcc/startup_sam4s.o
BusFault_Handler                                  src/ASF/sam/utils/cmsis/sam4s/source/templates/gcc/startup_sam4s.o
CRCCU_Handler                                     src/ASF/sam/utils/cmsis/sam4s/source/templates/gcc/startup_sam4s.o
DACC_Handler                                      src/ASF/sam/utils/cmsis/sam4s/source/templates/gcc/startup_sam4s.o
DebugMon_Handler                                  src/ASF/sam/utils/cmsis/sam4s/source/templates/gcc/startup_sam4s.o
Dummy_Handler                                     src/ASF/sam/utils/cmsis/sam4s/source/templates/gcc/startup_sam4s.o
EFC0_Handler                                      src/ASF/sam/utils/cmsis/sam4s/source/templates/gcc/startup_sam4s.o